Component: ARM Compiler 6.12 Tool: armlink [5d624300]

==============================================================================

Section Cross References

    startup_stm32f411xe.o(RESET) refers to startup_stm32f411xe.o(STACK) for __initial_sp
    startup_stm32f411xe.o(RESET) refers to startup_stm32f411xe.o(.text) for Reset_Handler
    startup_stm32f411xe.o(RESET) refers to lto-llvm-a44100.o(.text.NMI_Handler) for NMI_Handler
    startup_stm32f411xe.o(RESET) refers to lto-llvm-a44100.o(.text.HardFault_Handler) for HardFault_Handler
    startup_stm32f411xe.o(RESET) refers to lto-llvm-a44100.o(.text.MemManage_Handler) for MemManage_Handler
    startup_stm32f411xe.o(RESET) refers to lto-llvm-a44100.o(.text.BusFault_Handler) for BusFault_Handler
    startup_stm32f411xe.o(RESET) refers to lto-llvm-a44100.o(.text.UsageFault_Handler) for UsageFault_Handler
    startup_stm32f411xe.o(RESET) refers to lto-llvm-a44100.o(.text.SVC_Handler) for SVC_Handler
    startup_stm32f411xe.o(RESET) refers to lto-llvm-a44100.o(.text.DebugMon_Handler) for DebugMon_Handler
    startup_stm32f411xe.o(RESET) refers to lto-llvm-a44100.o(.text.PendSV_Handler) for PendSV_Handler
    startup_stm32f411xe.o(RESET) refers to lto-llvm-a44100.o(.text.SysTick_Handler) for SysTick_Handler
    startup_stm32f411xe.o(RESET) refers to lto-llvm-a44100.o(.text.EXTI0_IRQHandler) for EXTI0_IRQHandler
    startup_stm32f411xe.o(RESET) refers to lto-llvm-a44100.o(.text.DMA1_Stream0_IRQHandler) for DMA1_Stream0_IRQHandler
    startup_stm32f411xe.o(RESET) refers to lto-llvm-a44100.o(.text.DMA1_Stream1_IRQHandler) for DMA1_Stream1_IRQHandler
    startup_stm32f411xe.o(RESET) refers to lto-llvm-a44100.o(.text.DMA1_Stream5_IRQHandler) for DMA1_Stream5_IRQHandler
    startup_stm32f411xe.o(RESET) refers to lto-llvm-a44100.o(.text.DMA1_Stream6_IRQHandler) for DMA1_Stream6_IRQHandler
    startup_stm32f411xe.o(RESET) refers to lto-llvm-a44100.o(.text.TIM1_UP_TIM10_IRQHandler) for TIM1_UP_TIM10_IRQHandler
    startup_stm32f411xe.o(RESET) refers to lto-llvm-a44100.o(.text.TIM1_TRG_COM_TIM11_IRQHandler) for TIM1_TRG_COM_TIM11_IRQHandler
    startup_stm32f411xe.o(RESET) refers to lto-llvm-a44100.o(.text.I2C1_EV_IRQHandler) for I2C1_EV_IRQHandler
    startup_stm32f411xe.o(RESET) refers to lto-llvm-a44100.o(.text.USART1_IRQHandler) for USART1_IRQHandler
    startup_stm32f411xe.o(RESET) refers to lto-llvm-a44100.o(.text.USART2_IRQHandler) for USART2_IRQHandler
    startup_stm32f411xe.o(RESET) refers to lto-llvm-a44100.o(.text.DMA2_Stream2_IRQHandler) for DMA2_Stream2_IRQHandler
    startup_stm32f411xe.o(RESET) refers to lto-llvm-a44100.o(.text.OTG_FS_IRQHandler) for OTG_FS_IRQHandler
    startup_stm32f411xe.o(RESET) refers to lto-llvm-a44100.o(.text.DMA2_Stream7_IRQHandler) for DMA2_Stream7_IRQHandler
    startup_stm32f411xe.o(.text) refers to lto-llvm-a44100.o(.text.SystemInit) for SystemInit
    startup_stm32f411xe.o(.text) refers to entry.o(.ARM.Collect$$$$00000000) for __main
    entry.o(.ARM.Collect$$$$00000000) refers (Special) to entry10a.o(.ARM.Collect$$$$0000000D) for __rt_final_cpp
    entry.o(.ARM.Collect$$$$00000000) refers (Special) to entry11a.o(.ARM.Collect$$$$0000000F) for __rt_final_exit
    entry.o(.ARM.Collect$$$$00000000) refers (Special) to entry7b.o(.ARM.Collect$$$$00000008) for _main_clock
    entry.o(.ARM.Collect$$$$00000000) refers (Special) to entry8b.o(.ARM.Collect$$$$0000000A) for _main_cpp_init
    entry.o(.ARM.Collect$$$$00000000) refers (Special) to entry9a.o(.ARM.Collect$$$$0000000B) for _main_init
    entry.o(.ARM.Collect$$$$00000000) refers (Special) to entry5.o(.ARM.Collect$$$$00000004) for _main_scatterload
    entry.o(.ARM.Collect$$$$00000000) refers (Special) to entry2.o(.ARM.Collect$$$$00000001) for _main_stk
    entry2.o(.ARM.Collect$$$$00000001) refers to entry2.o(.ARM.Collect$$$$00002712) for __lit__00000000
    entry2.o(.ARM.Collect$$$$00002712) refers to startup_stm32f411xe.o(STACK) for __initial_sp
    entry2.o(__vectab_stack_and_reset_area) refers to startup_stm32f411xe.o(STACK) for __initial_sp
    entry2.o(__vectab_stack_and_reset_area) refers to entry.o(.ARM.Collect$$$$00000000) for __main
    entry5.o(.ARM.Collect$$$$00000004) refers to init.o(.text) for __scatterload
    entry9a.o(.ARM.Collect$$$$0000000B) refers to lto-llvm-a44100.o(.text.main) for main
    entry9b.o(.ARM.Collect$$$$0000000C) refers to lto-llvm-a44100.o(.text.main) for main
    init.o(.text) refers to entry5.o(.ARM.Collect$$$$00000004) for __main_after_scatterload
    lto-llvm-a44100.o(.text.SW_USBD_Init) refers to lto-llvm-a44100.o(.rodata.nscon_callbacks) for nscon_callbacks
    lto-llvm-a44100.o(.text.SW_USBD_Init) refers to lto-llvm-a44100.o(.bss.this_hpcd) for this_hpcd
    lto-llvm-a44100.o(.text.SW_USBD_Init) refers to lto-llvm-a44100.o(.bss.this_callbacks) for this_callbacks
    lto-llvm-a44100.o(.text.SW_USBD_Init) refers to lto-llvm-a44100.o(.bss.USBD_Connected) for USBD_Connected
[...]
    HAL_UART_RxCpltCallback                  0x080040b9   Thumb Code    22  lto-llvm-a44100.o(.text.HAL_UART_RxCpltCallback)
    [Anonymous Symbol]                       0x080040b8   Section        0  lto-llvm-a44100.o(.text.HAL_UART_RxCpltCallback)
    HAL_UART_RxHalfCpltCallback              0x080040d1   Thumb Code     8  lto-llvm-a44100.o(.text.HAL_UART_RxHalfCpltCallback)
    [Anonymous Symbol]                       0x080040d0   Section        0  lto-llvm-a44100.o(.text.HAL_UART_RxHalfCpltCallback)
    HAL_UART_TxCpltCallback                  0x080040d9   Thumb Code     8  lto-llvm-a44100.o(.text.HAL_UART_TxCpltCallback)
    [Anonymous Symbol]                       0x080040d8   Section        0  lto-llvm-a44100.o(.text.HAL_UART_TxCpltCallback)
    [Anonymous Symbol]                       0x080040e0   Section        0  lto-llvm-a44100.o(.text.HardFault_Handler)
    [Anonymous Symbol]                       0x080040e4   Section        0  lto-llvm-a44100.o(.text.I2C1_EV_IRQHandler)
    I2C_ConvertOtherXferOptions              0x080040f5   Thumb Code    52  lto-llvm-a44100.o(.text.I2C_ConvertOtherXferOptions)
    [Anonymous Symbol]                       0x080040f4   Section        0  lto-llvm-a44100.o(.text.I2C_ConvertOtherXferOptions)
    I2C_DMAAbort                             0x08004129   Thumb Code   248  lto-llvm-a44100.o(.text.I2C_DMAAbort)
    [Anonymous Symbol]                       0x08004128   Section        0  lto-llvm-a44100.o(.text.I2C_DMAAbort)
    I2C_ITError                              0x08004221   Thumb Code   610  lto-llvm-a44100.o(.text.I2C_ITError)
    [Anonymous Symbol]                       0x08004220   Section        0  lto-llvm-a44100.o(.text.I2C_ITError)
    I2C_MasterReceive_BTF                    0x08004485   Thumb Code   414  lto-llvm-a44100.o(.text.I2C_MasterReceive_BTF)
    [Anonymous Symbol]                       0x08004484   Section        0  lto-llvm-a44100.o(.text.I2C_MasterReceive_BTF)
    I2C_MasterReceive_RXNE                   0x08004625   Thumb Code   236  lto-llvm-a44100.o(.text.I2C_MasterReceive_RXNE)
    [Anonymous Symbol]                       0x08004624   Section        0  lto-llvm-a44100.o(.text.I2C_MasterReceive_RXNE)
    I2C_MasterTransmit_BTF                   0x08004711   Thumb Code   244  lto-llvm-a44100.o(.text.I2C_MasterTransmit_BTF)
    [Anonymous Symbol]                       0x08004710   Section        0  lto-llvm-a44100.o(.text.I2C_MasterTransmit_BTF)
    I2C_MasterTransmit_TXE                   0x08004805   Thumb Code   318  lto-llvm-a44100.o(.text.I2C_MasterTransmit_TXE)
    [Anonymous Symbol]                       0x08004804   Section        0  lto-llvm-a44100.o(.text.I2C_MasterTransmit_TXE)
    I2C_Master_ADD10                         0x08004945   Thumb Code    72  lto-llvm-a44100.o(.text.I2C_Master_ADD10)
    [Anonymous Symbol]                       0x08004944   Section        0  lto-llvm-a44100.o(.text.I2C_Master_ADD10)
    I2C_Master_ADDR                          0x0800498d   Thumb Code   830  lto-llvm-a44100.o(.text.I2C_Master_ADDR)
    [Anonymous Symbol]                       0x0800498c   Section        0  lto-llvm-a44100.o(.text.I2C_Master_ADDR)
    I2C_Master_SB                            0x08004ccd   Thumb Code   240  lto-llvm-a44100.o(.text.I2C_Master_SB)
    [Anonymous Symbol]                       0x08004ccc   Section        0  lto-llvm-a44100.o(.text.I2C_Master_SB)
    I2C_MemoryTransmit_TXE_BTF               0x08004dbd   Thumb Code   194  lto-llvm-a44100.o(.text.I2C_MemoryTransmit_TXE_BTF)
    [Anonymous Symbol]                       0x08004dbc   Section        0  lto-llvm-a44100.o(.text.I2C_MemoryTransmit_TXE_BTF)
    I2C_SlaveReceive_BTF                     0x08004e81   Thumb Code    46  lto-llvm-a44100.o(.text.I2C_SlaveReceive_BTF)
    [Anonymous Symbol]                       0x08004e80   Section        0  lto-llvm-a44100.o(.text.I2C_SlaveReceive_BTF)
    I2C_SlaveReceive_RXNE                    0x08004eb1   Thumb Code   110  lto-llvm-a44100.o(.text.I2C_SlaveReceive_RXNE)
    [Anonymous Symbol]                       0x08004eb0   Section        0  lto-llvm-a44100.o(.text.I2C_SlaveReceive_RXNE)
    I2C_SlaveTransmit_BTF                    0x08004f21   Thumb Code    44  lto-llvm-a44100.o(.text.I2C_SlaveTransmit_BTF)
    [Anonymous Symbol]                       0x08004f20   Section        0  lto-llvm-a44100.o(.text.I2C_SlaveTransmit_BTF)
    I2C_SlaveTransmit_TXE                    0x08004f4d   Thumb Code   108  lto-llvm-a44100.o(.text.I2C_SlaveTransmit_TXE)
    [Anonymous Symbol]                       0x08004f4c   Section        0  lto-llvm-a44100.o(.text.I2C_SlaveTransmit_TXE)
    I2C_Slave_ADDR                           0x08004fb9   Thumb Code   158  lto-llvm-a44100.o(.text.I2C_Slave_ADDR)
    [Anonymous Symbol]                       0x08004fb8   Section        0  lto-llvm-a44100.o(.text.I2C_Slave_ADDR)
    I2C_Slave_STOPF                          0x08005059   Thumb Code   586  lto-llvm-a44100.o(.text.I2C_Slave_STOPF)
    [Anonymous Symbol]                       0x08005058   Section        0  lto-llvm-a44100.o(.text.I2C_Slave_STOPF)
    MX_DMA_Init                              0x080052a5   Thumb Code   160  lto-llvm-a44100.o(.text.MX_DMA_Init)
    [Anonymous Symbol]                       0x080052a4   Section        0  lto-llvm-a44100.o(.text.MX_DMA_Init)
    MX_GPIO_Init                             0x08005345   Thumb Code   274  lto-llvm-a44100.o(.text.MX_GPIO_Init)
    [Anonymous Symbol]                       0x08005344   Section        0  lto-llvm-a44100.o(.text.MX_GPIO_Init)
    MX_I2C1_Init                             0x08005459   Thumb Code    66  lto-llvm-a44100.o(.text.MX_I2C1_Init)
    [Anonymous Symbol]                       0x08005458   Section        0  lto-llvm-a44100.o(.text.MX_I2C1_Init)
    MX_TIM10_Init                            0x0800549d   Thumb Code    58  lto-llvm-a44100.o(.text.MX_TIM10_Init)
    [Anonymous Symbol]                       0x0800549c   Section        0  lto-llvm-a44100.o(.text.MX_TIM10_Init)
    MX_TIM11_Init                            0x080054d9   Thumb Code    58  lto-llvm-a44100.o(.text.MX_TIM11_Init)
    [Anonymous Symbol]                       0x080054d8   Section        0  lto-llvm-a44100.o(.text.MX_TIM11_Init)
    MX_USART1_UART_Init                      0x08005515   Thumb Code    58  lto-llvm-a44100.o(.text.MX_USART1_UART_Init)
    [Anonymous Symbol]                       0x08005514   Section        0  lto-llvm-a44100.o(.text.MX_USART1_UART_Init)
    MX_USART2_UART_Init                      0x08005551   Thumb Code    58  lto-llvm-a44100.o(.text.MX_USART2_UART_Init)
    [Anonymous Symbol]                       0x08005550   Section        0  lto-llvm-a44100.o(.text.MX_USART2_UART_Init)
    MX_USB_OTG_FS_PCD_Init                   0x0800558d   Thumb Code    56  lto-llvm-a44100.o(.text.MX_USB_OTG_FS_PCD_Init)
    [Anonymous Symbol]                       0x0800558c   Section        0  lto-llvm-a44100.o(.text.MX_USB_OTG_FS_PCD_Init)
    [Anonymous Symbol]                       0x080055c4   Section        0  lto-llvm-a44100.o(.text.MemManage_Handler)
    [Anonymous Symbol]                       0x080055c8   Section        0  lto-llvm-a44100.o(.text.NMI_Handler)
    NVIC_EncodePriority                      0x080055d1   Thumb Code    98  lto-llvm-a44100.o(.text.NVIC_EncodePriority)
    [Anonymous Symbol]                       0x080055d0   Section        0  lto-llvm-a44100.o(.text.NVIC_EncodePriority)
    [Anonymous Symbol]                       0x08005634   Section        0  lto-llvm-a44100.o(.text.OTG_FS_IRQHandler)
    PCD_EP_OutSetupPacket_int                0x0800563d   Thumb Code   192  lto-llvm-a44100.o(.text.PCD_EP_OutSetupPacket_int)
    [Anonymous Symbol]                       0x0800563c   Section        0  lto-llvm-a44100.o(.text.PCD_EP_OutSetupPacket_int)
    PCD_EP_OutXfrComplete_int                0x080056fd   Thumb Code   462  lto-llvm-a44100.o(.text.PCD_EP_OutXfrComplete_int)
    [Anonymous Symbol]                       0x080056fc   Section        0  lto-llvm-a44100.o(.text.PCD_EP_OutXfrComplete_int)
    PCD_WriteEmptyTxFifo                     0x080058cd   Thumb Code   296  lto-llvm-a44100.o(.text.PCD_WriteEmptyTxFifo)
    [Anonymous Symbol]                       0x080058cc   Section        0  lto-llvm-a44100.o(.text.PCD_WriteEmptyTxFifo)
    [Anonymous Symbol]                       0x080059f4   Section        0  lto-llvm-a44100.o(.text.PendSV_Handler)
    [Anonymous Symbol]                       0x080059f8   Section        0  lto-llvm-a44100.o(.text.SVC_Handler)
    SW_USBD_Init                             0x080059fd   Thumb Code    90  lto-llvm-a44100.o(.text.SW_USBD_Init)
    [Anonymous Symbol]                       0x080059fc   Section        0  lto-llvm-a44100.o(.text.SW_USBD_Init)
    SW_USBD_Transfer                         0x08005a59   Thumb Code   200  lto-llvm-a44100.o(.text.SW_USBD_Transfer)
    [Anonymous Symbol]                       0x08005a58   Section        0  lto-llvm-a44100.o(.text.SW_USBD_Transfer)
    SysTick_Config                           0x08005b21   Thumb Code    82  lto-llvm-a44100.o(.text.SysTick_Config)
    [Anonymous Symbol]                       0x08005b20   Section        0  lto-llvm-a44100.o(.text.SysTick_Config)
    [Anonymous Symbol]                       0x08005b74   Section        0  lto-llvm-a44100.o(.text.SysTick_Handler)
    SystemClock_Config                       0x08005b7d   Thumb Code   186  lto-llvm-a44100.o(.text.SystemClock_Config)
    [Anonymous Symbol]                       0x08005b7c   Section        0  lto-llvm-a44100.o(.text.SystemClock_Config)
    [Anonymous Symbol]                       0x08005c38   Section        0  lto-llvm-a44100.o(.text.SystemInit)
    [Anonymous Symbol]                       0x08005c58   Section        0  lto-llvm-a44100.o(.text.TIM1_TRG_COM_TIM11_IRQHandler)
    [Anonymous Symbol]                       0x08005c68   Section        0  lto-llvm-a44100.o(.text.TIM1_UP_TIM10_IRQHandler)
    TIM_Base_SetConfig                       0x08005c79   Thumb Code   314  lto-llvm-a44100.o(.text.TIM_Base_SetConfig)
    [Anonymous Symbol]                       0x08005c78   Section        0  lto-llvm-a44100.o(.text.TIM_Base_SetConfig)
    UART_DMAAbortOnError                     0x08005db5   Thumb Code    32  lto-llvm-a44100.o(.text.UART_DMAAbortOnError)
    [Anonymous Symbol]                       0x08005db4   Section        0  lto-llvm-a44100.o(.text.UART_DMAAbortOnError)
    UART_DMAError                            0x08005dd5   Thumb Code   124  lto-llvm-a44100.o(.text.UART_DMAError)
    [Anonymous Symbol]                       0x08005dd4   Section        0  lto-llvm-a44100.o(.text.UART_DMAError)
    UART_DMAReceiveCplt                      0x08005e51   Thumb Code    88  lto-llvm-a44100.o(.text.UART_DMAReceiveCplt)
    [Anonymous Symbol]                       0x08005e50   Section        0  lto-llvm-a44100.o(.text.UART_DMAReceiveCplt)
    UART_DMARxHalfCplt                       0x08005ea9   Thumb Code    22  lto-llvm-a44100.o(.text.UART_DMARxHalfCplt)
    [Anonymous Symbol]                       0x08005ea8   Section        0  lto-llvm-a44100.o(.text.UART_DMARxHalfCplt)
    UART_EndRxTransfer                       0x08005ec1   Thumb Code    40  lto-llvm-a44100.o(.text.UART_EndRxTransfer)
    [Anonymous Symbol]                       0x08005ec0   Section        0  lto-llvm-a44100.o(.text.UART_EndRxTransfer)
    UART_EndTransmit_IT                      0x08005ee9   Thumb Code    36  lto-llvm-a44100.o(.text.UART_EndTransmit_IT)
    [Anonymous Symbol]                       0x08005ee8   Section        0  lto-llvm-a44100.o(.text.UART_EndTransmit_IT)
    UART_EndTxTransfer                       0x08005f0d   Thumb Code    28  lto-llvm-a44100.o(.text.UART_EndTxTransfer)
    [Anonymous Symbol]                       0x08005f0c   Section        0  lto-llvm-a44100.o(.text.UART_EndTxTransfer)
    UART_Receive_IT                          0x08005f29   Thumb Code   234  lto-llvm-a44100.o(.text.UART_Receive_IT)
    [Anonymous Symbol]                       0x08005f28   Section        0  lto-llvm-a44100.o(.text.UART_Receive_IT)
    UART_SetConfig                           0x08006015   Thumb Code   494  lto-llvm-a44100.o(.text.UART_SetConfig)
    [Anonymous Symbol]                       0x08006014   Section        0  lto-llvm-a44100.o(.text.UART_SetConfig)
    UART_Transmit_IT                         0x08006205   Thumb Code   156  lto-llvm-a44100.o(.text.UART_Transmit_IT)
    [Anonymous Symbol]                       0x08006204   Section        0  lto-llvm-a44100.o(.text.UART_Transmit_IT)
    [Anonymous Symbol]                       0x080062a0   Section        0  lto-llvm-a44100.o(.text.USART1_IRQHandler)
    [Anonymous Symbol]                       0x080062b0   Section        0  lto-llvm-a44100.o(.text.USART2_IRQHandler)
    USB_ActivateEndpoint                     0x080062c1   Thumb Code   222  lto-llvm-a44100.o(.text.USB_ActivateEndpoint)
    [Anonymous Symbol]                       0x080062c0   Section        0  lto-llvm-a44100.o(.text.USB_ActivateEndpoint)
    USB_ActivateSetup                        0x080063a1   Thumb Code    74  lto-llvm-a44100.o(.text.USB_ActivateSetup)
    [Anonymous Symbol]                       0x080063a0   Section        0  lto-llvm-a44100.o(.text.USB_ActivateSetup)
    USB_CoreInit                             0x080063ed   Thumb Code   246  lto-llvm-a44100.o(.text.USB_CoreInit)
    [Anonymous Symbol]                       0x080063ec   Section        0  lto-llvm-a44100.o(.text.USB_CoreInit)
    USB_CoreReset                            0x080064e5   Thumb Code   126  lto-llvm-a44100.o(.text.USB_CoreReset)
    [Anonymous Symbol]                       0x080064e4   Section        0  lto-llvm-a44100.o(.text.USB_CoreReset)
    USB_DevConnect                           0x08006565   Thumb Code    34  lto-llvm-a44100.o(.text.USB_DevConnect)
    [Anonymous Symbol]                       0x08006564   Section        0  lto-llvm-a44100.o(.text.USB_DevConnect)
    USB_DevDisconnect                        0x08006589   Thumb Code    34  lto-llvm-a44100.o(.text.USB_DevDisconnect)
    [Anonymous Symbol]                       0x08006588   Section        0  lto-llvm-a44100.o(.text.USB_DevDisconnect)
    USB_DevInit                              0x080065ad   Thumb Code   726  lto-llvm-a44100.o(.text.USB_DevInit)
    [Anonymous Symbol]                       0x080065ac   Section        0  lto-llvm-a44100.o(.text.USB_DevInit)
    USB_DisableGlobalInt                     0x08006885   Thumb Code    18  lto-llvm-a44100.o(.text.USB_DisableGlobalInt)
    [Anonymous Symbol]                       0x08006884   Section        0  lto-llvm-a44100.o(.text.USB_DisableGlobalInt)
    USB_EP0StartXfer                         0x08006899   Thumb Code   494  lto-llvm-a44100.o(.text.USB_EP0StartXfer)
    [Anonymous Symbol]                       0x08006898   Section        0  lto-llvm-a44100.o(.text.USB_EP0StartXfer)
    USB_EP0_OutStart                         0x08006a89   Thumb Code   154  lto-llvm-a44100.o(.text.USB_EP0_OutStart)
    [Anonymous Symbol]                       0x08006a88   Section        0  lto-llvm-a44100.o(.text.USB_EP0_OutStart)
    USB_EPSetStall                           0x08006b25   Thumb Code   166  lto-llvm-a44100.o(.text.USB_EPSetStall)
    [Anonymous Symbol]                       0x08006b24   Section        0  lto-llvm-a44100.o(.text.USB_EPSetStall)
    USB_EPStartXfer                          0x08006bcd   Thumb Code   862  lto-llvm-a44100.o(.text.USB_EPStartXfer)
    [Anonymous Symbol]                       0x08006bcc   Section        0  lto-llvm-a44100.o(.text.USB_EPStartXfer)
    USB_EnableGlobalInt                      0x08006f2d   Thumb Code    18  lto-llvm-a44100.o(.text.USB_EnableGlobalInt)
    [Anonymous Symbol]                       0x08006f2c   Section        0  lto-llvm-a44100.o(.text.USB_EnableGlobalInt)
    USB_FlushRxFifo                          0x08006f41   Thumb Code    76  lto-llvm-a44100.o(.text.USB_FlushRxFifo)
    [Anonymous Symbol]                       0x08006f40   Section        0  lto-llvm-a44100.o(.text.USB_FlushRxFifo)
    USB_FlushTxFifo                          0x08006f8d   Thumb Code    84  lto-llvm-a44100.o(.text.USB_FlushTxFifo)
    [Anonymous Symbol]                       0x08006f8c   Section        0  lto-llvm-a44100.o(.text.USB_FlushTxFifo)
    USB_GetDevSpeed                          0x08006fe1   Thumb Code    76  lto-llvm-a44100.o(.text.USB_GetDevSpeed)
    [Anonymous Symbol]                       0x08006fe0   Section        0  lto-llvm-a44100.o(.text.USB_GetDevSpeed)
    USB_GetMode                              0x0800702d   Thumb Code    16  lto-llvm-a44100.o(.text.USB_GetMode)
    [Anonymous Symbol]                       0x0800702c   Section        0  lto-llvm-a44100.o(.text.USB_GetMode)
    USB_ReadDevAllInEpInterrupt              0x0800703d   Thumb Code    36  lto-llvm-a44100.o(.text.USB_ReadDevAllInEpInterrupt)
    [Anonymous Symbol]                       0x0800703c   Section        0  lto-llvm-a44100.o(.text.USB_ReadDevAllInEpInterrupt)
    USB_ReadDevAllOutEpInterrupt             0x08007061   Thumb Code    36  lto-llvm-a44100.o(.text.USB_ReadDevAllOutEpInterrupt)
    [Anonymous Symbol]                       0x08007060   Section        0  lto-llvm-a44100.o(.text.USB_ReadDevAllOutEpInterrupt)
    USB_ReadDevInEPInterrupt                 0x08007085   Thumb Code    78  lto-llvm-a44100.o(.text.USB_ReadDevInEPInterrupt)
    [Anonymous Symbol]                       0x08007084   Section        0  lto-llvm-a44100.o(.text.USB_ReadDevInEPInterrupt)
    USB_ReadDevOutEPInterrupt                0x080070d5   Thumb Code    46  lto-llvm-a44100.o(.text.USB_ReadDevOutEPInterrupt)
    [Anonymous Symbol]                       0x080070d4   Section        0  lto-llvm-a44100.o(.text.USB_ReadDevOutEPInterrupt)
    USB_ReadInterrupts                       0x08007105   Thumb Code    26  lto-llvm-a44100.o(.text.USB_ReadInterrupts)
    [Anonymous Symbol]                       0x08007104   Section        0  lto-llvm-a44100.o(.text.USB_ReadInterrupts)
    USB_ReadPacket                           0x08007121   Thumb Code    76  lto-llvm-a44100.o(.text.USB_ReadPacket)
    [Anonymous Symbol]                       0x08007120   Section        0  lto-llvm-a44100.o(.text.USB_ReadPacket)
    USB_SetCurrentMode                       0x0800716d   Thumb Code    92  lto-llvm-a44100.o(.text.USB_SetCurrentMode)
    [Anonymous Symbol]                       0x0800716c   Section        0  lto-llvm-a44100.o(.text.USB_SetCurrentMode)
    USB_SetDevAddress                        0x080071c9   Thumb Code    52  lto-llvm-a44100.o(.text.USB_SetDevAddress)
    [Anonymous Symbol]                       0x080071c8   Section        0  lto-llvm-a44100.o(.text.USB_SetDevAddress)
    USB_SetDevSpeed                          0x080071fd   Thumb Code    32  lto-llvm-a44100.o(.text.USB_SetDevSpeed)
    [Anonymous Symbol]                       0x080071fc   Section        0  lto-llvm-a44100.o(.text.USB_SetDevSpeed)
    USB_SetTurnaroundTime                    0x0800721d   Thumb Code   440  lto-llvm-a44100.o(.text.USB_SetTurnaroundTime)
    [Anonymous Symbol]                       0x0800721c   Section        0  lto-llvm-a44100.o(.text.USB_SetTurnaroundTime)
    USB_WritePacket                          0x080073d5   Thumb Code   106  lto-llvm-a44100.o(.text.USB_WritePacket)
    [Anonymous Symbol]                       0x080073d4   Section        0  lto-llvm-a44100.o(.text.USB_WritePacket)
    [Anonymous Symbol]                       0x08007440   Section        0  lto-llvm-a44100.o(.text.UsageFault_Handler)
    __NVIC_EnableIRQ                         0x08007445   Thumb Code    50  lto-llvm-a44100.o(.text.__NVIC_EnableIRQ)
    [Anonymous Symbol]                       0x08007444   Section        0  lto-llvm-a44100.o(.text.__NVIC_EnableIRQ)
    __NVIC_GetPriorityGrouping               0x08007479   Thumb Code    16  lto-llvm-a44100.o(.text.__NVIC_GetPriorityGrouping)
    [Anonymous Symbol]                       0x08007478   Section        0  lto-llvm-a44100.o(.text.__NVIC_GetPriorityGrouping)
    __NVIC_SetPriority                       0x08007489   Thumb Code    66  lto-llvm-a44100.o(.text.__NVIC_SetPriority)
    [Anonymous Symbol]                       0x08007488   Section        0  lto-llvm-a44100.o(.text.__NVIC_SetPriority)
    __NVIC_SetPriorityGrouping               0x080074cd   Thumb Code    60  lto-llvm-a44100.o(.text.__NVIC_SetPriorityGrouping)
    [Anonymous Symbol]                       0x080074cc   Section        0  lto-llvm-a44100.o(.text.__NVIC_SetPriorityGrouping)
    [Anonymous Symbol]                       0x08007508   Section        0  lto-llvm-a44100.o(.text.main)
    nscon_Connected                          0x08007549   Thumb Code   144  lto-llvm-a44100.o(.text.nscon_Connected)
    [Anonymous Symbol]                       0x08007548   Section        0  lto-llvm-a44100.o(.text.nscon_Connected)
    nscon_DataIn                             0x080075d9   Thumb Code    90  lto-llvm-a44100.o(.text.nscon_DataIn)
    [Anonymous Symbol]                       0x080075d8   Section        0  lto-llvm-a44100.o(.text.nscon_DataIn)
    nscon_DataOut                            0x08007635   Thumb Code  1064  lto-llvm-a44100.o(.text.nscon_DataOut)
    [Anonymous Symbol]                       0x08007634   Section        0  lto-llvm-a44100.o(.text.nscon_DataOut)
    nscon_Get_Desc                           0x08007a5d   Thumb Code   180  lto-llvm-a44100.o(.text.nscon_Get_Desc)
    [Anonymous Symbol]                       0x08007a5c   Section        0  lto-llvm-a44100.o(.text.nscon_Get_Desc)
    nscon_Nonstnadard_Setup                  0x08007b11   Thumb Code   106  lto-llvm-a44100.o(.text.nscon_Nonstnadard_Setup)
    [Anonymous Symbol]                       0x08007b10   Section        0  lto-llvm-a44100.o(.text.nscon_Nonstnadard_Setup)
    nscon_copy_report                        0x08007b7d   Thumb Code   156  lto-llvm-a44100.o(.text.nscon_copy_report)
    [Anonymous Symbol]                       0x08007b7c   Section        0  lto-llvm-a44100.o(.text.nscon_copy_report)
    nscon_init                               0x08007c19   Thumb Code   136  lto-llvm-a44100.o(.text.nscon_init)
    [Anonymous Symbol]                       0x08007c18   Section        0  lto-llvm-a44100.o(.text.nscon_init)
    nscon_seq_timmer_callback                0x08007ca1   Thumb Code   130  lto-llvm-a44100.o(.text.nscon_seq_timmer_callback)
    [Anonymous Symbol]                       0x08007ca0   Section        0  lto-llvm-a44100.o(.text.nscon_seq_timmer_callback)
    steamcon_mouse_edge_drift                0x08007d25   Thumb Code   108  lto-llvm-a44100.o(.text.steamcon_mouse_edge_drift)
    [Anonymous Symbol]                       0x08007d24   Section        0  lto-llvm-a44100.o(.text.steamcon_mouse_edge_drift)
    steamcon_mouse_smoother                  0x08007d91   Thumb Code   310  lto-llvm-a44100.o(.text.steamcon_mouse_smoother)
    [Anonymous Symbol]                       0x08007d90   Section        0  lto-llvm-a44100.o(.text.steamcon_mouse_smoother)
    steamcon_pad_to_mouse                    0x08007ec9   Thumb Code   100  lto-llvm-a44100.o(.text.steamcon_pad_to_mouse)
    [Anonymous Symbol]                       0x08007ec8   Section        0  lto-llvm-a44100.o(.text.steamcon_pad_to_mouse)
    steamtons                                0x08007f2d   Thumb Code  1402  lto-llvm-a44100.o(.text.steamtons)
    [Anonymous Symbol]                       0x08007f2c   Section        0  lto-llvm-a44100.o(.text.steamtons)
    i.__scatterload_copy                     0x080084a6   Section       14  handlers.o(i.__scatterload_copy)
    i.__scatterload_null                     0x080084b4   Section        2  handlers.o(i.__scatterload_null)
    i.__scatterload_zeroinit                 0x080084b6   Section       14  handlers.o(i.__scatterload_zeroinit)
    HAL_PCD_SetupStageCallback.conf_num      0x080084c4   Data           1  lto-llvm-a44100.o(.rodata.HAL_PCD_SetupStageCallback.conf_num)
    [Anonymous Symbol]                       0x080084c4   Section        0  lto-llvm-a44100.o(.rodata.HAL_PCD_SetupStageCallback.conf_num)
    AHBPrescTable                            0x080084c5   Data          16  lto-llvm-a44100.o(.rodata.cst16)
    DMA_CalcBaseAndBitshift.flagBitshiftOffset 0x080084d5   Data           8  lto-llvm-a44100.o(.rodata.cst8)
    APBPrescTable                            0x080084dd   Data           8  lto-llvm-a44100.o(.rodata.cst8)
    nscon_DataOut.nscon_init_8003            0x080084e5   Data           2  lto-llvm-a44100.o(.rodata.nscon_DataOut.nscon_init_8003)
    [Anonymous Symbol]                       0x080084e5   Section        0  lto-llvm-a44100.o(.rodata.nscon_DataOut.nscon_init_8003)
    nscon_DataOut.nscon_init_8008            0x080084e7   Data           2  lto-llvm-a44100.o(.rodata.nscon_DataOut.nscon_init_8008)
    [Anonymous Symbol]                       0x080084e7   Section        0  lto-llvm-a44100.o(.rodata.nscon_DataOut.nscon_init_8008)
    nscon_DataOut.nscon_init_8030            0x080084e9   Data           2  lto-llvm-a44100.o(.rodata.nscon_DataOut.nscon_init_8030)
    [Anonymous Symbol]                       0x080084e9   Section        0  lto-llvm-a44100.o(.rodata.nscon_DataOut.nscon_init_8030)
    nscon_DataOut.nscon_init_8040            0x080084eb   Data           2  lto-llvm-a44100.o(.rodata.nscon_DataOut.nscon_init_8040)
    [Anonymous Symbol]                       0x080084eb   Section        0  lto-llvm-a44100.o(.rodata.nscon_DataOut.nscon_init_8040)
    nscon_DataOut.nscon_init_8048            0x080084ed   Data           2  lto-llvm-a44100.o(.rodata.nscon_DataOut.nscon_init_8048)
    [Anonymous Symbol]                       0x080084ed   Section        0  lto-llvm-a44100.o(.rodata.nscon_DataOut.nscon_init_8048)
    nscon_DataOut.nscon_init_810102          0x080084ef   Data          19  lto-llvm-a44100.o(.rodata.nscon_DataOut.nscon_init_810102)
    [Anonymous Symbol]                       0x080084ef   Section        0  lto-llvm-a44100.o(.rodata.nscon_DataOut.nscon_init_810102)
    nscon_DataOut.nscon_init_810103          0x08008502   Data           3  lto-llvm-a44100.o(.rodata.nscon_DataOut.nscon_init_810103)
    [Anonymous Symbol]                       0x08008502   Section        0  lto-llvm-a44100.o(.rodata.nscon_DataOut.nscon_init_810103)
    nscon_DataOut.nscon_init_8304            0x08008505   Data           2  lto-llvm-a44100.o(.rodata.nscon_DataOut.nscon_init_8304)
    [Anonymous Symbol]                       0x08008505   Section        0  lto-llvm-a44100.o(.rodata.nscon_DataOut.nscon_init_8304)
    nscon_DataOut.nscon_init_901000          0x08008507   Data          23  lto-llvm-a44100.o(.rodata.nscon_DataOut.nscon_init_901000)
    [Anonymous Symbol]                       0x08008507   Section        0  lto-llvm-a44100.o(.rodata.nscon_DataOut.nscon_init_901000)
    nscon_DataOut.nscon_init_901010          0x0800851e   Data          31  lto-llvm-a44100.o(.rodata.nscon_DataOut.nscon_init_901010)
    [Anonymous Symbol]                       0x0800851e   Section        0  lto-llvm-a44100.o(.rodata.nscon_DataOut.nscon_init_901010)
    nscon_DataOut.nscon_init_90103d          0x0800853d   Data          32  lto-llvm-a44100.o(.rodata.nscon_DataOut.nscon_init_90103d)
    [Anonymous Symbol]                       0x0800853d   Section        0  lto-llvm-a44100.o(.rodata.nscon_DataOut.nscon_init_90103d)
    nscon_DataOut.nscon_init_901050          0x0800855d   Data          19  lto-llvm-a44100.o(.rodata.nscon_DataOut.nscon_init_901050)
    [Anonymous Symbol]                       0x0800855d   Section        0  lto-llvm-a44100.o(.rodata.nscon_DataOut.nscon_init_901050)
    nscon_DataOut.nscon_init_901080          0x08008570   Data          31  lto-llvm-a44100.o(.rodata.nscon_DataOut.nscon_init_901080)
    [Anonymous Symbol]                       0x08008570   Section        0  lto-llvm-a44100.o(.rodata.nscon_DataOut.nscon_init_901080)
    nscon_DataOut.nscon_init_901098          0x0800858f   Data          25  lto-llvm-a44100.o(.rodata.nscon_DataOut.nscon_init_901098)
    [Anonymous Symbol]                       0x0800858f   Section        0  lto-llvm-a44100.o(.rodata.nscon_DataOut.nscon_init_901098)
    nscon_DataOut.nscon_init_a021            0x080085a8   Data          36  lto-llvm-a44100.o(.rodata.nscon_DataOut.nscon_init_a021)
    [Anonymous Symbol]                       0x080085a8   Section        0  lto-llvm-a44100.o(.rodata.nscon_DataOut.nscon_init_a021)
    nscon_callbacks                          0x080085cc   Data          20  lto-llvm-a44100.o(.rodata.nscon_callbacks)
    [Anonymous Symbol]                       0x080085cc   Section        0  lto-llvm-a44100.o(.rodata.nscon_callbacks)
    nscon_config_desc                        0x080085e0   Data          41  lto-llvm-a44100.o(.rodata.nscon_config_desc)
    [Anonymous Symbol]                       0x080085e0   Section        0  lto-llvm-a44100.o(.rodata.nscon_config_desc)
    nscon_device_desc                        0x0800860c   Data          18  lto-llvm-a44100.o(.rodata.nscon_device_desc)
    [Anonymous Symbol]                       0x0800860c   Section        0  lto-llvm-a44100.o(.rodata.nscon_device_desc)
    nscon_hid_desc                           0x08008620   Data         203  lto-llvm-a44100.o(.rodata.nscon_hid_desc)
    [Anonymous Symbol]                       0x08008620   Section        0  lto-llvm-a44100.o(.rodata.nscon_hid_desc)
    nscon_lang_desc                          0x080086ec   Data           4  lto-llvm-a44100.o(.rodata.nscon_lang_desc)
    [Anonymous Symbol]                       0x080086ec   Section        0  lto-llvm-a44100.o(.rodata.nscon_lang_desc)
    nscon_mfr_str                            0x080086f0   Data          38  lto-llvm-a44100.o(.rodata.nscon_mfr_str)
    [Anonymous Symbol]                       0x080086f0   Section        0  lto-llvm-a44100.o(.rodata.nscon_mfr_str)
    nscon_pdt_str                            0x08008718   Data          30  lto-llvm-a44100.o(.rodata.nscon_pdt_str)
    [Anonymous Symbol]                       0x08008718   Section        0  lto-llvm-a44100.o(.rodata.nscon_pdt_str)
    nscon_serial_str                         0x08008738   Data          26  lto-llvm-a44100.o(.rodata.nscon_serial_str)
    [Anonymous Symbol]                       0x08008738   Section        0  lto-llvm-a44100.o(.rodata.nscon_serial_str)
    SystemCoreClock                          0x20000000   Data           4  lto-llvm-a44100.o(.data.SystemCoreClock)
    [Anonymous Symbol]                       0x20000000   Section        0  lto-llvm-a44100.o(.data.SystemCoreClock)
    ns                                       0x20000004   Data          65  lto-llvm-a44100.o(.data.ns)
    [Anonymous Symbol]                       0x20000004   Section        0  lto-llvm-a44100.o(.data.ns)
    nscon_DataOut.nscon_init_810101          0x20000045   Data          33  lto-llvm-a44100.o(.data.nscon_DataOut.nscon_init_810101)
    [Anonymous Symbol]                       0x20000045   Section        0  lto-llvm-a44100.o(.data.nscon_DataOut.nscon_init_810101)
    nscon_DataOut.nscon_init_8202            0x20000066   Data          14  lto-llvm-a44100.o(.data.nscon_DataOut.nscon_init_8202)
    [Anonymous Symbol]                       0x20000066   Section        0  lto-llvm-a44100.o(.data.nscon_DataOut.nscon_init_8202)
    nscon_DataOut.nscon_init_901020          0x20000074   Data          31  lto-llvm-a44100.o(.data.nscon_DataOut.nscon_init_901020)
    [Anonymous Symbol]                       0x20000074   Section        0  lto-llvm-a44100.o(.data.nscon_DataOut.nscon_init_901020)
    report                                   0x20000094   Data          65  lto-llvm-a44100.o(.data.report)
    [Anonymous Symbol]                       0x20000094   Section        0  lto-llvm-a44100.o(.data.report)
    uwTickPrio                               0x200000d8   Data           4  lto-llvm-a44100.o(.data.uwTickPrio)
    [Anonymous Symbol]                       0x200000d8   Section        0  lto-llvm-a44100.o(.data.uwTickPrio)
    CRdata                                   0x200000e0   Data          12  lto-llvm-a44100.o(.bss.CRdata)
    [Anonymous Symbol]                       0x200000e0   Section        0  lto-llvm-a44100.o(.bss.CRdata)
    HAL_PCD_SetupStageCallback.retval        0x200000ec   Data           2  lto-llvm-a44100.o(.bss.HAL_PCD_SetupStageCallback.retval)
    [Anonymous Symbol]                       0x200000ec   Section        0  lto-llvm-a44100.o(.bss.HAL_PCD_SetupStageCallback.retval)
    SW_USBD_EP_States                        0x200000f0   Data         384  lto-llvm-a44100.o(.bss.SW_USBD_EP_States)
    [Anonymous Symbol]                       0x200000f0   Section        0  lto-llvm-a44100.o(.bss.SW_USBD_EP_States)
    USBD_Connected                           0x20000270   Data           1  lto-llvm-a44100.o(.bss.USBD_Connected)
    [Anonymous Symbol]                       0x20000270   Section        0  lto-llvm-a44100.o(.bss.USBD_Connected)
    allow_report                             0x20000271   Data           1  lto-llvm-a44100.o(.bss.allow_report)
    [Anonymous Symbol]                       0x20000271   Section        0  lto-llvm-a44100.o(.bss.allow_report)
    buffer                                   0x20000274   Data          64  lto-llvm-a44100.o(.bss.buffer)
    [Anonymous Symbol]                       0x20000274   Section        0  lto-llvm-a44100.o(.bss.buffer)
    ep1_in_lock                              0x200002b4   Data           1  lto-llvm-a44100.o(.bss.ep1_in_lock)
    [Anonymous Symbol]                       0x200002b4   Section        0  lto-llvm-a44100.o(.bss.ep1_in_lock)
    hdma_i2c1_rx                             0x200002b8   Data          96  lto-llvm-a44100.o(.bss.hdma_i2c1_rx)
    [Anonymous Symbol]                       0x200002b8   Section        0  lto-llvm-a44100.o(.bss.hdma_i2c1_rx)
    hdma_i2c1_tx                             0x20000318   Data          96  lto-llvm-a44100.o(.bss.hdma_i2c1_tx)
    [Anonymous Symbol]                       0x20000318   Section        0  lto-llvm-a44100.o(.bss.hdma_i2c1_tx)
    hdma_usart1_rx                           0x20000378   Data          96  lto-llvm-a44100.o(.bss.hdma_usart1_rx)
    [Anonymous Symbol]                       0x20000378   Section        0  lto-llvm-a44100.o(.bss.hdma_usart1_rx)
    hdma_usart1_tx                           0x200003d8   Data          96  lto-llvm-a44100.o(.bss.hdma_usart1_tx)
    [Anonymous Symbol]                       0x200003d8   Section        0  lto-llvm-a44100.o(.bss.hdma_usart1_tx)
    hdma_usart2_rx                           0x20000438   Data          96  lto-llvm-a44100.o(.bss.hdma_usart2_rx)
    [Anonymous Symbol]                       0x20000438   Section        0  lto-llvm-a44100.o(.bss.hdma_usart2_rx)
    hdma_usart2_tx                           0x20000498   Data          96  lto-llvm-a44100.o(.bss.hdma_usart2_tx)
    [Anonymous Symbol]                       0x20000498   Section        0  lto-llvm-a44100.o(.bss.hdma_usart2_tx)
    hi2c1                                    0x200004f8   Data          84  lto-llvm-a44100.o(.bss.hi2c1)
    [Anonymous Symbol]                       0x200004f8   Section        0  lto-llvm-a44100.o(.bss.hi2c1)
    hpcd_USB_OTG_FS                          0x2000054c   Data        1032  lto-llvm-a44100.o(.bss.hpcd_USB_OTG_FS)
    [Anonymous Symbol]                       0x2000054c   Section        0  lto-llvm-a44100.o(.bss.hpcd_USB_OTG_FS)
    htim10                                   0x20000954   Data          64  lto-llvm-a44100.o(.bss.htim10)
    [Anonymous Symbol]                       0x20000954   Section        0  lto-llvm-a44100.o(.bss.htim10)
    htim11                                   0x20000994   Data          64  lto-llvm-a44100.o(.bss.htim11)
    [Anonymous Symbol]                       0x20000994   Section        0  lto-llvm-a44100.o(.bss.htim11)
    huart1                                   0x200009d4   Data          64  lto-llvm-a44100.o(.bss.huart1)
    [Anonymous Symbol]                       0x200009d4   Section        0  lto-llvm-a44100.o(.bss.huart1)
    huart2                                   0x20000a14   Data          64  lto-llvm-a44100.o(.bss.huart2)
    [Anonymous Symbol]                       0x20000a14   Section        0  lto-llvm-a44100.o(.bss.huart2)
    ignore_next_reset                        0x20000a54   Data           1  lto-llvm-a44100.o(.bss.ignore_next_reset)
    [Anonymous Symbol]                       0x20000a54   Section        0  lto-llvm-a44100.o(.bss.ignore_next_reset)
    nscon_serial                             0x20000a55   Data           6  lto-llvm-a44100.o(.bss.nscon_serial)
    [Anonymous Symbol]                       0x20000a55   Section        0  lto-llvm-a44100.o(.bss.nscon_serial)
    steam                                    0x20000a5c   Data          64  lto-llvm-a44100.o(.bss.steam)
    [Anonymous Symbol]                       0x20000a5c   Section        0  lto-llvm-a44100.o(.bss.steam)
    steamcon_mouse_edge_drift.counter        0x20000a9c   Data           2  lto-llvm-a44100.o(.bss.steamcon_mouse_edge_drift.counter)
    [Anonymous Symbol]                       0x20000a9c   Section        0  lto-llvm-a44100.o(.bss.steamcon_mouse_edge_drift.counter)
    steamcon_mouse_smoother.counter          0x20000a9e   Data           2  lto-llvm-a44100.o(.bss.steamcon_mouse_smoother.counter)
    [Anonymous Symbol]                       0x20000a9e   Section        0  lto-llvm-a44100.o(.bss.steamcon_mouse_smoother.counter)
    steamcon_mouse_smoother.history_f2       0x20000aa0   Data          40  lto-llvm-a44100.o(.bss.steamcon_mouse_smoother.history_f2)
    [Anonymous Symbol]                       0x20000aa0   Section        0  lto-llvm-a44100.o(.bss.steamcon_mouse_smoother.history_f2)
    steamcon_mouse_smoother.history_f2_ptr   0x20000ac8   Data           2  lto-llvm-a44100.o(.bss.steamcon_mouse_smoother.history_f2_ptr)
    [Anonymous Symbol]                       0x20000ac8   Section        0  lto-llvm-a44100.o(.bss.steamcon_mouse_smoother.history_f2_ptr)
    steamcon_mouse_smoother.last_f1          0x20000acc   Data           4  lto-llvm-a44100.o(.bss.steamcon_mouse_smoother.last_f1)
    [Anonymous Symbol]                       0x20000acc   Section        0  lto-llvm-a44100.o(.bss.steamcon_mouse_smoother.last_f1)
    steamcon_mouse_smoother.retval           0x20000ad0   Data           4  lto-llvm-a44100.o(.bss.steamcon_mouse_smoother.retval)
    [Anonymous Symbol]                       0x20000ad0   Section        0  lto-llvm-a44100.o(.bss.steamcon_mouse_smoother.retval)
    steamcon_pad_to_mouse.last               0x20000ad4   Data           4  lto-llvm-a44100.o(.bss.steamcon_pad_to_mouse.last)
    [Anonymous Symbol]                       0x20000ad4   Section        0  lto-llvm-a44100.o(.bss.steamcon_pad_to_mouse.last)
    steamcon_pad_to_mouse.last_valid         0x20000ad8   Data           1  lto-llvm-a44100.o(.bss.steamcon_pad_to_mouse.last_valid)
    [Anonymous Symbol]                       0x20000ad8   Section        0  lto-llvm-a44100.o(.bss.steamcon_pad_to_mouse.last_valid)
    steamtons.RX_acc                         0x20000adc   Data           4  lto-llvm-a44100.o(.bss.steamtons.RX_acc)
    [Anonymous Symbol]                       0x20000adc   Section        0  lto-llvm-a44100.o(.bss.steamtons.RX_acc)
    steamtons.RY_acc                         0x20000ae0   Data           4  lto-llvm-a44100.o(.bss.steamtons.RY_acc)
    [Anonymous Symbol]                       0x20000ae0   Section        0  lto-llvm-a44100.o(.bss.steamtons.RY_acc)
    this_callbacks                           0x20000ae4   Data           4  lto-llvm-a44100.o(.bss.this_callbacks)
    [Anonymous Symbol]                       0x20000ae4   Section        0  lto-llvm-a44100.o(.bss.this_callbacks)
    this_hpcd                                0x20000ae8   Data           4  lto-llvm-a44100.o(.bss.this_hpcd)
    [Anonymous Symbol]                       0x20000ae8   Section        0  lto-llvm-a44100.o(.bss.this_hpcd)
    this_hpcd.1                              0x20000aec   Data           4  lto-llvm-a44100.o(.bss.this_hpcd.1)
    [Anonymous Symbol]                       0x20000aec   Section        0  lto-llvm-a44100.o(.bss.this_hpcd.1)
    uwTick                                   0x20000af0   Data           4  lto-llvm-a44100.o(.bss.uwTick)
    [Anonymous Symbol]                       0x20000af0   Section        0  lto-llvm-a44100.o(.bss.uwTick)
    was_810100                               0x20000af4   Data           1  lto-llvm-a44100.o(.bss.was_810100)
    [Anonymous Symbol]                       0x20000af4   Section        0  lto-llvm-a44100.o(.bss.was_810100)
    STACK                                    0x20000af8   Section     1024  startup_stm32f411xe.o(STACK)

    Global Symbols

    Symbol Name                              Value     Ov Type        Size  Object(Section)

    BuildAttributes$$THM_ISAv4$E$P$D$K$B$S$7EM$VFPi3$EXTD16$VFPS$VFMA$PE$A:L22UL41UL21$X:L11$S22US41US21$IEEE1$IW$~IW$USESV6$~STKCKD$USESV7$~SHL$OSPACE$IEEEF$EBA8$MICROLIB$REQ8$PRES8$EABIv2 0x00000000   Number         0  anon$$obj.o ABSOLUTE
    __cpp_initialize__aeabi_                  - Undefined Weak Reference
    __cxa_finalize                            - Undefined Weak Reference
    __decompress                              - Undefined Weak Reference
    _clock_init                               - Undefined Weak Reference
    _microlib_exit                            - Undefined Weak Reference
    __Vectors_Size                           0x00000198   Number         0  startup_stm32f411xe.o ABSOLUTE
    __Vectors                                0x08000000   Data           4  startup_stm32f411xe.o(RESET)
    __Vectors_End                            0x08000198   Data           0  startup_stm32f411xe.o(RESET)
    __main                                   0x08000199   Thumb Code     0  entry.o(.ARM.Collect$$$$00000000)
    _main_stk                                0x08000199   Thumb Code     0  entry2.o(.ARM.Collect$$$$00000001)
    _main_scatterload                        0x0800019d   Thumb Code     0  entry5.o(.ARM.Collect$$$$00000004)
    __main_after_scatterload                 0x080001a1   Thumb Code     0  entry5.o(.ARM.Collect$$$$00000004)
    _main_clock                              0x080001a1   Thumb Code     0  entry7b.o(.ARM.Collect$$$$00000008)
    _main_cpp_init                           0x080001a1   Thumb Code     0  entry8b.o(.ARM.Collect$$$$0000000A)
    _main_init                               0x080001a1   Thumb Code     0  entry9a.o(.ARM.Collect$$$$0000000B)
    __rt_final_cpp                           0x080001a9   Thumb Code     0  entry10a.o(.ARM.Collect$$$$0000000D)
    __rt_final_exit                          0x080001a9   Thumb Code     0  entry11a.o(.ARM.Collect$$$$0000000F)
    Reset_Handler                            0x080001ad   Thumb Code     8  startup_stm32f411xe.o(.text)
    ADC_IRQHandler                           0x080001c7   Thumb Code     0  startup_stm32f411xe.o(.text)
    DMA1_Stream2_IRQHandler                  0x080001c7   Thumb Code     0  startup_stm32f411xe.o(.text)
    DMA1_Stream3_IRQHandler                  0x080001c7   Thumb Code     0  startup_stm32f411xe.o(.text)
    DMA1_Stream4_IRQHandler                  0x080001c7   Thumb Code     0  startup_stm32f411xe.o(.text)
    DMA1_Stream7_IRQHandler                  0x080001c7   Thumb Code     0  startup_stm32f411xe.o(.text)
    DMA2_Stream0_IRQHandler                  0x080001c7   Thumb Code     0  startup_stm32f411xe.o(.text)
    DMA2_Stream1_IRQHandler                  0x080001c7   Thumb Code     0  startup_stm32f411xe.o(.text)
    DMA2_Stream3_IRQHandler                  0x080001c7   Thumb Code     0  startup_stm32f411xe.o(.text)
    DMA2_Stream4_IRQHandler                  0x080001c7   Thumb Code     0  startup_stm32f411xe.o(.text)
    DMA2_Stream5_IRQHandler                  0x080001c7   Thumb Code     0  startup_stm32f411xe.o(.text)
    DMA2_Stream6_IRQHandler                  0x080001c7   Thumb Code     0  startup_stm32f411xe.o(.text)
    EXTI15_10_IRQHandler                     0x080001c7   Thumb Code     0  startup_stm32f411xe.o(.text)
    EXTI1_IRQHandler                         0x080001c7   Thumb Code     0  startup_stm32f411xe.o(.text)
    EXTI2_IRQHandler                         0x080001c7   Thumb Code     0  startup_stm32f411xe.o(.text)
    EXTI3_IRQHandler                         0x080001c7   Thumb Code     0  startup_stm32f411xe.o(.text)
    EXTI4_IRQHandler                         0x080001c7   Thumb Code     0  startup_stm32f411xe.o(.text)
    EXTI9_5_IRQHandler                       0x080001c7   Thumb Code     0  startup_stm32f411xe.o(.text)
    FLASH_IRQHandler                         0x080001c7   Thumb Code     0  startup_stm32f411xe.o(.text)
    FPU_IRQHandler                           0x080001c7   Thumb Code     0  startup_stm32f411xe.o(.text)
    I2C1_ER_IRQHandler                       0x080001c7   Thumb Code     0  startup_stm32f411xe.o(.text)
    I2C2_ER_IRQHandler                       0x080001c7   Thumb Code     0  startup_stm32f411xe.o(.text)
    I2C2_EV_IRQHandler                       0x080001c7   Thumb Code     0  startup_stm32f411xe.o(.text)
    I2C3_ER_IRQHandler                       0x080001c7   Thumb Code     0  startup_stm32f411xe.o(.text)
    I2C3_EV_IRQHandler                       0x080001c7   Thumb Code     0  startup_stm32f411xe.o(.text)
    OTG_FS_WKUP_IRQHandler                   0x080001c7   Thumb Code     0  startup_stm32f411xe.o(.text)
    PVD_IRQHandler                           0x080001c7   Thumb Code     0  startup_stm32f411xe.o(.text)
    RCC_IRQHandler                           0x080001c7   Thumb Code     0  startup_stm32f411xe.o(.text)
    RTC_Alarm_IRQHandler                     0x080001c7   Thumb Code     0  startup_stm32f411xe.o(.text)
    RTC_WKUP_IRQHandler                      0x080001c7   Thumb Code     0  startup_stm32f411xe.o(.text)
    SDIO_IRQHandler                          0x080001c7   Thumb Code     0  startup_stm32f411xe.o(.text)
    SPI1_IRQHandler                          0x080001c7   Thumb Code     0  startup_stm32f411xe.o(.text)
    SPI2_IRQHandler                          0x080001c7   Thumb Code     0  startup_stm32f411xe.o(.text)
    SPI3_IRQHandler                          0x080001c7   Thumb Code     0  startup_stm32f411xe.o(.text)
    SPI4_IRQHandler                          0x080001c7   Thumb Code     0  startup_stm32f411xe.o(.text)
    SPI5_IRQHandler                          0x080001c7   Thumb Code     0  startup_stm32f411xe.o(.text)
    TAMP_STAMP_IRQHandler                    0x080001c7   Thumb Code     0  startup_stm32f411xe.o(.text)
    TIM1_BRK_TIM9_IRQHandler                 0x080001c7   Thumb Code     0  startup_stm32f411xe.o(.text)
    TIM1_CC_IRQHandler                       0x080001c7   Thumb Code     0  startup_stm32f411xe.o(.text)
    TIM2_IRQHandler                          0x080001c7   Thumb Code     0  startup_stm32f411xe.o(.text)
    TIM3_IRQHandler                          0x080001c7   Thumb Code     0  startup_stm32f411xe.o(.text)
    TIM4_IRQHandler                          0x080001c7   Thumb Code     0  startup_stm32f411xe.o(.text)
    TIM5_IRQHandler                          0x080001c7   Thumb Code     0  startup_stm32f411xe.o(.text)
    USART6_IRQHandler                        0x080001c7   Thumb Code     0  startup_stm32f411xe.o(.text)
    WWDG_IRQHandler                          0x080001c7   Thumb Code     0  startup_stm32f411xe.o(.text)
    __scatterload                            0x080001d1   Thumb Code    28  init.o(.text)
    __scatterload_rt2                        0x080001d1   Thumb Code     0  init.o(.text)
    __aeabi_uldivmod                         0x080001f5   Thumb Code    98  uldiv.o(.text)
    __aeabi_memcpy                           0x08000257   Thumb Code    36  memcpya.o(.text)
    __aeabi_memcpy4                          0x08000257   Thumb Code     0  memcpya.o(.text)
    __aeabi_memcpy8                          0x08000257   Thumb Code     0  memcpya.o(.text)
    __aeabi_memset                           0x0800027b   Thumb Code    14  memseta.o(.text)
    __aeabi_memset4                          0x0800027b   Thumb Code     0  memseta.o(.text)
    __aeabi_memset8                          0x0800027b   Thumb Code     0  memseta.o(.text)
    __aeabi_memclr                           0x08000289   Thumb Code     4  memseta.o(.text)
    __aeabi_memclr4                          0x08000289   Thumb Code     0  memseta.o(.text)
    __aeabi_memclr8                          0x08000289   Thumb Code     0  memseta.o(.text)
    _memset$wrapper                          0x0800028d   Thumb Code    18  memseta.o(.text)
    __aeabi_llsl                             0x0800029f   Thumb Code    30  llshl.o(.text)
    _ll_shift_l                              0x0800029f   Thumb Code     0  llshl.o(.text)
    __aeabi_llsr                             0x080002bd   Thumb Code    32  llushr.o(.text)
    _ll_ushift_r                             0x080002bd   Thumb Code     0  llushr.o(.text)
    BusFault_Handler                         0x080002dd   Thumb Code     4  lto-llvm-a44100.o(.text.BusFault_Handler)
    DMA1_Stream0_IRQHandler                  0x080002e1   Thumb Code    16  lto-llvm-a44100.o(.text.DMA1_Stream0_IRQHandler)
    DMA1_Stream1_IRQHandler                  0x080002f1   Thumb Code    16  lto-llvm-a44100.o(.text.DMA1_Stream1_IRQHandler)
    DMA1_Stream5_IRQHandler                  0x08000301   Thumb Code    16  lto-llvm-a44100.o(.text.DMA1_Stream5_IRQHandler)
    DMA1_Stream6_IRQHandler                  0x08000311   Thumb Code    16  lto-llvm-a44100.o(.text.DMA1_Stream6_IRQHandler)
    DMA2_Stream2_IRQHandler                  0x08000321   Thumb Code    16  lto-llvm-a44100.o(.text.DMA2_Stream2_IRQHandler)
    DMA2_Stream7_IRQHandler                  0x08000331   Thumb Code    16  lto-llvm-a44100.o(.text.DMA2_Stream7_IRQHandler)
    DebugMon_Handler                         0x080004cd   Thumb Code     2  lto-llvm-a44100.o(.text.DebugMon_Handler)
    EXTI0_IRQHandler                         0x080004d1   Thumb Code     8  lto-llvm-a44100.o(.text.EXTI0_IRQHandler)
    HardFault_Handler                        0x080040e1   Thumb Code     4  lto-llvm-a44100.o(.text.HardFault_Handler)
    I2C1_EV_IRQHandler                       0x080040e5   Thumb Code    16  lto-llvm-a44100.o(.text.I2C1_EV_IRQHandler)
    MemManage_Handler                        0x080055c5   Thumb Code     4  lto-llvm-a44100.o(.text.MemManage_Handler)
    NMI_Handler                              0x080055c9   Thumb Code     8  lto-llvm-a44100.o(.text.NMI_Handler)
    OTG_FS_IRQHandler                        0x08005635   Thumb Code     8  lto-llvm-a44100.o(.text.OTG_FS_IRQHandler)
    PendSV_Handler                           0x080059f5   Thumb Code     2  lto-llvm-a44100.o(.text.PendSV_Handler)
    SVC_Handler                              0x080059f9   Thumb Code     2  lto-llvm-a44100.o(.text.SVC_Handler)
    SysTick_Handler                          0x08005b75   Thumb Code     8  lto-llvm-a44100.o(.text.SysTick_Handler)
    SystemInit                               0x08005c39   Thumb Code    32  lto-llvm-a44100.o(.text.SystemInit)
    TIM1_TRG_COM_TIM11_IRQHandler            0x08005c59   Thumb Code    16  lto-llvm-a44100.o(.text.TIM1_TRG_COM_TIM11_IRQHandler)
    TIM1_UP_TIM10_IRQHandler                 0x08005c69   Thumb Code    16  lto-llvm-a44100.o(.text.TIM1_UP_TIM10_IRQHandler)
    USART1_IRQHandler                        0x080062a1   Thumb Code    16  lto-llvm-a44100.o(.text.USART1_IRQHandler)
    USART2_IRQHandler                        0x080062b1   Thumb Code    16  lto-llvm-a44100.o(.text.USART2_IRQHandler)
    UsageFault_Handler                       0x08007441   Thumb Code     4  lto-llvm-a44100.o(.text.UsageFault_Handler)
    main                                     0x08007509   Thumb Code    62  lto-llvm-a44100.o(.text.main)
    __scatterload_copy                       0x080084a7   Thumb Code    14  handlers.o(i.__scatterload_copy)
    __scatterload_null                       0x080084b5   Thumb Code     2  handlers.o(i.__scatterload_null)
    __scatterload_zeroinit                   0x080084b7   Thumb Code    14  handlers.o(i.__scatterload_zeroinit)
    Region$$Table$$Base                      0x08008754   Number         0  anon$$obj.o(Region$$Table)
    Region$$Table$$Limit                     0x08008774   Number         0  anon$$obj.o(Region$$Table)
    __initial_sp                             0x20000ef8   Data           0  startup_stm32f411xe.o(STACK)



==============================================================================

Memory Map of the image

  Image Entry point : 0x08000199

  Load Region LR_IROM1 (Base: 0x08000000, Size: 0x00008858, Max: 0x00080000, ABSOLUTE)

    Execution Region ER_IROM1 (Exec base: 0x08000000, Load base: 0x08000000, Size: 0x00008774, Max: 0x00080000, ABSOLUTE)

    Exec Addr    Load Addr    Size         Type   Attr      Idx    E Section Name        Object

    0x08000000   0x08000000   0x00000198   Data   RO            3    RESET               startup_stm32f411xe.o
    0x08000198   0x08000198   0x00000000   Code   RO           44  * .ARM.Collect$$$$00000000  mc_w.l(entry.o)
    0x08000198   0x08000198   0x00000004   Code   RO           47    .ARM.Collect$$$$00000001  mc_w.l(entry2.o)
    0x0800019c   0x0800019c   0x00000004   Code   RO           50    .ARM.Collect$$$$00000004  mc_w.l(entry5.o)
    0x080001a0   0x080001a0   0x00000000   Code   RO           52    .ARM.Collect$$$$00000008  mc_w.l(entry7b.o)
    0x080001a0   0x080001a0   0x00000000   Code   RO           54    .ARM.Collect$$$$0000000A  mc_w.l(entry8b.o)
    0x080001a0   0x080001a0   0x00000008   Code   RO           55    .ARM.Collect$$$$0000000B  mc_w.l(entry9a.o)
    0x080001a8   0x080001a8   0x00000000   Code   RO           57    .ARM.Collect$$$$0000000D  mc_w.l(entry10a.o)
    0x080001a8   0x080001a8   0x00000000   Code   RO           59    .ARM.Collect$$$$0000000F  mc_w.l(entry11a.o)
    0x080001a8   0x080001a8   0x00000004   Code   RO           48    .ARM.Collect$$$$00002712  mc_w.l(entry2.o)
    0x080001ac   0x080001ac   0x00000024   Code   RO            4    .text               startup_stm32f411xe.o
    0x080001d0   0x080001d0   0x00000024   Code   RO           61    .text               mc_w.l(init.o)
    0x080001f4   0x080001f4   0x00000062   Code   RO          551    .text               mc_w.l(uldiv.o)
    0x08000256   0x08000256   0x00000024   Code   RO          553    .text               mc_w.l(memcpya.o)
    0x0800027a   0x0800027a   0x00000024   Code   RO          555    .text               mc_w.l(memseta.o)
    0x0800029e   0x0800029e   0x0000001e   Code   RO          559    .text               mc_w.l(llshl.o)
    0x080002bc   0x080002bc   0x00000020   Code   RO          561    .text               mc_w.l(llushr.o)
    0x080002dc   0x080002dc   0x00000004   Code   RO          136    .text.BusFault_Handler  lto-llvm-a44100.o
    0x080002e0   0x080002e0   0x00000010   Code   RO          150    .text.DMA1_Stream0_IRQHandler  lto-llvm-a44100.o
    0x080002f0   0x080002f0   0x00000010   Code   RO          152    .text.DMA1_Stream1_IRQHandler  lto-llvm-a44100.o
    0x08000300   0x08000300   0x00000010   Code   RO          154    .text.DMA1_Stream5_IRQHandler  lto-llvm-a44100.o
    0x08000310   0x08000310   0x00000010   Code   RO          156    .text.DMA1_Stream6_IRQHandler  lto-llvm-a44100.o
    0x08000320   0x08000320   0x00000010   Code   RO          168    .text.DMA2_Stream2_IRQHandler  lto-llvm-a44100.o
    0x08000330   0x08000330   0x00000010   Code   RO          172    .text.DMA2_Stream7_IRQHandler  lto-llvm-a44100.o
    0x08000340   0x08000340   0x00000056   Code   RO          272    .text.DMA_CalcBaseAndBitshift  lto-llvm-a44100.o
    0x08000396   0x08000396   0x00000002   PAD
    0x08000398   0x08000398   0x000000e4   Code   RO          270    .text.DMA_CheckFifoParam  lto-llvm-a44100.o
    0x0800047c   0x0800047c   0x00000050   Code   RO          274    .text.DMA_SetConfig  lto-llvm-a44100.o
    0x080004cc   0x080004cc   0x00000002   Code   RO          142    .text.DebugMon_Handler  lto-llvm-a44100.o
    0x080004ce   0x080004ce   0x00000002   PAD
    0x080004d0   0x080004d0   0x00000008   Code   RO          148    .text.EXTI0_IRQHandler  lto-llvm-a44100.o
    0x080004d8   0x080004d8   0x00000044   Code   RO          278    .text.HAL_DMA_Abort_IT  lto-llvm-a44100.o
    0x0800051c   0x0800051c   0x0000000e   Code   RO          282    .text.HAL_DMA_GetState  lto-llvm-a44100.o
    0x0800052a   0x0800052a   0x00000002   PAD
    0x0800052c   0x0800052c   0x00000338   Code   RO          280    .text.HAL_DMA_IRQHandler  lto-llvm-a44100.o
    0x08000864   0x08000864   0x0000016e   Code   RO          268    .text.HAL_DMA_Init  lto-llvm-a44100.o
    0x080009d2   0x080009d2   0x00000002   PAD
    0x080009d4   0x080009d4   0x000000c0   Code   RO          276    .text.HAL_DMA_Start_IT  lto-llvm-a44100.o
    0x08000a94   0x08000a94   0x00000038   Code   RO          312    .text.HAL_Delay     lto-llvm-a44100.o
    0x08000acc   0x08000acc   0x0000000a   Code   RO           96    .text.HAL_GPIO_EXTI_Callback  lto-llvm-a44100.o
    0x08000ad6   0x08000ad6   0x00000002   PAD
    0x08000ad8   0x08000ad8   0x0000003a   Code   RO          266    .text.HAL_GPIO_EXTI_IRQHandler  lto-llvm-a44100.o
    0x08000b12   0x08000b12   0x00000002   PAD
    0x08000b14   0x08000b14   0x00000358   Code   RO          260    .text.HAL_GPIO_Init  lto-llvm-a44100.o
    0x08000e6c   0x08000e6c   0x0000003e   Code   RO          264    .text.HAL_GPIO_TogglePin  lto-llvm-a44100.o
    0x08000eaa   0x08000eaa   0x00000002   PAD
    0x08000eac   0x08000eac   0x0000003c   Code   RO          262    .text.HAL_GPIO_WritePin  lto-llvm-a44100.o
    0x08000ee8   0x08000ee8   0x0000000c   Code   RO          310    .text.HAL_GetTick   lto-llvm-a44100.o
    0x08000ef4   0x08000ef4   0x0000000c   Code   RO          314    .text.HAL_GetUIDw0  lto-llvm-a44100.o
    0x08000f00   0x08000f00   0x0000000c   Code   RO          316    .text.HAL_GetUIDw1  lto-llvm-a44100.o
    0x08000f0c   0x08000f0c   0x0000000c   Code   RO          318    .text.HAL_GetUIDw2  lto-llvm-a44100.o
    0x08000f18   0x08000f18   0x00000008   Code   RO          198    .text.HAL_I2C_AbortCpltCallback  lto-llvm-a44100.o
    0x08000f20   0x08000f20   0x00000010   Code   RO          234    .text.HAL_I2C_AddrCallback  lto-llvm-a44100.o
    0x08000f30   0x08000f30   0x000003a4   Code   RO          204    .text.HAL_I2C_EV_IRQHandler  lto-llvm-a44100.o
    0x080012d4   0x080012d4   0x00000008   Code   RO          186    .text.HAL_I2C_ErrorCallback  lto-llvm-a44100.o
    0x080012dc   0x080012dc   0x0000027a   Code   RO          184    .text.HAL_I2C_Init  lto-llvm-a44100.o
    0x08001556   0x08001556   0x00000002   PAD
    0x08001558   0x08001558   0x00000008   Code   RO          202    .text.HAL_I2C_ListenCpltCallback  lto-llvm-a44100.o
    0x08001560   0x08001560   0x00000008   Code   RO          194    .text.HAL_I2C_MasterRxCpltCallback  lto-llvm-a44100.o
    0x08001568   0x08001568   0x00000008   Code   RO          236    .text.HAL_I2C_MasterTxCpltCallback  lto-llvm-a44100.o
    0x08001570   0x08001570   0x00000008   Code   RO          192    .text.HAL_I2C_MemRxCpltCallback  lto-llvm-a44100.o
    0x08001578   0x08001578   0x00000008   Code   RO          238    .text.HAL_I2C_MemTxCpltCallback  lto-llvm-a44100.o
    0x08001580   0x08001580   0x00000140   Code   RO          112    .text.HAL_I2C_MspInit  lto-llvm-a44100.o
    0x080016c0   0x080016c0   0x00000008   Code   RO          190    .text.HAL_I2C_SlaveRxCpltCallback  lto-llvm-a44100.o
    0x080016c8   0x080016c8   0x00000008   Code   RO          188    .text.HAL_I2C_SlaveTxCpltCallback  lto-llvm-a44100.o
    0x080016d0   0x080016d0   0x00000010   Code   RO          308    .text.HAL_IncTick   lto-llvm-a44100.o
    0x080016e0   0x080016e0   0x00000032   Code   RO          304    .text.HAL_Init      lto-llvm-a44100.o
    0x08001712   0x08001712   0x00000002   PAD
    0x08001714   0x08001714   0x00000062   Code   RO          306    .text.HAL_InitTick  lto-llvm-a44100.o
    0x08001776   0x08001776   0x00000002   PAD
    0x08001778   0x08001778   0x0000004a   Code   RO          174    .text.HAL_MspInit   lto-llvm-a44100.o
    0x080017c2   0x080017c2   0x00000002   PAD
    0x080017c4   0x080017c4   0x00000014   Code   RO          296    .text.HAL_NVIC_EnableIRQ  lto-llvm-a44100.o
    0x080017d8   0x080017d8   0x00000030   Code   RO          288    .text.HAL_NVIC_SetPriority  lto-llvm-a44100.o
    0x08001808   0x08001808   0x00000012   Code   RO          284    .text.HAL_NVIC_SetPriorityGrouping  lto-llvm-a44100.o
    0x0800181a   0x0800181a   0x00000002   PAD
    0x0800181c   0x0800181c   0x0000000e   Code   RO          412    .text.HAL_PCDEx_LPM_Callback  lto-llvm-a44100.o
    0x0800182a   0x0800182a   0x00000002   PAD
    0x0800182c   0x0800182c   0x00000018   Code   RO          410    .text.HAL_PCDEx_SetRxFiFo  lto-llvm-a44100.o
    0x08001844   0x08001844   0x0000009a   Code   RO          408    .text.HAL_PCDEx_SetTxFiFo  lto-llvm-a44100.o
    0x080018de   0x080018de   0x00000002   PAD
    0x080018e0   0x080018e0   0x00000008   Code   RO          392    .text.HAL_PCD_ConnectCallback  lto-llvm-a44100.o
    0x080018e8   0x080018e8   0x0000021a   Code   RO           68    .text.HAL_PCD_DataInStageCallback  lto-llvm-a44100.o
    0x08001b02   0x08001b02   0x00000002   PAD
    0x08001b04   0x08001b04   0x00000184   Code   RO           66    .text.HAL_PCD_DataOutStageCallback  lto-llvm-a44100.o
    0x08001c88   0x08001c88   0x00000008   Code   RO          394    .text.HAL_PCD_DisconnectCallback  lto-llvm-a44100.o
    0x08001c90   0x08001c90   0x00000022   Code   RO          402    .text.HAL_PCD_EP_GetRxCount  lto-llvm-a44100.o
    0x08001cb2   0x08001cb2   0x00000002   PAD
    0x08001cb4   0x08001cb4   0x000000e8   Code   RO          398    .text.HAL_PCD_EP_Open  lto-llvm-a44100.o
    0x08001d9c   0x08001d9c   0x00000084   Code   RO          400    .text.HAL_PCD_EP_Receive  lto-llvm-a44100.o
    0x08001e20   0x08001e20   0x000000da   Code   RO          406    .text.HAL_PCD_EP_SetStall  lto-llvm-a44100.o
    0x08001efa   0x08001efa   0x00000002   PAD
    0x08001efc   0x08001efc   0x00000084   Code   RO          404    .text.HAL_PCD_EP_Transmit  lto-llvm-a44100.o
    0x08001f80   0x08001f80   0x0000063a   Code   RO          376    .text.HAL_PCD_IRQHandler  lto-llvm-a44100.o
    0x080025ba   0x080025ba   0x00000002   PAD
    0x080025bc   0x080025bc   0x0000000c   Code   RO          388    .text.HAL_PCD_ISOINIncompleteCallback  lto-llvm-a44100.o
    0x080025c8   0x080025c8   0x0000000c   Code   RO          390    .text.HAL_PCD_ISOOUTIncompleteCallback  lto-llvm-a44100.o
    0x080025d4   0x080025d4   0x0000029a   Code   RO          372    .text.HAL_PCD_Init  lto-llvm-a44100.o
    0x0800286e   0x0800286e   0x00000002   PAD
    0x08002870   0x08002870   0x000000ac   Code   RO          128    .text.HAL_PCD_MspInit  lto-llvm-a44100.o
    0x0800291c   0x0800291c   0x0000007a   Code   RO           76    .text.HAL_PCD_ResetCallback  lto-llvm-a44100.o
    0x08002996   0x08002996   0x00000002   PAD
    0x08002998   0x08002998   0x00000008   Code   RO          384    .text.HAL_PCD_ResumeCallback  lto-llvm-a44100.o
    0x080029a0   0x080029a0   0x00000008   Code   RO           74    .text.HAL_PCD_SOFCallback  lto-llvm-a44100.o
    0x080029a8   0x080029a8   0x0000005a   Code   RO          396    .text.HAL_PCD_SetAddress  lto-llvm-a44100.o
    0x08002a02   0x08002a02   0x00000002   PAD
    0x08002a04   0x08002a04   0x0000016c   Code   RO           72    .text.HAL_PCD_SetupStageCallback  lto-llvm-a44100.o
    0x08002b70   0x08002b70   0x00000076   Code   RO          374    .text.HAL_PCD_Start  lto-llvm-a44100.o
    0x08002be6   0x08002be6   0x00000002   PAD
    0x08002be8   0x08002be8   0x00000008   Code   RO          386    .text.HAL_PCD_SuspendCallback  lto-llvm-a44100.o
    0x08002bf0   0x08002bf0   0x00000264   Code   RO          244    .text.HAL_RCC_ClockConfig  lto-llvm-a44100.o
    0x08002e54   0x08002e54   0x0000000c   Code   RO          248    .text.HAL_RCC_EnableCSS  lto-llvm-a44100.o
    0x08002e60   0x08002e60   0x0000000c   Code   RO          250    .text.HAL_RCC_GetHCLKFreq  lto-llvm-a44100.o
    0x08002e6c   0x08002e6c   0x00000022   Code   RO          252    .text.HAL_RCC_GetPCLK1Freq  lto-llvm-a44100.o
    0x08002e8e   0x08002e8e   0x00000002   PAD
    0x08002e90   0x08002e90   0x00000022   Code   RO          254    .text.HAL_RCC_GetPCLK2Freq  lto-llvm-a44100.o
    0x08002eb2   0x08002eb2   0x00000002   PAD
    0x08002eb4   0x08002eb4   0x000000de   Code   RO          246    .text.HAL_RCC_GetSysClockFreq  lto-llvm-a44100.o
    0x08002f92   0x08002f92   0x00000002   PAD
    0x08002f94   0x08002f94   0x00000028   Code   RO          256    .text.HAL_RCC_NMI_IRQHandler  lto-llvm-a44100.o
    0x08002fbc   0x08002fbc   0x000006a4   Code   RO          242    .text.HAL_RCC_OscConfig  lto-llvm-a44100.o
    0x08003660   0x08003660   0x00000010   Code   RO          300    .text.HAL_SYSTICK_Config  lto-llvm-a44100.o
    0x08003670   0x08003670   0x00000008   Code   RO          338    .text.HAL_TIMEx_BreakCallback  lto-llvm-a44100.o
    0x08003678   0x08003678   0x00000008   Code   RO          336    .text.HAL_TIMEx_CommutCallback  lto-llvm-a44100.o
    0x08003680   0x08003680   0x00000058   Code   RO          320    .text.HAL_TIM_Base_Init  lto-llvm-a44100.o
    0x080036d8   0x080036d8   0x00000094   Code   RO          118    .text.HAL_TIM_Base_MspInit  lto-llvm-a44100.o
    0x0800376c   0x0800376c   0x0000003e   Code   RO          324    .text.HAL_TIM_Base_Start_IT  lto-llvm-a44100.o
    0x080037aa   0x080037aa   0x00000002   PAD
    0x080037ac   0x080037ac   0x00000008   Code   RO          328    .text.HAL_TIM_IC_CaptureCallback  lto-llvm-a44100.o
    0x080037b4   0x080037b4   0x0000027a   Code   RO          330    .text.HAL_TIM_IRQHandler  lto-llvm-a44100.o
    0x08003a2e   0x08003a2e   0x00000002   PAD
    0x08003a30   0x08003a30   0x00000008   Code   RO          332    .text.HAL_TIM_OC_DelayElapsedCallback  lto-llvm-a44100.o
    0x08003a38   0x08003a38   0x00000008   Code   RO          326    .text.HAL_TIM_PWM_PulseFinishedCallback  lto-llvm-a44100.o
    0x08003a40   0x08003a40   0x00000034   Code   RO           94    .text.HAL_TIM_PeriodElapsedCallback  lto-llvm-a44100.o
    0x08003a74   0x08003a74   0x00000008   Code   RO          334    .text.HAL_TIM_TriggerCallback  lto-llvm-a44100.o
    0x08003a7c   0x08003a7c   0x00000008   Code   RO          350    .text.HAL_UART_ErrorCallback  lto-llvm-a44100.o
    0x08003a84   0x08003a84   0x00000208   Code   RO          362    .text.HAL_UART_IRQHandler  lto-llvm-a44100.o
    0x08003c8c   0x08003c8c   0x0000009a   Code   RO          340    .text.HAL_UART_Init  lto-llvm-a44100.o
    0x08003d26   0x08003d26   0x00000002   PAD
    0x08003d28   0x08003d28   0x0000026a   Code   RO          124    .text.HAL_UART_MspInit  lto-llvm-a44100.o
    0x08003f92   0x08003f92   0x00000002   PAD
    0x08003f94   0x08003f94   0x00000124   Code   RO          354    .text.HAL_UART_Receive_DMA  lto-llvm-a44100.o
    0x080040b8   0x080040b8   0x00000016   Code   RO           98    .text.HAL_UART_RxCpltCallback  lto-llvm-a44100.o
    0x080040ce   0x080040ce   0x00000002   PAD
    0x080040d0   0x080040d0   0x00000008   Code   RO          360    .text.HAL_UART_RxHalfCpltCallback  lto-llvm-a44100.o
    0x080040d8   0x080040d8   0x00000008   Code   RO          352    .text.HAL_UART_TxCpltCallback  lto-llvm-a44100.o
    0x080040e0   0x080040e0   0x00000004   Code   RO          132    .text.HardFault_Handler  lto-llvm-a44100.o
    0x080040e4   0x080040e4   0x00000010   Code   RO          162    .text.I2C1_EV_IRQHandler  lto-llvm-a44100.o
    0x080040f4   0x080040f4   0x00000034   Code   RO          206    .text.I2C_ConvertOtherXferOptions  lto-llvm-a44100.o
    0x08004128   0x08004128   0x000000f8   Code   RO          196    .text.I2C_DMAAbort  lto-llvm-a44100.o
    0x08004220   0x08004220   0x00000262   Code   RO          200    .text.I2C_ITError   lto-llvm-a44100.o
    0x08004482   0x08004482   0x00000002   PAD
    0x08004484   0x08004484   0x0000019e   Code   RO          220    .text.I2C_MasterReceive_BTF  lto-llvm-a44100.o
    0x08004622   0x08004622   0x00000002   PAD
    0x08004624   0x08004624   0x000000ec   Code   RO          218    .text.I2C_MasterReceive_RXNE  lto-llvm-a44100.o
    0x08004710   0x08004710   0x000000f4   Code   RO          216    .text.I2C_MasterTransmit_BTF  lto-llvm-a44100.o
    0x08004804   0x08004804   0x0000013e   Code   RO          214    .text.I2C_MasterTransmit_TXE  lto-llvm-a44100.o
    0x08004942   0x08004942   0x00000002   PAD
    0x08004944   0x08004944   0x00000048   Code   RO          210    .text.I2C_Master_ADD10  lto-llvm-a44100.o
    0x0800498c   0x0800498c   0x0000033e   Code   RO          212    .text.I2C_Master_ADDR  lto-llvm-a44100.o
    0x08004cca   0x08004cca   0x00000002   PAD
    0x08004ccc   0x08004ccc   0x000000f0   Code   RO          208    .text.I2C_Master_SB  lto-llvm-a44100.o
    0x08004dbc   0x08004dbc   0x000000c2   Code   RO          240    .text.I2C_MemoryTransmit_TXE_BTF  lto-llvm-a44100.o
    0x08004e7e   0x08004e7e   0x00000002   PAD
    0x08004e80   0x08004e80   0x0000002e   Code   RO          232    .text.I2C_SlaveReceive_BTF  lto-llvm-a44100.o
    0x08004eae   0x08004eae   0x00000002   PAD
    0x08004eb0   0x08004eb0   0x0000006e   Code   RO          230    .text.I2C_SlaveReceive_RXNE  lto-llvm-a44100.o
    0x08004f1e   0x08004f1e   0x00000002   PAD
    0x08004f20   0x08004f20   0x0000002c   Code   RO          228    .text.I2C_SlaveTransmit_BTF  lto-llvm-a44100.o
    0x08004f4c   0x08004f4c   0x0000006c   Code   RO          226    .text.I2C_SlaveTransmit_TXE  lto-llvm-a44100.o
    0x08004fb8   0x08004fb8   0x0000009e   Code   RO          222    .text.I2C_Slave_ADDR  lto-llvm-a44100.o
    0x08005056   0x08005056   0x00000002   PAD
    0x08005058   0x08005058   0x0000024a   Code   RO          224    .text.I2C_Slave_STOPF  lto-llvm-a44100.o
    0x080052a2   0x080052a2   0x00000002   PAD
    0x080052a4   0x080052a4   0x000000a0   Code   RO          108    .text.MX_DMA_Init   lto-llvm-a44100.o
    0x08005344   0x08005344   0x00000112   Code   RO          106    .text.MX_GPIO_Init  lto-llvm-a44100.o
    0x08005456   0x08005456   0x00000002   PAD
    0x08005458   0x08005458   0x00000042   Code   RO          110    .text.MX_I2C1_Init  lto-llvm-a44100.o
    0x0800549a   0x0800549a   0x00000002   PAD
    0x0800549c   0x0800549c   0x0000003a   Code   RO          114    .text.MX_TIM10_Init  lto-llvm-a44100.o
    0x080054d6   0x080054d6   0x00000002   PAD
    0x080054d8   0x080054d8   0x0000003a   Code   RO          116    .text.MX_TIM11_Init  lto-llvm-a44100.o
    0x08005512   0x08005512   0x00000002   PAD
    0x08005514   0x08005514   0x0000003a   Code   RO          120    .text.MX_USART1_UART_Init  lto-llvm-a44100.o
    0x0800554e   0x0800554e   0x00000002   PAD
    0x08005550   0x08005550   0x0000003a   Code   RO          122    .text.MX_USART2_UART_Init  lto-llvm-a44100.o
    0x0800558a   0x0800558a   0x00000002   PAD
    0x0800558c   0x0800558c   0x00000038   Code   RO          126    .text.MX_USB_OTG_FS_PCD_Init  lto-llvm-a44100.o
    0x080055c4   0x080055c4   0x00000004   Code   RO          134    .text.MemManage_Handler  lto-llvm-a44100.o
    0x080055c8   0x080055c8   0x00000008   Code   RO          130    .text.NMI_Handler   lto-llvm-a44100.o
    0x080055d0   0x080055d0   0x00000062   Code   RO          292    .text.NVIC_EncodePriority  lto-llvm-a44100.o
    0x08005632   0x08005632   0x00000002   PAD
    0x08005634   0x08005634   0x00000008   Code   RO          170    .text.OTG_FS_IRQHandler  lto-llvm-a44100.o
    0x0800563c   0x0800563c   0x000000c0   Code   RO          380    .text.PCD_EP_OutSetupPacket_int  lto-llvm-a44100.o
    0x080056fc   0x080056fc   0x000001ce   Code   RO          378    .text.PCD_EP_OutXfrComplete_int  lto-llvm-a44100.o
    0x080058ca   0x080058ca   0x00000002   PAD
    0x080058cc   0x080058cc   0x00000128   Code   RO          382    .text.PCD_WriteEmptyTxFifo  lto-llvm-a44100.o
    0x080059f4   0x080059f4   0x00000002   Code   RO          144    .text.PendSV_Handler  lto-llvm-a44100.o
    0x080059f6   0x080059f6   0x00000002   PAD
    0x080059f8   0x080059f8   0x00000002   Code   RO          140    .text.SVC_Handler   lto-llvm-a44100.o
    0x080059fa   0x080059fa   0x00000002   PAD
    0x080059fc   0x080059fc   0x0000005a   Code   RO           64    .text.SW_USBD_Init  lto-llvm-a44100.o
    0x08005a56   0x08005a56   0x00000002   PAD
    0x08005a58   0x08005a58   0x000000c8   Code   RO           70    .text.SW_USBD_Transfer  lto-llvm-a44100.o
    0x08005b20   0x08005b20   0x00000052   Code   RO          302    .text.SysTick_Config  lto-llvm-a44100.o
    0x08005b72   0x08005b72   0x00000002   PAD
    0x08005b74   0x08005b74   0x00000008   Code   RO          146    .text.SysTick_Handler  lto-llvm-a44100.o
    0x08005b7c   0x08005b7c   0x000000ba   Code   RO          102    .text.SystemClock_Config  lto-llvm-a44100.o
    0x08005c36   0x08005c36   0x00000002   PAD
    0x08005c38   0x08005c38   0x00000020   Code   RO          470    .text.SystemInit    lto-llvm-a44100.o
    0x08005c58   0x08005c58   0x00000010   Code   RO          160    .text.TIM1_TRG_COM_TIM11_IRQHandler  lto-llvm-a44100.o
    0x08005c68   0x08005c68   0x00000010   Code   RO          158    .text.TIM1_UP_TIM10_IRQHandler  lto-llvm-a44100.o
    0x08005c78   0x08005c78   0x0000013a   Code   RO          322    .text.TIM_Base_SetConfig  lto-llvm-a44100.o
    0x08005db2   0x08005db2   0x00000002   PAD
    0x08005db4   0x08005db4   0x00000020   Code   RO          366    .text.UART_DMAAbortOnError  lto-llvm-a44100.o
    0x08005dd4   0x08005dd4   0x0000007c   Code   RO          344    .text.UART_DMAError  lto-llvm-a44100.o
    0x08005e50   0x08005e50   0x00000058   Code   RO          356    .text.UART_DMAReceiveCplt  lto-llvm-a44100.o
    0x08005ea8   0x08005ea8   0x00000016   Code   RO          358    .text.UART_DMARxHalfCplt  lto-llvm-a44100.o
    0x08005ebe   0x08005ebe   0x00000002   PAD
    0x08005ec0   0x08005ec0   0x00000028   Code   RO          348    .text.UART_EndRxTransfer  lto-llvm-a44100.o
    0x08005ee8   0x08005ee8   0x00000024   Code   RO          370    .text.UART_EndTransmit_IT  lto-llvm-a44100.o
    0x08005f0c   0x08005f0c   0x0000001c   Code   RO          346    .text.UART_EndTxTransfer  lto-llvm-a44100.o
    0x08005f28   0x08005f28   0x000000ea   Code   RO          364    .text.UART_Receive_IT  lto-llvm-a44100.o
    0x08006012   0x08006012   0x00000002   PAD
    0x08006014   0x08006014   0x000001ee   Code   RO          342    .text.UART_SetConfig  lto-llvm-a44100.o
    0x08006202   0x08006202   0x00000002   PAD
    0x08006204   0x08006204   0x0000009c   Code   RO          368    .text.UART_Transmit_IT  lto-llvm-a44100.o
    0x080062a0   0x080062a0   0x00000010   Code   RO          164    .text.USART1_IRQHandler  lto-llvm-a44100.o
    0x080062b0   0x080062b0   0x00000010   Code   RO          166    .text.USART2_IRQHandler  lto-llvm-a44100.o
    0x080062c0   0x080062c0   0x000000de   Code   RO          436    .text.USB_ActivateEndpoint  lto-llvm-a44100.o
    0x0800639e   0x0800639e   0x00000002   PAD
    0x080063a0   0x080063a0   0x0000004a   Code   RO          466    .text.USB_ActivateSetup  lto-llvm-a44100.o
    0x080063ea   0x080063ea   0x00000002   PAD
    0x080063ec   0x080063ec   0x000000f6   Code   RO          414    .text.USB_CoreInit  lto-llvm-a44100.o
    0x080064e2   0x080064e2   0x00000002   PAD
    0x080064e4   0x080064e4   0x0000007e   Code   RO          416    .text.USB_CoreReset  lto-llvm-a44100.o
    0x08006562   0x08006562   0x00000002   PAD
    0x08006564   0x08006564   0x00000022   Code   RO          450    .text.USB_DevConnect  lto-llvm-a44100.o
    0x08006586   0x08006586   0x00000002   PAD
    0x08006588   0x08006588   0x00000022   Code   RO          452    .text.USB_DevDisconnect  lto-llvm-a44100.o
    0x080065aa   0x080065aa   0x00000002   PAD
    0x080065ac   0x080065ac   0x000002d6   Code   RO          426    .text.USB_DevInit   lto-llvm-a44100.o
    0x08006882   0x08006882   0x00000002   PAD
    0x08006884   0x08006884   0x00000012   Code   RO          422    .text.USB_DisableGlobalInt  lto-llvm-a44100.o
    0x08006896   0x08006896   0x00000002   PAD
    0x08006898   0x08006898   0x000001ee   Code   RO          442    .text.USB_EP0StartXfer  lto-llvm-a44100.o
    0x08006a86   0x08006a86   0x00000002   PAD
    0x08006a88   0x08006a88   0x0000009a   Code   RO          468    .text.USB_EP0_OutStart  lto-llvm-a44100.o
    0x08006b22   0x08006b22   0x00000002   PAD
    0x08006b24   0x08006b24   0x000000a6   Code   RO          446    .text.USB_EPSetStall  lto-llvm-a44100.o
    0x08006bca   0x08006bca   0x00000002   PAD
    0x08006bcc   0x08006bcc   0x0000035e   Code   RO          438    .text.USB_EPStartXfer  lto-llvm-a44100.o
    0x08006f2a   0x08006f2a   0x00000002   PAD
    0x08006f2c   0x08006f2c   0x00000012   Code   RO          420    .text.USB_EnableGlobalInt  lto-llvm-a44100.o
    0x08006f3e   0x08006f3e   0x00000002   PAD
    0x08006f40   0x08006f40   0x0000004c   Code   RO          432    .text.USB_FlushRxFifo  lto-llvm-a44100.o
    0x08006f8c   0x08006f8c   0x00000054   Code   RO          430    .text.USB_FlushTxFifo  lto-llvm-a44100.o
    0x08006fe0   0x08006fe0   0x0000004c   Code   RO          434    .text.USB_GetDevSpeed  lto-llvm-a44100.o
    0x0800702c   0x0800702c   0x00000010   Code   RO          464    .text.USB_GetMode   lto-llvm-a44100.o
    0x0800703c   0x0800703c   0x00000024   Code   RO          458    .text.USB_ReadDevAllInEpInterrupt  lto-llvm-a44100.o
    0x08007060   0x08007060   0x00000024   Code   RO          456    .text.USB_ReadDevAllOutEpInterrupt  lto-llvm-a44100.o
    0x08007084   0x08007084   0x0000004e   Code   RO          462    .text.USB_ReadDevInEPInterrupt  lto-llvm-a44100.o
    0x080070d2   0x080070d2   0x00000002   PAD
    0x080070d4   0x080070d4   0x0000002e   Code   RO          460    .text.USB_ReadDevOutEPInterrupt  lto-llvm-a44100.o
    0x08007102   0x08007102   0x00000002   PAD
    0x08007104   0x08007104   0x0000001a   Code   RO          454    .text.USB_ReadInterrupts  lto-llvm-a44100.o
    0x0800711e   0x0800711e   0x00000002   PAD
    0x08007120   0x08007120   0x0000004c   Code   RO          444    .text.USB_ReadPacket  lto-llvm-a44100.o
    0x0800716c   0x0800716c   0x0000005c   Code   RO          424    .text.USB_SetCurrentMode  lto-llvm-a44100.o
    0x080071c8   0x080071c8   0x00000034   Code   RO          448    .text.USB_SetDevAddress  lto-llvm-a44100.o
    0x080071fc   0x080071fc   0x00000020   Code   RO          428    .text.USB_SetDevSpeed  lto-llvm-a44100.o
    0x0800721c   0x0800721c   0x000001b8   Code   RO          418    .text.USB_SetTurnaroundTime  lto-llvm-a44100.o
    0x080073d4   0x080073d4   0x0000006a   Code   RO          440    .text.USB_WritePacket  lto-llvm-a44100.o
    0x0800743e   0x0800743e   0x00000002   PAD
    0x08007440   0x08007440   0x00000004   Code   RO          138    .text.UsageFault_Handler  lto-llvm-a44100.o
    0x08007444   0x08007444   0x00000032   Code   RO          298    .text.__NVIC_EnableIRQ  lto-llvm-a44100.o
    0x08007476   0x08007476   0x00000002   PAD
    0x08007478   0x08007478   0x00000010   Code   RO          290    .text.__NVIC_GetPriorityGrouping  lto-llvm-a44100.o
    0x08007488   0x08007488   0x00000042   Code   RO          294    .text.__NVIC_SetPriority  lto-llvm-a44100.o
    0x080074ca   0x080074ca   0x00000002   PAD
    0x080074cc   0x080074cc   0x0000003c   Code   RO          286    .text.__NVIC_SetPriorityGrouping  lto-llvm-a44100.o
    0x08007508   0x08007508   0x0000003e   Code   RO          100    .text.main          lto-llvm-a44100.o
    0x08007546   0x08007546   0x00000002   PAD
    0x08007548   0x08007548   0x00000090   Code   RO           84    .text.nscon_Connected  lto-llvm-a44100.o
    0x080075d8   0x080075d8   0x0000005a   Code   RO           86    .text.nscon_DataIn  lto-llvm-a44100.o
    0x08007632   0x08007632   0x00000002   PAD
    0x08007634   0x08007634   0x00000428   Code   RO           88    .text.nscon_DataOut  lto-llvm-a44100.o
    0x08007a5c   0x08007a5c   0x000000b4   Code   RO           80    .text.nscon_Get_Desc  lto-llvm-a44100.o
    0x08007b10   0x08007b10   0x0000006a   Code   RO           82    .text.nscon_Nonstnadard_Setup  lto-llvm-a44100.o
    0x08007b7a   0x08007b7a   0x00000002   PAD
    0x08007b7c   0x08007b7c   0x0000009c   Code   RO           92    .text.nscon_copy_report  lto-llvm-a44100.o
    0x08007c18   0x08007c18   0x00000088   Code   RO           78    .text.nscon_init    lto-llvm-a44100.o
    0x08007ca0   0x08007ca0   0x00000082   Code   RO           90    .text.nscon_seq_timmer_callback  lto-llvm-a44100.o
    0x08007d22   0x08007d22   0x00000002   PAD
    0x08007d24   0x08007d24   0x0000006c   Code   RO          180    .text.steamcon_mouse_edge_drift  lto-llvm-a44100.o
    0x08007d90   0x08007d90   0x00000136   Code   RO          178    .text.steamcon_mouse_smoother  lto-llvm-a44100.o
    0x08007ec6   0x08007ec6   0x00000002   PAD
    0x08007ec8   0x08007ec8   0x00000064   Code   RO          176    .text.steamcon_pad_to_mouse  lto-llvm-a44100.o
    0x08007f2c   0x08007f2c   0x0000057a   Code   RO          182    .text.steamtons     lto-llvm-a44100.o
    0x080084a6   0x080084a6   0x0000000e   Code   RO          565    i.__scatterload_copy  mc_w.l(handlers.o)
    0x080084b4   0x080084b4   0x00000002   Code   RO          566    i.__scatterload_null  mc_w.l(handlers.o)
    0x080084b6   0x080084b6   0x0000000e   Code   RO          567    i.__scatterload_zeroinit  mc_w.l(handlers.o)
    0x080084c4   0x080084c4   0x00000001   Data   RO          478    .rodata.HAL_PCD_SetupStageCallback.conf_num  lto-llvm-a44100.o
    0x080084c5   0x080084c5   0x00000010   Data   RO          543    .rodata.cst16       lto-llvm-a44100.o
    0x080084d5   0x080084d5   0x00000010   Data   RO          539    .rodata.cst8        lto-llvm-a44100.o
    0x080084e5   0x080084e5   0x00000002   Data   RO          486    .rodata.nscon_DataOut.nscon_init_8003  lto-llvm-a44100.o
    0x080084e7   0x080084e7   0x00000002   Data   RO          489    .rodata.nscon_DataOut.nscon_init_8008  lto-llvm-a44100.o
    0x080084e9   0x080084e9   0x00000002   Data   RO          503    .rodata.nscon_DataOut.nscon_init_8030  lto-llvm-a44100.o
    0x080084eb   0x080084eb   0x00000002   Data   RO          501    .rodata.nscon_DataOut.nscon_init_8040  lto-llvm-a44100.o
    0x080084ed   0x080084ed   0x00000002   Data   RO          487    .rodata.nscon_DataOut.nscon_init_8048  lto-llvm-a44100.o
    0x080084ef   0x080084ef   0x00000013   Data   RO          493    .rodata.nscon_DataOut.nscon_init_810102  lto-llvm-a44100.o
    0x08008502   0x08008502   0x00000003   Data   RO          494    .rodata.nscon_DataOut.nscon_init_810103  lto-llvm-a44100.o
    0x08008505   0x08008505   0x00000002   Data   RO          495    .rodata.nscon_DataOut.nscon_init_8304  lto-llvm-a44100.o
    0x08008507   0x08008507   0x00000017   Data   RO          490    .rodata.nscon_DataOut.nscon_init_901000  lto-llvm-a44100.o
    0x0800851e   0x0800851e   0x0000001f   Data   RO          498    .rodata.nscon_DataOut.nscon_init_901010  lto-llvm-a44100.o
    0x0800853d   0x0800853d   0x00000020   Data   RO          499    .rodata.nscon_DataOut.nscon_init_90103d  lto-llvm-a44100.o
    0x0800855d   0x0800855d   0x00000013   Data   RO          491    .rodata.nscon_DataOut.nscon_init_901050  lto-llvm-a44100.o
    0x08008570   0x08008570   0x0000001f   Data   RO          496    .rodata.nscon_DataOut.nscon_init_901080  lto-llvm-a44100.o
    0x0800858f   0x0800858f   0x00000019   Data   RO          497    .rodata.nscon_DataOut.nscon_init_901098  lto-llvm-a44100.o
    0x080085a8   0x080085a8   0x00000024   Data   RO          502    .rodata.nscon_DataOut.nscon_init_a021  lto-llvm-a44100.o
    0x080085cc   0x080085cc   0x00000014   Data   RO          480    .rodata.nscon_callbacks  lto-llvm-a44100.o
    0x080085e0   0x080085e0   0x00000029   Data   RO          509    .rodata.nscon_config_desc  lto-llvm-a44100.o
    0x08008609   0x08008609   0x00000003   PAD
    0x0800860c   0x0800860c   0x00000012   Data   RO          508    .rodata.nscon_device_desc  lto-llvm-a44100.o
    0x0800861e   0x0800861e   0x00000002   PAD
    0x08008620   0x08008620   0x000000cb   Data   RO          507    .rodata.nscon_hid_desc  lto-llvm-a44100.o
    0x080086eb   0x080086eb   0x00000001   PAD
    0x080086ec   0x080086ec   0x00000004   Data   RO          510    .rodata.nscon_lang_desc  lto-llvm-a44100.o
    0x080086f0   0x080086f0   0x00000026   Data   RO          511    .rodata.nscon_mfr_str  lto-llvm-a44100.o
    0x08008716   0x08008716   0x00000002   PAD
    0x08008718   0x08008718   0x0000001e   Data   RO          512    .rodata.nscon_pdt_str  lto-llvm-a44100.o
    0x08008736   0x08008736   0x00000002   PAD
    0x08008738   0x08008738   0x0000001a   Data   RO          513    .rodata.nscon_serial_str  lto-llvm-a44100.o
    0x08008752   0x08008752   0x00000002   PAD
    0x08008754   0x08008754   0x00000020   Data   RO          564    Region$$Table       anon$$obj.o


    Execution Region RW_IRAM1 (Exec base: 0x20000000, Load base: 0x08008778, Size: 0x00000ef8, Max: 0x00020000, ABSOLUTE)

    Exec Addr    Load Addr    Size         Type   Attr      Idx    E Section Name        Object

    0x20000000   0x08008778   0x00000004   Data   RW          542    .data.SystemCoreClock  lto-llvm-a44100.o
    0x20000004   0x0800877c   0x00000041   Data   RW          536    .data.ns            lto-llvm-a44100.o
    0x20000045   0x080087bd   0x00000021   Data   RW          492    .data.nscon_DataOut.nscon_init_810101  lto-llvm-a44100.o
    0x20000066   0x080087de   0x0000000e   Data   RW          488    .data.nscon_DataOut.nscon_init_8202  lto-llvm-a44100.o
    0x20000074   0x080087ec   0x0000001f   Data   RW          500    .data.nscon_DataOut.nscon_init_901020  lto-llvm-a44100.o
    0x20000093   0x0800880b   0x00000001   PAD
    0x20000094   0x0800880c   0x00000041   Data   RW          514    .data.report        lto-llvm-a44100.o
    0x200000d5   0x0800884d   0x00000003   PAD
    0x200000d8   0x08008850   0x00000004   Data   RW          540    .data.uwTickPrio    lto-llvm-a44100.o
    0x200000dc   0x08008854   0x00000004   PAD
    0x200000e0        -       0x0000000c   Zero   RW          482    .bss.CRdata         lto-llvm-a44100.o
    0x200000ec        -       0x00000002   Zero   RW          477    .bss.HAL_PCD_SetupStageCallback.retval  lto-llvm-a44100.o
    0x200000ee   0x08008854   0x00000002   PAD
    0x200000f0        -       0x00000180   Zero   RW          476    .bss.SW_USBD_EP_States  lto-llvm-a44100.o
    0x20000270        -       0x00000001   Zero   RW          472    .bss.USBD_Connected  lto-llvm-a44100.o
    0x20000271        -       0x00000001   Zero   RW          483    .bss.allow_report   lto-llvm-a44100.o
    0x20000272   0x08008854   0x00000002   PAD
    0x20000274        -       0x00000040   Zero   RW          485    .bss.buffer         lto-llvm-a44100.o
    0x200002b4        -       0x00000001   Zero   RW          484    .bss.ep1_in_lock    lto-llvm-a44100.o
    0x200002b5   0x08008854   0x00000003   PAD
    0x200002b8        -       0x00000060   Zero   RW          517    .bss.hdma_i2c1_rx   lto-llvm-a44100.o
    0x20000318        -       0x00000060   Zero   RW          518    .bss.hdma_i2c1_tx   lto-llvm-a44100.o
    0x20000378        -       0x00000060   Zero   RW          523    .bss.hdma_usart1_rx  lto-llvm-a44100.o
    0x200003d8        -       0x00000060   Zero   RW          524    .bss.hdma_usart1_tx  lto-llvm-a44100.o
    0x20000438        -       0x00000060   Zero   RW          525    .bss.hdma_usart2_rx  lto-llvm-a44100.o
    0x20000498        -       0x00000060   Zero   RW          526    .bss.hdma_usart2_tx  lto-llvm-a44100.o
    0x200004f8        -       0x00000054   Zero   RW          516    .bss.hi2c1          lto-llvm-a44100.o
    0x2000054c        -       0x00000408   Zero   RW          527    .bss.hpcd_USB_OTG_FS  lto-llvm-a44100.o
    0x20000954        -       0x00000040   Zero   RW          519    .bss.htim10         lto-llvm-a44100.o
    0x20000994        -       0x00000040   Zero   RW          520    .bss.htim11         lto-llvm-a44100.o
    0x200009d4        -       0x00000040   Zero   RW          521    .bss.huart1         lto-llvm-a44100.o
    0x20000a14        -       0x00000040   Zero   RW          522    .bss.huart2         lto-llvm-a44100.o
    0x20000a54        -       0x00000001   Zero   RW          475    .bss.ignore_next_reset  lto-llvm-a44100.o
    0x20000a55        -       0x00000006   Zero   RW          481    .bss.nscon_serial   lto-llvm-a44100.o
    0x20000a5b   0x08008854   0x00000001   PAD
    0x20000a5c        -       0x00000040   Zero   RW          515    .bss.steam          lto-llvm-a44100.o
    0x20000a9c        -       0x00000002   Zero   RW          535    .bss.steamcon_mouse_edge_drift.counter  lto-llvm-a44100.o
    0x20000a9e        -       0x00000002   Zero   RW          534    .bss.steamcon_mouse_smoother.counter  lto-llvm-a44100.o
    0x20000aa0        -       0x00000028   Zero   RW          532    .bss.steamcon_mouse_smoother.history_f2  lto-llvm-a44100.o
    0x20000ac8        -       0x00000002   Zero   RW          531    .bss.steamcon_mouse_smoother.history_f2_ptr  lto-llvm-a44100.o
    0x20000aca   0x08008854   0x00000002   PAD
    0x20000acc        -       0x00000004   Zero   RW          530    .bss.steamcon_mouse_smoother.last_f1  lto-llvm-a44100.o
    0x20000ad0        -       0x00000004   Zero   RW          533    .bss.steamcon_mouse_smoother.retval  lto-llvm-a44100.o
    0x20000ad4        -       0x00000004   Zero   RW          529    .bss.steamcon_pad_to_mouse.last  lto-llvm-a44100.o
    0x20000ad8        -       0x00000001   Zero   RW          528    .bss.steamcon_pad_to_mouse.last_valid  lto-llvm-a44100.o
    0x20000ad9   0x08008854   0x00000003   PAD
    0x20000adc        -       0x00000004   Zero   RW          537    .bss.steamtons.RX_acc  lto-llvm-a44100.o
    0x20000ae0        -       0x00000004   Zero   RW          538    .bss.steamtons.RY_acc  lto-llvm-a44100.o
    0x20000ae4        -       0x00000004   Zero   RW          474    .bss.this_callbacks  lto-llvm-a44100.o
    0x20000ae8        -       0x00000004   Zero   RW          473    .bss.this_hpcd      lto-llvm-a44100.o
    0x20000aec        -       0x00000004   Zero   RW          479    .bss.this_hpcd.1    lto-llvm-a44100.o
    0x20000af0        -       0x00000004   Zero   RW          541    .bss.uwTick         lto-llvm-a44100.o
    0x20000af4        -       0x00000001   Zero   RW          505    .bss.was_810100     lto-llvm-a44100.o
    0x20000af5   0x08008854   0x00000003   PAD
    0x20000af8        -       0x00000400   Zero   RW            1    STACK               startup_stm32f411xe.o


==============================================================================

Image component sizes


      Code (inc. data)   RO Data    RW Data    ZI Data      Debug   Object Name

     33066         22        644        216       2568     104200   lto-llvm-a44100.o
        36          8        408          0       1024        840   startup_stm32f411xe.o

    ----------------------------------------------------------------------
     33262         30       1096        220       3612     105040   Object Totals
         0          0         32          0          0          0   (incl. Generated)
       160          0         12          4         20          0   (incl. Padding)

    ----------------------------------------------------------------------

      Code (inc. data)   RO Data    RW Data    ZI Data      Debug   Library Member Name

         0          0          0          0          0          0   entry.o
         0          0          0          0          0          0   entry10a.o
         0          0          0          0          0          0   entry11a.o
         8          4          0          0          0          0   entry2.o
         4          0          0          0          0          0   entry5.o
         0          0          0          0          0          0   entry7b.o
         0          0          0          0          0          0   entry8b.o
         8          4          0          0          0          0   entry9a.o
        30          0          0          0          0          0   handlers.o
        36          8          0          0          0         68   init.o
        30          0          0          0          0         68   llshl.o
        32          0          0          0          0         68   llushr.o
        36          0          0          0          0         68   memcpya.o
        36          0          0          0          0        108   memseta.o
        98          0          0          0          0         92   uldiv.o

    ----------------------------------------------------------------------
       318         16          0          0          0        472   Library Totals
         0          0          0          0          0          0   (incl. Padding)

    ----------------------------------------------------------------------

      Code (inc. data)   RO Data    RW Data    ZI Data      Debug   Library Name

       318         16          0          0          0        472   mc_w.l

    ----------------------------------------------------------------------
       318         16          0          0          0        472   Library Totals

    ----------------------------------------------------------------------

==============================================================================


      Code (inc. data)   RO Data    RW Data    ZI Data      Debug   

     33580         46       1096        220       3612     105560   Grand Totals
     33580         46       1096        220       3612     105560   ELF Image Totals
     33580         46       1096        220          0          0   ROM Totals

==============================================================================

    Total RO  Size (Code + RO Data)                34676 (  33.86kB)
    Total RW  Size (RW Data + ZI Data)              3832 (   3.74kB)
    Total ROM Size (Code + RO Data + RW Data)      34896 (  34.08kB)

==============================================================================

