Component: ARM Compiler 6.12 Tool: armlink [5d624300]

==============================================================================

Section Cross References

    startup_stm32f411xe.o(RESET) refers to startup_stm32f411xe.o(STACK) for __initial_sp
    startup_stm32f411xe.o(RESET) refers to startup_stm32f411xe.o(.text) for Reset_Handler
    startup_stm32f411xe.o(RESET) refers to lto-llvm-037b97.o(.text.NMI_Handler) for NMI_Handler
    startup_stm32f411xe.o(RESET) refers to lto-llvm-037b97.o(.text.HardFault_Handler) for HardFault_Handler
    startup_stm32f411xe.o(RESET) refers to lto-llvm-037b97.o(.text.MemManage_Handler) for MemManage_Handler
    startup_stm32f411xe.o(RESET) refers to lto-llvm-037b97.o(.text.BusFault_Handler) for BusFault_Handler
    startup_stm32f411xe.o(RESET) refers to lto-llvm-037b97.o(.text.UsageFault_Handler) for UsageFault_Handler
    startup_stm32f411xe.o(RESET) refers to lto-llvm-037b97.o(.text.SVC_Handler) for SVC_Handler
    startup_stm32f411xe.o(RESET) refers to lto-llvm-037b97.o(.text.DebugMon_Handler) for DebugMon_Handler
    startup_stm32f411xe.o(RESET) refers to lto-llvm-037b97.o(.text.PendSV_Handler) for PendSV_Handler
    startup_stm32f411xe.o(RESET) refers to lto-llvm-037b97.o(.text.SysTick_Handler) for SysTick_Handler
    startup_stm32f411xe.o(RESET) refers to lto-llvm-037b97.o(.text.EXTI0_IRQHandler) for EXTI0_IRQHandler
    startup_stm32f411xe.o(RESET) refers to lto-llvm-037b97.o(.text.DMA1_Stream0_IRQHandler) for DMA1_Stream0_IRQHandler
    startup_stm32f411xe.o(RESET) refers to lto-llvm-037b97.o(.text.DMA1_Stream1_IRQHandler) for DMA1_Stream1_IRQHandler
    startup_stm32f411xe.o(RESET) refers to lto-llvm-037b97.o(.text.TIM1_UP_TIM10_IRQHandler) for TIM1_UP_TIM10_IRQHandler
    startup_stm32f411xe.o(RESET) refers to lto-llvm-037b97.o(.text.TIM1_TRG_COM_TIM11_IRQHandler) for TIM1_TRG_COM_TIM11_IRQHandler
    startup_stm32f411xe.o(RESET) refers to lto-llvm-037b97.o(.text.I2C1_EV_IRQHandler) for I2C1_EV_IRQHandler
    startup_stm32f411xe.o(RESET) refers to lto-llvm-037b97.o(.text.SPI1_IRQHandler) for SPI1_IRQHandler
    startup_stm32f411xe.o(RESET) refers to lto-llvm-037b97.o(.text.DMA2_Stream0_IRQHandler) for DMA2_Stream0_IRQHandler
    startup_stm32f411xe.o(RESET) refers to lto-llvm-037b97.o(.text.DMA2_Stream2_IRQHandler) for DMA2_Stream2_IRQHandler
    startup_stm32f411xe.o(RESET) refers to lto-llvm-037b97.o(.text.OTG_FS_IRQHandler) for OTG_FS_IRQHandler
    startup_stm32f411xe.o(.text) refers to lto-llvm-037b97.o(.text.SystemInit) for SystemInit
    startup_stm32f411xe.o(.text) refers to entry.o(.ARM.Collect$$$$00000000) for __main
    entry.o(.ARM.Collect$$$$00000000) refers (Special) to entry10a.o(.ARM.Collect$$$$0000000D) for __rt_final_cpp
    entry.o(.ARM.Collect$$$$00000000) refers (Special) to entry11a.o(.ARM.Collect$$$$0000000F) for __rt_final_exit
    entry.o(.ARM.Collect$$$$00000000) refers (Special) to entry7b.o(.ARM.Collect$$$$00000008) for _main_clock
    entry.o(.ARM.Collect$$$$00000000) refers (Special) to entry8b.o(.ARM.Collect$$$$0000000A) for _main_cpp_init
    entry.o(.ARM.Collect$$$$00000000) refers (Special) to entry9a.o(.ARM.Collect$$$$0000000B) for _main_init
    entry.o(.ARM.Collect$$$$00000000) refers (Special) to entry5.o(.ARM.Collect$$$$00000004) for _main_scatterload
    entry.o(.ARM.Collect$$$$00000000) refers (Special) to entry2.o(.ARM.Collect$$$$00000001) for _main_stk
    malloc.o(i.free) refers to mvars.o(.data) for __microlib_freelist
    malloc.o(i.malloc) refers to mvars.o(.data) for __microlib_freelist_initialised
    malloc.o(i.malloc) refers to mvars.o(.data) for __microlib_freelist
    malloc.o(i.malloc) refers to startup_stm32f411xe.o(HEAP) for __heap_base
    mallocr.o(i.__free$realloc) refers to mvars.o(.data) for __microlib_freelist
    mallocr.o(i.__malloc$realloc) refers to mallocr.o(i.internal_alloc) for internal_alloc
    mallocr.o(i.__malloc$realloc) refers to mvars.o(.data) for __microlib_freelist_initialised
    mallocr.o(i.__malloc$realloc) refers to startup_stm32f411xe.o(HEAP) for __heap_base
    mallocr.o(i.__malloc$realloc) refers to mvars.o(.data) for __microlib_freelist
    mallocr.o(i.internal_alloc) refers to memcpya.o(.text) for __aeabi_memcpy
    mallocr.o(i.internal_alloc) refers to mvars.o(.data) for __microlib_freelist
    mallocr.o(i.realloc) refers to mallocr.o(i.__free$realloc) for __free$realloc
    mallocr.o(i.realloc) refers to mallocr.o(i.internal_alloc) for internal_alloc
    mallocr.o(i.realloc) refers to mallocr.o(i.__malloc$realloc) for __malloc$realloc
    mallocr.o(i.realloc) refers to mvars.o(.data) for __microlib_freelist
    malloca.o(i.__aligned_malloc) refers to mvars.o(.data) for __microlib_freelist_initialised
    malloca.o(i.__aligned_malloc) refers to mvars.o(.data) for __microlib_freelist
    malloca.o(i.__aligned_malloc) refers to startup_stm32f411xe.o(HEAP) for __heap_base
    malloca.o(i.__free$memalign) refers to mvars.o(.data) for __microlib_freelist
[...]
    lto-llvm-037b97.o(.ARM.exidx.text.USB_CoreReset) refers to lto-llvm-037b97.o(.text.USB_CoreReset) for [Anonymous Symbol]
    lto-llvm-037b97.o(.ARM.exidx.text.USB_FlushTxFifo) refers to lto-llvm-037b97.o(.text.USB_FlushTxFifo) for [Anonymous Symbol]
    lto-llvm-037b97.o(.text.USB_EPStartXfer) refers to lto-llvm-037b97.o(.text.USB_WritePacket) for USB_WritePacket
    lto-llvm-037b97.o(.ARM.exidx.text.USB_EPStartXfer) refers to lto-llvm-037b97.o(.text.USB_EPStartXfer) for [Anonymous Symbol]
    lto-llvm-037b97.o(.ARM.exidx.text.USB_WritePacket) refers to lto-llvm-037b97.o(.text.USB_WritePacket) for [Anonymous Symbol]
    lto-llvm-037b97.o(.ARM.exidx.text.USB_EP0StartXfer) refers to lto-llvm-037b97.o(.text.USB_EP0StartXfer) for [Anonymous Symbol]
    lto-llvm-037b97.o(.ARM.exidx.text.USB_ReadPacket) refers to lto-llvm-037b97.o(.text.USB_ReadPacket) for [Anonymous Symbol]
    lto-llvm-037b97.o(.ARM.exidx.text.USB_EP0_OutStart) refers to lto-llvm-037b97.o(.text.USB_EP0_OutStart) for [Anonymous Symbol]
    lto-llvm-037b97.o(.ARM.exidx.text.HAL_GPIO_Init) refers to lto-llvm-037b97.o(.text.HAL_GPIO_Init) for [Anonymous Symbol]
    lto-llvm-037b97.o(.text.HAL_DMA_Init) refers to lto-llvm-037b97.o(.bss..L_MergedGlobals.274) for [Anonymous Symbol]
    lto-llvm-037b97.o(.ARM.exidx.text.HAL_DMA_Init) refers to lto-llvm-037b97.o(.text.HAL_DMA_Init) for [Anonymous Symbol]
    lto-llvm-037b97.o(.ARM.exidx.text.HAL_DMA_Start_IT) refers to lto-llvm-037b97.o(.text.HAL_DMA_Start_IT) for [Anonymous Symbol]
    lto-llvm-037b97.o(.ARM.exidx.text.HAL_DMA_Abort_IT) refers to lto-llvm-037b97.o(.text.HAL_DMA_Abort_IT) for [Anonymous Symbol]
    lto-llvm-037b97.o(.text.HAL_DMA_IRQHandler) refers to lto-llvm-037b97.o(.data..L_MergedGlobals) for [Anonymous Symbol]
    lto-llvm-037b97.o(.ARM.exidx.text.HAL_DMA_IRQHandler) refers to lto-llvm-037b97.o(.text.HAL_DMA_IRQHandler) for [Anonymous Symbol]
    lto-llvm-037b97.o(.ARM.exidx.text.HAL_NVIC_SetPriority) refers to lto-llvm-037b97.o(.text.HAL_NVIC_SetPriority) for [Anonymous Symbol]
    lto-llvm-037b97.o(.text.HAL_InitTick) refers to lto-llvm-037b97.o(.text.HAL_NVIC_SetPriority) for HAL_NVIC_SetPriority
    lto-llvm-037b97.o(.text.HAL_InitTick) refers to lto-llvm-037b97.o(.data..L_MergedGlobals) for [Anonymous Symbol]
    lto-llvm-037b97.o(.ARM.exidx.text.HAL_InitTick) refers to lto-llvm-037b97.o(.text.HAL_InitTick) for [Anonymous Symbol]
    lto-llvm-037b97.o(.text.HAL_Delay) refers to lto-llvm-037b97.o(.bss..L_MergedGlobals.274) for [Anonymous Symbol]
    lto-llvm-037b97.o(.ARM.exidx.text.HAL_Delay) refers to lto-llvm-037b97.o(.text.HAL_Delay) for [Anonymous Symbol]
    lto-llvm-037b97.o(.ARM.exidx.text.I2C_DMAAbort) refers to lto-llvm-037b97.o(.text.I2C_DMAAbort) for [Anonymous Symbol]
    lto-llvm-037b97.o(.text.HAL_I2C_EV_IRQHandler) refers to lto-llvm-037b97.o(.text.HAL_DMA_Abort_IT) for HAL_DMA_Abort_IT
    lto-llvm-037b97.o(.text.HAL_I2C_EV_IRQHandler) refers to lto-llvm-037b97.o(.text.I2C_MemoryTransmit_TXE_BTF) for I2C_MemoryTransmit_TXE_BTF
    lto-llvm-037b97.o(.text.HAL_I2C_EV_IRQHandler) refers to lto-llvm-037b97.o(.text.I2C_DMAAbort) for I2C_DMAAbort
    lto-llvm-037b97.o(.ARM.exidx.text.HAL_I2C_EV_IRQHandler) refers to lto-llvm-037b97.o(.text.HAL_I2C_EV_IRQHandler) for [Anonymous Symbol]
    lto-llvm-037b97.o(.ARM.exidx.text.I2C_MemoryTransmit_TXE_BTF) refers to lto-llvm-037b97.o(.text.I2C_MemoryTransmit_TXE_BTF) for [Anonymous Symbol]
    lto-llvm-037b97.o(.text.SPI_WaitFlagStateUntilTimeout) refers to lto-llvm-037b97.o(.bss..L_MergedGlobals.274) for [Anonymous Symbol]
    lto-llvm-037b97.o(.ARM.exidx.text.SPI_WaitFlagStateUntilTimeout) refers to lto-llvm-037b97.o(.text.SPI_WaitFlagStateUntilTimeout) for [Anonymous Symbol]
    lto-llvm-037b97.o(.ARM.exidx.text.SPI_DMAError) refers to lto-llvm-037b97.o(.text.SPI_DMAError) for [Anonymous Symbol]
    lto-llvm-037b97.o(.text.HAL_SPI_Receive_DMA) refers to lto-llvm-037b97.o(.text.HAL_DMA_Start_IT) for HAL_DMA_Start_IT
    lto-llvm-037b97.o(.text.HAL_SPI_Receive_DMA) refers to lto-llvm-037b97.o(.bss.hspi1) for [Anonymous Symbol]
    lto-llvm-037b97.o(.text.HAL_SPI_Receive_DMA) refers to lto-llvm-037b97.o(.bss..L_MergedGlobals.274) for [Anonymous Symbol]
    lto-llvm-037b97.o(.text.HAL_SPI_Receive_DMA) refers to lto-llvm-037b97.o(.text.SPI_DMAError) for SPI_DMAError
    lto-llvm-037b97.o(.text.HAL_SPI_Receive_DMA) refers to lto-llvm-037b97.o(.text.SPI_DMAReceiveCplt) for SPI_DMAReceiveCplt
    lto-llvm-037b97.o(.text.HAL_SPI_Receive_DMA) refers to lto-llvm-037b97.o(.text.SPI_DMAHalfReceiveCplt) for SPI_DMAHalfReceiveCplt
    lto-llvm-037b97.o(.text.HAL_SPI_Receive_DMA) refers to lto-llvm-037b97.o(.text.SPI_DMATransmitReceiveCplt) for SPI_DMATransmitReceiveCplt
    lto-llvm-037b97.o(.text.HAL_SPI_Receive_DMA) refers to lto-llvm-037b97.o(.text.SPI_DMAHalfTransmitReceiveCplt) for SPI_DMAHalfTransmitReceiveCplt
    lto-llvm-037b97.o(.ARM.exidx.text.HAL_SPI_Receive_DMA) refers to lto-llvm-037b97.o(.text.HAL_SPI_Receive_DMA) for [Anonymous Symbol]
    lto-llvm-037b97.o(.ARM.exidx.text.SPI_DMAHalfReceiveCplt) refers to lto-llvm-037b97.o(.text.SPI_DMAHalfReceiveCplt) for [Anonymous Symbol]
    lto-llvm-037b97.o(.text.SPI_DMAReceiveCplt) refers to lto-llvm-037b97.o(.text.SPI_WaitFlagStateUntilTimeout) for SPI_WaitFlagStateUntilTimeout
    lto-llvm-037b97.o(.text.SPI_DMAReceiveCplt) refers to lto-llvm-037b97.o(.text.HAL_SPI_Receive_DMA) for HAL_SPI_Receive_DMA
    lto-llvm-037b97.o(.text.SPI_DMAReceiveCplt) refers to lto-llvm-037b97.o(.bss..L_MergedGlobals.274) for [Anonymous Symbol]
    lto-llvm-037b97.o(.text.SPI_DMAReceiveCplt) refers to lto-llvm-037b97.o(.data.NSCON_Report) for [Anonymous Symbol]
    lto-llvm-037b97.o(.ARM.exidx.text.SPI_DMAReceiveCplt) refers to lto-llvm-037b97.o(.text.SPI_DMAReceiveCplt) for [Anonymous Symbol]
    lto-llvm-037b97.o(.ARM.exidx.text.SPI_DMAHalfTransmitReceiveCplt) refers to lto-llvm-037b97.o(.text.SPI_DMAHalfTransmitReceiveCplt) for [Anonymous Symbol]
    lto-llvm-037b97.o(.text.SPI_DMATransmitReceiveCplt) refers to lto-llvm-037b97.o(.text.SPI_WaitFlagStateUntilTimeout) for SPI_WaitFlagStateUntilTimeout
    lto-llvm-037b97.o(.text.SPI_DMATransmitReceiveCplt) refers to lto-llvm-037b97.o(.bss..L_MergedGlobals.274) for [Anonymous Symbol]
    lto-llvm-037b97.o(.text.SPI_DMATransmitReceiveCplt) refers to lto-llvm-037b97.o(.data..L_MergedGlobals) for [Anonymous Symbol]
    lto-llvm-037b97.o(.ARM.exidx.text.SPI_DMATransmitReceiveCplt) refers to lto-llvm-037b97.o(.text.SPI_DMATransmitReceiveCplt) for [Anonymous Symbol]
    lto-llvm-037b97.o(.text.HAL_SPI_IRQHandler) refers to lto-llvm-037b97.o(.text.HAL_DMA_Abort_IT) for HAL_DMA_Abort_IT
    lto-llvm-037b97.o(.text.HAL_SPI_IRQHandler) refers to lto-llvm-037b97.o(.text.SPI_DMAAbortOnError) for SPI_DMAAbortOnError
    lto-llvm-037b97.o(.ARM.exidx.text.HAL_SPI_IRQHandler) refers to lto-llvm-037b97.o(.text.HAL_SPI_IRQHandler) for [Anonymous Symbol]
    lto-llvm-037b97.o(.ARM.exidx.text.SPI_DMAAbortOnError) refers to lto-llvm-037b97.o(.text.SPI_DMAAbortOnError) for [Anonymous Symbol]
    lto-llvm-037b97.o(.text.HAL_TIM_Base_Init) refers to lto-llvm-037b97.o(.text.HAL_NVIC_SetPriority) for HAL_NVIC_SetPriority
    lto-llvm-037b97.o(.ARM.exidx.text.HAL_TIM_Base_Init) refers to lto-llvm-037b97.o(.text.HAL_TIM_Base_Init) for [Anonymous Symbol]
    lto-llvm-037b97.o(.ARM.exidx.text.HAL_TIM_Base_Start_IT) refers to lto-llvm-037b97.o(.text.HAL_TIM_Base_Start_IT) for [Anonymous Symbol]
    lto-llvm-037b97.o(.text.HAL_TIM_IRQHandler) refers to lto-llvm-037b97.o(.text.NSCON_SendReport) for NSCON_SendReport
    lto-llvm-037b97.o(.text.HAL_TIM_IRQHandler) refers to lto-llvm-037b97.o(.bss..L_MergedGlobals.274) for [Anonymous Symbol]
    lto-llvm-037b97.o(.text.HAL_TIM_IRQHandler) refers to lto-llvm-037b97.o(.bss.htim11) for [Anonymous Symbol]
    lto-llvm-037b97.o(.text.HAL_TIM_IRQHandler) refers to lto-llvm-037b97.o(.data.NSCON_Report) for [Anonymous Symbol]
    lto-llvm-037b97.o(.text.HAL_TIM_IRQHandler) refers to lto-llvm-037b97.o(.rodata.NSCON_initcmd) for [Anonymous Symbol]
    lto-llvm-037b97.o(.ARM.exidx.text.HAL_TIM_IRQHandler) refers to lto-llvm-037b97.o(.text.HAL_TIM_IRQHandler) for [Anonymous Symbol]
    lto-llvm-037b97.o(.ARM.exidx.text.SystemInit) refers to lto-llvm-037b97.o(.text.SystemInit) for [Anonymous Symbol]
    lto-llvm-037b97.o(.ARM.exidx.text.USBD_SetClassConfig) refers to lto-llvm-037b97.o(.text.USBD_SetClassConfig) for [Anonymous Symbol]
    lto-llvm-037b97.o(.text.USBD_CtlError) refers to lto-llvm-037b97.o(.text.USBD_LL_StallEP) for USBD_LL_StallEP
    lto-llvm-037b97.o(.ARM.exidx.text.USBD_CtlError) refers to lto-llvm-037b97.o(.text.USBD_CtlError) for [Anonymous Symbol]
    lto-llvm-037b97.o(.text.USBD_GetString) refers to lto-llvm-037b97.o(.bss.NSCON_StrDesc) for [Anonymous Symbol]
    lto-llvm-037b97.o(.ARM.exidx.text.USBD_GetString) refers to lto-llvm-037b97.o(.text.USBD_GetString) for [Anonymous Symbol]
    lto-llvm-037b97.o(.text.USBD_CtlSendData) refers to lto-llvm-037b97.o(.text.USBD_LL_Transmit) for USBD_LL_Transmit
    lto-llvm-037b97.o(.ARM.exidx.text.USBD_CtlSendData) refers to lto-llvm-037b97.o(.text.USBD_CtlSendData) for [Anonymous Symbol]
    lto-llvm-037b97.o(.text.USBD_CtlContinueSendData) refers to lto-llvm-037b97.o(.text.USBD_LL_Transmit) for USBD_LL_Transmit
    lto-llvm-037b97.o(.ARM.exidx.text.USBD_CtlContinueSendData) refers to lto-llvm-037b97.o(.text.USBD_CtlContinueSendData) for [Anonymous Symbol]
    lto-llvm-037b97.o(.text.USBD_CtlSendStatus) refers to lto-llvm-037b97.o(.text.USBD_LL_Transmit) for USBD_LL_Transmit
    lto-llvm-037b97.o(.ARM.exidx.text.USBD_CtlSendStatus) refers to lto-llvm-037b97.o(.text.USBD_CtlSendStatus) for [Anonymous Symbol]
    lto-llvm-037b97.o(.rodata.NSCON_FS_Desc) refers to lto-llvm-037b97.o(.text.NSCON_DeviceDescriptor) for NSCON_DeviceDescriptor
    lto-llvm-037b97.o(.rodata.NSCON_FS_Desc) refers to lto-llvm-037b97.o(.text.NSCON_LangIDStrDescriptor) for NSCON_LangIDStrDescriptor
    lto-llvm-037b97.o(.rodata.NSCON_FS_Desc) refers to lto-llvm-037b97.o(.text.NSCON_ManufacturerStrDescriptor) for NSCON_ManufacturerStrDescriptor
    lto-llvm-037b97.o(.rodata.NSCON_FS_Desc) refers to lto-llvm-037b97.o(.text.NSCON_ProductStrDescriptor) for NSCON_ProductStrDescriptor
    lto-llvm-037b97.o(.rodata.NSCON_FS_Desc) refers to lto-llvm-037b97.o(.text.NSCON_SerialStrDescriptor) for NSCON_SerialStrDescriptor
    lto-llvm-037b97.o(.rodata.NSCON_FS_Desc) refers to lto-llvm-037b97.o(.text.NSCON_ConfigStrDescriptor) for NSCON_ConfigStrDescriptor
    lto-llvm-037b97.o(.rodata.NSCON_FS_Desc) refers to lto-llvm-037b97.o(.text.NSCON_InterfaceStrDescriptor) for NSCON_InterfaceStrDescriptor
    lto-llvm-037b97.o(.rodata.NSCON_class) refers to lto-llvm-037b97.o(.text.NSCON_USBHID_Init) for NSCON_USBHID_Init
    lto-llvm-037b97.o(.rodata.NSCON_class) refers to lto-llvm-037b97.o(.text.NSCON_USBHID_DeInit) for NSCON_USBHID_DeInit
    lto-llvm-037b97.o(.rodata.NSCON_class) refers to lto-llvm-037b97.o(.text.NSCON_USBHID_Setup) for NSCON_USBHID_Setup
    lto-llvm-037b97.o(.rodata.NSCON_class) refers to lto-llvm-037b97.o(.text.NSCON_USBHID_DataIn) for NSCON_USBHID_DataIn
    lto-llvm-037b97.o(.rodata.NSCON_class) refers to lto-llvm-037b97.o(.text.NSCON_USBHID_DataOut) for NSCON_USBHID_DataOut
    lto-llvm-037b97.o(.rodata.NSCON_class) refers to lto-llvm-037b97.o(.text.NSCON_USBHID_GetFSCfgDesc) for NSCON_USBHID_GetFSCfgDesc
    uldiv.o(.text) refers to llushr.o(.text) for __aeabi_llsr
    uldiv.o(.text) refers to llshl.o(.text) for __aeabi_llsl


==============================================================================

Removing Unused input sections from the image.

    Removing lto-llvm-037b97.o(.text), (0 bytes).
    Removing lto-llvm-037b97.o(.ARM.exidx.text.main), (8 bytes).
    Removing lto-llvm-037b97.o(.ARM.exidx.text.NMI_Handler), (8 bytes).
    Removing lto-llvm-037b97.o(.ARM.exidx.text.HardFault_Handler), (8 bytes).
    Removing lto-llvm-037b97.o(.ARM.exidx.text.MemManage_Handler), (8 bytes).
    Removing lto-llvm-037b97.o(.ARM.exidx.text.BusFault_Handler), (8 bytes).
    Removing lto-llvm-037b97.o(.ARM.exidx.text.UsageFault_Handler), (8 bytes).
    Removing lto-llvm-037b97.o(.ARM.exidx.text.SVC_Handler), (8 bytes).
    Removing lto-llvm-037b97.o(.ARM.exidx.text.DebugMon_Handler), (8 bytes).
    Removing lto-llvm-037b97.o(.ARM.exidx.text.PendSV_Handler), (8 bytes).
    Removing lto-llvm-037b97.o(.ARM.exidx.text.SysTick_Handler), (8 bytes).
    Removing lto-llvm-037b97.o(.ARM.exidx.text.EXTI0_IRQHandler), (8 bytes).
    Removing lto-llvm-037b97.o(.ARM.exidx.text.DMA1_Stream0_IRQHandler), (8 bytes).
    Removing lto-llvm-037b97.o(.ARM.exidx.text.DMA1_Stream1_IRQHandler), (8 bytes).
    Removing lto-llvm-037b97.o(.ARM.exidx.text.TIM1_UP_TIM10_IRQHandler), (8 bytes).
    Removing lto-llvm-037b97.o(.ARM.exidx.text.TIM1_TRG_COM_TIM11_IRQHandler), (8 bytes).
    Removing lto-llvm-037b97.o(.ARM.exidx.text.I2C1_EV_IRQHandler), (8 bytes).
    Removing lto-llvm-037b97.o(.ARM.exidx.text.SPI1_IRQHandler), (8 bytes).
    Removing lto-llvm-037b97.o(.ARM.exidx.text.DMA2_Stream0_IRQHandler), (8 bytes).
    Removing lto-llvm-037b97.o(.ARM.exidx.text.DMA2_Stream2_IRQHandler), (8 bytes).
    Removing lto-llvm-037b97.o(.ARM.exidx.text.OTG_FS_IRQHandler), (8 bytes).
    Removing lto-llvm-037b97.o(.ARM.exidx.text.NSCON_USBHID_Init), (8 bytes).
    Removing lto-llvm-037b97.o(.ARM.exidx.text.NSCON_USBHID_DeInit), (8 bytes).
    Removing lto-llvm-037b97.o(.ARM.exidx.text.NSCON_USBHID_Setup), (8 bytes).
    Removing lto-llvm-037b97.o(.ARM.exidx.text.NSCON_USBHID_DataIn), (8 bytes).
    Removing lto-llvm-037b97.o(.ARM.exidx.text.NSCON_USBHID_DataOut), (8 bytes).
    Removing lto-llvm-037b97.o(.ARM.exidx.text.NSCON_USBHID_GetFSCfgDesc), (8 bytes).
    Removing lto-llvm-037b97.o(.ARM.exidx.text.NSCON_SendReport), (8 bytes).
    Removing lto-llvm-037b97.o(.ARM.exidx.text.NSCON_DeviceDescriptor), (8 bytes).
    Removing lto-llvm-037b97.o(.ARM.exidx.text.NSCON_LangIDStrDescriptor), (8 bytes).
    Removing lto-llvm-037b97.o(.ARM.exidx.text.NSCON_ManufacturerStrDescriptor), (8 bytes).
    Removing lto-llvm-037b97.o(.ARM.exidx.text.NSCON_ProductStrDescriptor), (8 bytes).
    Removing lto-llvm-037b97.o(.ARM.exidx.text.NSCON_SerialStrDescriptor), (8 bytes).
    Removing lto-llvm-037b97.o(.ARM.exidx.text.NSCON_ConfigStrDescriptor), (8 bytes).
    Removing lto-llvm-037b97.o(.ARM.exidx.text.NSCON_InterfaceStrDescriptor), (8 bytes).
    Removing lto-llvm-037b97.o(.ARM.exidx.text.HAL_PCD_SetupStageCallback), (8 bytes).
    Removing lto-llvm-037b97.o(.ARM.exidx.text.HAL_PCD_DataOutStageCallback), (8 bytes).
    Removing lto-llvm-037b97.o(.ARM.exidx.text.USBD_LL_OpenEP), (8 bytes).
    Removing lto-llvm-037b97.o(.ARM.exidx.text.USBD_LL_CloseEP), (8 bytes).
    Removing lto-llvm-037b97.o(.ARM.exidx.text.USBD_LL_StallEP), (8 bytes).
    Removing lto-llvm-037b97.o(.ARM.exidx.text.USBD_LL_Transmit), (8 bytes).
    Removing lto-llvm-037b97.o(.ARM.exidx.text.USBD_LL_PrepareReceive), (8 bytes).
    Removing lto-llvm-037b97.o(.ARM.exidx.text.HAL_PCDEx_SetTxFiFo), (8 bytes).
    Removing lto-llvm-037b97.o(.ARM.exidx.text.USB_CoreReset), (8 bytes).
    Removing lto-llvm-037b97.o(.ARM.exidx.text.USB_FlushTxFifo), (8 bytes).
    Removing lto-llvm-037b97.o(.ARM.exidx.text.USB_EPStartXfer), (8 bytes).
    Removing lto-llvm-037b97.o(.ARM.exidx.text.USB_WritePacket), (8 bytes).
    Removing lto-llvm-037b97.o(.ARM.exidx.text.USB_EP0StartXfer), (8 bytes).
    Removing lto-llvm-037b97.o(.ARM.exidx.text.USB_ReadPacket), (8 bytes).
    Removing lto-llvm-037b97.o(.ARM.exidx.text.USB_EP0_OutStart), (8 bytes).
    Removing lto-llvm-037b97.o(.ARM.exidx.text.HAL_GPIO_Init), (8 bytes).
    Removing lto-llvm-037b97.o(.ARM.exidx.text.HAL_DMA_Init), (8 bytes).
    Removing lto-llvm-037b97.o(.ARM.exidx.text.HAL_DMA_Start_IT), (8 bytes).
    Removing lto-llvm-037b97.o(.ARM.exidx.text.HAL_DMA_Abort_IT), (8 bytes).
    Removing lto-llvm-037b97.o(.ARM.exidx.text.HAL_DMA_IRQHandler), (8 bytes).
    Removing lto-llvm-037b97.o(.ARM.exidx.text.HAL_NVIC_SetPriority), (8 bytes).
    Removing lto-llvm-037b97.o(.ARM.exidx.text.HAL_InitTick), (8 bytes).
    Removing lto-llvm-037b97.o(.ARM.exidx.text.HAL_Delay), (8 bytes).
    Removing lto-llvm-037b97.o(.ARM.exidx.text.I2C_DMAAbort), (8 bytes).
    Removing lto-llvm-037b97.o(.ARM.exidx.text.HAL_I2C_EV_IRQHandler), (8 bytes).
    Removing lto-llvm-037b97.o(.ARM.exidx.text.I2C_MemoryTransmit_TXE_BTF), (8 bytes).
    Removing lto-llvm-037b97.o(.ARM.exidx.text.SPI_WaitFlagStateUntilTimeout), (8 bytes).
    Removing lto-llvm-037b97.o(.ARM.exidx.text.SPI_DMAError), (8 bytes).
    Removing lto-llvm-037b97.o(.ARM.exidx.text.HAL_SPI_Receive_DMA), (8 bytes).
    Removing lto-llvm-037b97.o(.ARM.exidx.text.SPI_DMAHalfReceiveCplt), (8 bytes).
    Removing lto-llvm-037b97.o(.ARM.exidx.text.SPI_DMAReceiveCplt), (8 bytes).
    Removing lto-llvm-037b97.o(.ARM.exidx.text.SPI_DMAHalfTransmitReceiveCplt), (8 bytes).
    Removing lto-llvm-037b97.o(.ARM.exidx.text.SPI_DMATransmitReceiveCplt), (8 bytes).
    Removing lto-llvm-037b97.o(.ARM.exidx.text.HAL_SPI_IRQHandler), (8 bytes).
    Removing lto-llvm-037b97.o(.ARM.exidx.text.SPI_DMAAbortOnError), (8 bytes).
    Removing lto-llvm-037b97.o(.ARM.exidx.text.HAL_TIM_Base_Init), (8 bytes).
    Removing lto-llvm-037b97.o(.ARM.exidx.text.HAL_TIM_Base_Start_IT), (8 bytes).
    Removing lto-llvm-037b97.o(.ARM.exidx.text.HAL_TIM_IRQHandler), (8 bytes).
    Removing lto-llvm-037b97.o(.ARM.exidx.text.SystemInit), (8 bytes).
    Removing lto-llvm-037b97.o(.ARM.exidx.text.USBD_SetClassConfig), (8 bytes).
    Removing lto-llvm-037b97.o(.ARM.exidx.text.USBD_CtlError), (8 bytes).
    Removing lto-llvm-037b97.o(.ARM.exidx.text.USBD_GetString), (8 bytes).
    Removing lto-llvm-037b97.o(.ARM.exidx.text.USBD_CtlSendData), (8 bytes).
    Removing lto-llvm-037b97.o(.ARM.exidx.text.USBD_CtlContinueSendData), (8 bytes).
    Removing lto-llvm-037b97.o(.ARM.exidx.text.USBD_CtlSendStatus), (8 bytes).
    Removing lto-llvm-037b97.o(.ARM.use_no_argv), (4 bytes).

81 unused section(s) (total 636 bytes) removed from the image.

==============================================================================

Image Symbol Table

    Local Symbols

    Symbol Name                              Value     Ov Type        Size  Object(Section)

    ../clib/microlib/division.c              0x00000000   Number         0  uldiv.o ABSOLUTE
    ../clib/microlib/init/entry.s            0x00000000   Number         0  entry.o ABSOLUTE
    ../clib/microlib/init/entry.s            0x00000000   Number         0  entry2.o ABSOLUTE
    ../clib/microlib/init/entry.s            0x00000000   Number         0  entry5.o ABSOLUTE
    ../clib/microlib/init/entry.s            0x00000000   Number         0  entry7a.o ABSOLUTE
    ../clib/microlib/init/entry.s            0x00000000   Number         0  entry7b.o ABSOLUTE
    ../clib/microlib/init/entry.s            0x00000000   Number         0  entry8a.o ABSOLUTE
    ../clib/microlib/init/entry.s            0x00000000   Number         0  entry8b.o ABSOLUTE
    ../clib/microlib/init/entry.s            0x00000000   Number         0  entry9a.o ABSOLUTE
    ../clib/microlib/init/entry.s            0x00000000   Number         0  entry9b.o ABSOLUTE
    ../clib/microlib/init/entry.s            0x00000000   Number         0  entry10a.o ABSOLUTE
    ../clib/microlib/init/entry.s            0x00000000   Number         0  entry10b.o ABSOLUTE
    ../clib/microlib/init/entry.s            0x00000000   Number         0  entry11a.o ABSOLUTE
    ../clib/microlib/init/entry.s            0x00000000   Number         0  entry11b.o ABSOLUTE
    ../clib/microlib/longlong.c              0x00000000   Number         0  llshl.o ABSOLUTE
    ../clib/microlib/longlong.c              0x00000000   Number         0  llushr.o ABSOLUTE
    ../clib/microlib/malloc/malloc.c         0x00000000   Number         0  malloc.o ABSOLUTE
    ../clib/microlib/malloc/malloc.c         0x00000000   Number         0  mallocr.o ABSOLUTE
    ../clib/microlib/malloc/malloc.c         0x00000000   Number         0  malloca.o ABSOLUTE
    ../clib/microlib/malloc/malloc.c         0x00000000   Number         0  mallocra.o ABSOLUTE
    ../clib/microlib/malloc/mvars.c          0x00000000   Number         0  mvars.o ABSOLUTE
    ../clib/microlib/string/memcpy.c         0x00000000   Number         0  memcpya.o ABSOLUTE
    ../clib/microlib/string/memcpy.c         0x00000000   Number         0  memcpyb.o ABSOLUTE
    ../clib/microlib/string/memset.c         0x00000000   Number         0  memseta.o ABSOLUTE
    dc.s                                     0x00000000   Number         0  dc.o ABSOLUTE
    handlers.s                               0x00000000   Number         0  handlers.o ABSOLUTE
    init.s                                   0x00000000   Number         0  init.o ABSOLUTE
    ld-temp.o                                0x00000000   Number         0  lto-llvm-037b97.o ABSOLUTE
    startup_stm32f411xe.s                    0x00000000   Number         0  startup_stm32f411xe.o ABSOLUTE
    RESET                                    0x08000000   Section      408  startup_stm32f411xe.o(RESET)
    .ARM.Collect$$$$00000000                 0x08000198   Section        0  entry.o(.ARM.Collect$$$$00000000)
    .ARM.Collect$$$$00000001                 0x08000198   Section        4  entry2.o(.ARM.Collect$$$$00000001)
    .ARM.Collect$$$$00000004                 0x0800019c   Section        4  entry5.o(.ARM.Collect$$$$00000004)
    .ARM.Collect$$$$00000008                 0x080001a0   Section        0  entry7b.o(.ARM.Collect$$$$00000008)
    .ARM.Collect$$$$0000000A                 0x080001a0   Section        0  entry8b.o(.ARM.Collect$$$$0000000A)
    .ARM.Collect$$$$0000000B                 0x080001a0   Section        8  entry9a.o(.ARM.Collect$$$$0000000B)
    __lit__00000000                          0x080001a8   Data           4  entry2.o(.ARM.Collect$$$$00002712)
    .ARM.Collect$$$$0000000D                 0x080001a8   Section        0  entry10a.o(.ARM.Collect$$$$0000000D)
    .ARM.Collect$$$$0000000F                 0x080001a8   Section        0  entry11a.o(.ARM.Collect$$$$0000000F)
    .ARM.Collect$$$$00002712                 0x080001a8   Section        4  entry2.o(.ARM.Collect$$$$00002712)
    $v0                                      0x080001ac   Number         0  startup_stm32f411xe.o(.text)
    .text                                    0x080001ac   Section       36  startup_stm32f411xe.o(.text)
    .text                                    0x080001d0   Section       36  init.o(.text)
    .text                                    0x080001f4   Section        0  uldiv.o(.text)
    .text                                    0x08000256   Section        0  memseta.o(.text)
    .text                                    0x0800027a   Section        0  llshl.o(.text)
    .text                                    0x08000298   Section        0  llushr.o(.text)
    [Anonymous Symbol]                       0x080002b8   Section        0  lto-llvm-037b97.o(.text.BusFault_Handler)
    [Anonymous Symbol]                       0x080002bc   Section        0  lto-llvm-037b97.o(.text.DMA1_Stream0_IRQHandler)
    __arm_cp.11_0                            0x080002c4   Number         4  lto-llvm-037b97.o(.text.DMA1_Stream0_IRQHandler)
    [Anonymous Symbol]                       0x080002c8   Section        0  lto-llvm-037b97.o(.text.DMA1_Stream1_IRQHandler)
    __arm_cp.12_0                            0x080002d0   Number         4  lto-llvm-037b97.o(.text.DMA1_Stream1_IRQHandler)
    [Anonymous Symbol]                       0x080002d4   Section        0  lto-llvm-037b97.o(.text.DMA2_Stream0_IRQHandler)
    __arm_cp.17_0                            0x080002dc   Number         4  lto-llvm-037b97.o(.text.DMA2_Stream0_IRQHandler)
    [Anonymous Symbol]                       0x080002e0   Section        0  lto-llvm-037b97.o(.text.DMA2_Stream2_IRQHandler)
    __arm_cp.18_0                            0x080002e8   Number         4  lto-llvm-037b97.o(.text.DMA2_Stream2_IRQHandler)
    [Anonymous Symbol]                       0x080002ec   Section        0  lto-llvm-037b97.o(.text.DebugMon_Handler)
    [Anonymous Symbol]                       0x080002f0   Section        0  lto-llvm-037b97.o(.text.EXTI0_IRQHandler)
    __arm_cp.10_0                            0x08000300   Number         4  lto-llvm-037b97.o(.text.EXTI0_IRQHandler)
    HAL_DMA_Abort_IT                         0x08000305   Thumb Code    36  lto-llvm-037b97.o(.text.HAL_DMA_Abort_IT)
    [Anonymous Symbol]                       0x08000304   Section        0  lto-llvm-037b97.o(.text.HAL_DMA_Abort_IT)
    HAL_DMA_IRQHandler                       0x08000329   Thumb Code   368  lto-llvm-037b97.o(.text.HAL_DMA_IRQHandler)
    [Anonymous Symbol]                       0x08000328   Section        0  lto-llvm-037b97.o(.text.HAL_DMA_IRQHandler)
    __arm_cp.53_0                            0x08000494   Number         4  lto-llvm-037b97.o(.text.HAL_DMA_IRQHandler)
    HAL_DMA_Init                             0x08000499   Thumb Code   324  lto-llvm-037b97.o(.text.HAL_DMA_Init)
    [Anonymous Symbol]                       0x08000498   Section        0  lto-llvm-037b97.o(.text.HAL_DMA_Init)
    __arm_cp.50_0                            0x080005cc   Number         4  lto-llvm-037b97.o(.text.HAL_DMA_Init)
    __arm_cp.50_1                            0x080005d0   Number         4  lto-llvm-037b97.o(.text.HAL_DMA_Init)
    DMA_CalcBaseAndBitshift.flagBitshiftOffset 0x080005d4   Number         0  lto-llvm-037b97.o(.text.HAL_DMA_Init)
    HAL_DMA_Start_IT                         0x080005dd   Thumb Code   158  lto-llvm-037b97.o(.text.HAL_DMA_Start_IT)
    [Anonymous Symbol]                       0x080005dc   Section        0  lto-llvm-037b97.o(.text.HAL_DMA_Start_IT)
    HAL_Delay                                0x0800067d   Thumb Code    20  lto-llvm-037b97.o(.text.HAL_Delay)
    [Anonymous Symbol]                       0x0800067c   Section        0  lto-llvm-037b97.o(.text.HAL_Delay)
    __arm_cp.56_0                            0x0800068c   Number         4  lto-llvm-037b97.o(.text.HAL_Delay)
    HAL_GPIO_Init                            0x08000691   Thumb Code   408  lto-llvm-037b97.o(.text.HAL_GPIO_Init)
    [Anonymous Symbol]                       0x08000690   Section        0  lto-llvm-037b97.o(.text.HAL_GPIO_Init)
    __arm_cp.49_0                            0x08000810   Number         4  lto-llvm-037b97.o(.text.HAL_GPIO_Init)
    __arm_cp.49_1                            0x08000814   Number         4  lto-llvm-037b97.o(.text.HAL_GPIO_Init)
    __arm_cp.49_2                            0x08000818   Number         4  lto-llvm-037b97.o(.text.HAL_GPIO_Init)
    __arm_cp.49_3                            0x0800081c   Number         4  lto-llvm-037b97.o(.text.HAL_GPIO_Init)
    __arm_cp.49_4                            0x08000820   Number         4  lto-llvm-037b97.o(.text.HAL_GPIO_Init)
    __arm_cp.49_5                            0x08000824   Number         4  lto-llvm-037b97.o(.text.HAL_GPIO_Init)
    HAL_I2C_EV_IRQHandler                    0x08000829   Thumb Code  2176  lto-llvm-037b97.o(.text.HAL_I2C_EV_IRQHandler)
    [Anonymous Symbol]                       0x08000828   Section        0  lto-llvm-037b97.o(.text.HAL_I2C_EV_IRQHandler)
    __arm_cp.58_0                            0x08001098   Number         4  lto-llvm-037b97.o(.text.HAL_I2C_EV_IRQHandler)
    __arm_cp.58_1                            0x0800109c   Number         4  lto-llvm-037b97.o(.text.HAL_I2C_EV_IRQHandler)
    __arm_cp.58_2                            0x080010a0   Number         4  lto-llvm-037b97.o(.text.HAL_I2C_EV_IRQHandler)
    __arm_cp.58_3                            0x080010a4   Number         4  lto-llvm-037b97.o(.text.HAL_I2C_EV_IRQHandler)
    HAL_InitTick                             0x080010a9   Thumb Code    76  lto-llvm-037b97.o(.text.HAL_InitTick)
    [Anonymous Symbol]                       0x080010a8   Section        0  lto-llvm-037b97.o(.text.HAL_InitTick)
    __arm_cp.55_0                            0x080010e8   Number         4  lto-llvm-037b97.o(.text.HAL_InitTick)
    __arm_cp.55_1                            0x080010ec   Number         4  lto-llvm-037b97.o(.text.HAL_InitTick)
    __arm_cp.55_2                            0x080010f0   Number         4  lto-llvm-037b97.o(.text.HAL_InitTick)
    HAL_NVIC_SetPriority                     0x080010f5   Thumb Code    80  lto-llvm-037b97.o(.text.HAL_NVIC_SetPriority)
    [Anonymous Symbol]                       0x080010f4   Section        0  lto-llvm-037b97.o(.text.HAL_NVIC_SetPriority)
    __arm_cp.54_0                            0x0800113c   Number         4  lto-llvm-037b97.o(.text.HAL_NVIC_SetPriority)
    __arm_cp.54_1                            0x08001140   Number         4  lto-llvm-037b97.o(.text.HAL_NVIC_SetPriority)
    HAL_PCDEx_SetTxFiFo                      0x08001145   Thumb Code    80  lto-llvm-037b97.o(.text.HAL_PCDEx_SetTxFiFo)
    [Anonymous Symbol]                       0x08001144   Section        0  lto-llvm-037b97.o(.text.HAL_PCDEx_SetTxFiFo)
    HAL_PCD_DataOutStageCallback             0x08001191   Thumb Code   152  lto-llvm-037b97.o(.text.HAL_PCD_DataOutStageCallback)
    [Anonymous Symbol]                       0x08001190   Section        0  lto-llvm-037b97.o(.text.HAL_PCD_DataOutStageCallback)
    __arm_cp.35_0                            0x08001224   Number         4  lto-llvm-037b97.o(.text.HAL_PCD_DataOutStageCallback)
    HAL_PCD_SetupStageCallback               0x08001229   Thumb Code  1340  lto-llvm-037b97.o(.text.HAL_PCD_SetupStageCallback)
    [Anonymous Symbol]                       0x08001228   Section        0  lto-llvm-037b97.o(.text.HAL_PCD_SetupStageCallback)
    __arm_cp.34_0                            0x0800175c   Number         4  lto-llvm-037b97.o(.text.HAL_PCD_SetupStageCallback)
    __arm_cp.34_1                            0x08001760   Number         4  lto-llvm-037b97.o(.text.HAL_PCD_SetupStageCallback)
    HAL_SPI_IRQHandler                       0x08001765   Thumb Code   252  lto-llvm-037b97.o(.text.HAL_SPI_IRQHandler)
    [Anonymous Symbol]                       0x08001764   Section        0  lto-llvm-037b97.o(.text.HAL_SPI_IRQHandler)
    __arm_cp.67_0                            0x0800185c   Number         4  lto-llvm-037b97.o(.text.HAL_SPI_IRQHandler)
    HAL_SPI_Receive_DMA                      0x08001861   Thumb Code   400  lto-llvm-037b97.o(.text.HAL_SPI_Receive_DMA)
    [Anonymous Symbol]                       0x08001860   Section        0  lto-llvm-037b97.o(.text.HAL_SPI_Receive_DMA)
    __arm_cp.62_0                            0x080019d4   Number         4  lto-llvm-037b97.o(.text.HAL_SPI_Receive_DMA)
    __arm_cp.62_2                            0x080019d8   Number         4  lto-llvm-037b97.o(.text.HAL_SPI_Receive_DMA)
    __arm_cp.62_3                            0x080019dc   Number         4  lto-llvm-037b97.o(.text.HAL_SPI_Receive_DMA)
    __arm_cp.62_4                            0x080019e0   Number         4  lto-llvm-037b97.o(.text.HAL_SPI_Receive_DMA)
    __arm_cp.62_5                            0x080019e4   Number         4  lto-llvm-037b97.o(.text.HAL_SPI_Receive_DMA)
    __arm_cp.62_6                            0x080019e8   Number         4  lto-llvm-037b97.o(.text.HAL_SPI_Receive_DMA)
    HAL_TIM_Base_Init                        0x080019ed   Thumb Code   264  lto-llvm-037b97.o(.text.HAL_TIM_Base_Init)
    [Anonymous Symbol]                       0x080019ec   Section        0  lto-llvm-037b97.o(.text.HAL_TIM_Base_Init)
    __arm_cp.69_0                            0x08001ad0   Number         4  lto-llvm-037b97.o(.text.HAL_TIM_Base_Init)
    __arm_cp.69_1                            0x08001ad4   Number         4  lto-llvm-037b97.o(.text.HAL_TIM_Base_Init)
    __arm_cp.69_2                            0x08001ad8   Number         4  lto-llvm-037b97.o(.text.HAL_TIM_Base_Init)
    __arm_cp.69_3                            0x08001adc   Number         4  lto-llvm-037b97.o(.text.HAL_TIM_Base_Init)
    __arm_cp.69_4                            0x08001ae0   Number         4  lto-llvm-037b97.o(.text.HAL_TIM_Base_Init)
    __arm_cp.69_5                            0x08001ae4   Number         4  lto-llvm-037b97.o(.text.HAL_TIM_Base_Init)
    __arm_cp.69_6                            0x08001ae8   Number         4  lto-llvm-037b97.o(.text.HAL_TIM_Base_Init)
    __arm_cp.69_7                            0x08001aec   Number         4  lto-llvm-037b97.o(.text.HAL_TIM_Base_Init)
    __arm_cp.69_8                            0x08001af0   Number         4  lto-llvm-037b97.o(.text.HAL_TIM_Base_Init)
    HAL_TIM_Base_Start_IT                    0x08001af5   Thumb Code    28  lto-llvm-037b97.o(.text.HAL_TIM_Base_Start_IT)
    [Anonymous Symbol]                       0x08001af4   Section        0  lto-llvm-037b97.o(.text.HAL_TIM_Base_Start_IT)
    HAL_TIM_IRQHandler                       0x08001b11   Thumb Code   280  lto-llvm-037b97.o(.text.HAL_TIM_IRQHandler)
    [Anonymous Symbol]                       0x08001b10   Section        0  lto-llvm-037b97.o(.text.HAL_TIM_IRQHandler)
    __arm_cp.71_0                            0x08001c18   Number         4  lto-llvm-037b97.o(.text.HAL_TIM_IRQHandler)
    __arm_cp.71_2                            0x08001c1c   Number         4  lto-llvm-037b97.o(.text.HAL_TIM_IRQHandler)
    [Anonymous Symbol]                       0x08001c20   Section        0  lto-llvm-037b97.o(.text.HardFault_Handler)
    [Anonymous Symbol]                       0x08001c24   Section        0  lto-llvm-037b97.o(.text.I2C1_EV_IRQHandler)
    __arm_cp.15_0                            0x08001c2c   Number         4  lto-llvm-037b97.o(.text.I2C1_EV_IRQHandler)
    I2C_DMAAbort                             0x08001c31   Thumb Code   138  lto-llvm-037b97.o(.text.I2C_DMAAbort)
    [Anonymous Symbol]                       0x08001c30   Section        0  lto-llvm-037b97.o(.text.I2C_DMAAbort)
    I2C_MemoryTransmit_TXE_BTF               0x08001cbb   Thumb Code   114  lto-llvm-037b97.o(.text.I2C_MemoryTransmit_TXE_BTF)
    [Anonymous Symbol]                       0x08001cba   Section        0  lto-llvm-037b97.o(.text.I2C_MemoryTransmit_TXE_BTF)
    [Anonymous Symbol]                       0x08001d2c   Section        0  lto-llvm-037b97.o(.text.MemManage_Handler)
    [Anonymous Symbol]                       0x08001d30   Section        0  lto-llvm-037b97.o(.text.NMI_Handler)
    __arm_cp.1_0                             0x08001d40   Number         4  lto-llvm-037b97.o(.text.NMI_Handler)
    NSCON_ConfigStrDescriptor                0x08001d45   Thumb Code    28  lto-llvm-037b97.o(.text.NSCON_ConfigStrDescriptor)
    [Anonymous Symbol]                       0x08001d44   Section        0  lto-llvm-037b97.o(.text.NSCON_ConfigStrDescriptor)
    NSCON_DeviceDescriptor                   0x08001d5d   Thumb Code    12  lto-llvm-037b97.o(.text.NSCON_DeviceDescriptor)
    [Anonymous Symbol]                       0x08001d5c   Section        0  lto-llvm-037b97.o(.text.NSCON_DeviceDescriptor)
    __arm_cp.27_0                            0x08001d64   Number         4  lto-llvm-037b97.o(.text.NSCON_DeviceDescriptor)
    NSCON_InterfaceStrDescriptor             0x08001d69   Thumb Code    32  lto-llvm-037b97.o(.text.NSCON_InterfaceStrDescriptor)
    [Anonymous Symbol]                       0x08001d68   Section        0  lto-llvm-037b97.o(.text.NSCON_InterfaceStrDescriptor)
    NSCON_LangIDStrDescriptor                0x08001d85   Thumb Code    12  lto-llvm-037b97.o(.text.NSCON_LangIDStrDescriptor)
    [Anonymous Symbol]                       0x08001d84   Section        0  lto-llvm-037b97.o(.text.NSCON_LangIDStrDescriptor)
    __arm_cp.28_0                            0x08001d8c   Number         4  lto-llvm-037b97.o(.text.NSCON_LangIDStrDescriptor)
    NSCON_ManufacturerStrDescriptor          0x08001d91   Thumb Code    36  lto-llvm-037b97.o(.text.NSCON_ManufacturerStrDescriptor)
    [Anonymous Symbol]                       0x08001d90   Section        0  lto-llvm-037b97.o(.text.NSCON_ManufacturerStrDescriptor)
    NSCON_ProductStrDescriptor               0x08001db1   Thumb Code    32  lto-llvm-037b97.o(.text.NSCON_ProductStrDescriptor)
    [Anonymous Symbol]                       0x08001db0   Section        0  lto-llvm-037b97.o(.text.NSCON_ProductStrDescriptor)
    __arm_cp.30_1                            0x08001dcc   Number         4  lto-llvm-037b97.o(.text.NSCON_ProductStrDescriptor)
    NSCON_SendReport                         0x08001dd1   Thumb Code    44  lto-llvm-037b97.o(.text.NSCON_SendReport)
    [Anonymous Symbol]                       0x08001dd0   Section        0  lto-llvm-037b97.o(.text.NSCON_SendReport)
    __arm_cp.26_0                            0x08001df8   Number         4  lto-llvm-037b97.o(.text.NSCON_SendReport)
    NSCON_SerialStrDescriptor                0x08001dfd   Thumb Code    12  lto-llvm-037b97.o(.text.NSCON_SerialStrDescriptor)
    [Anonymous Symbol]                       0x08001dfc   Section        0  lto-llvm-037b97.o(.text.NSCON_SerialStrDescriptor)
    __arm_cp.31_0                            0x08001e04   Number         4  lto-llvm-037b97.o(.text.NSCON_SerialStrDescriptor)
    NSCON_USBHID_DataIn                      0x08001e09   Thumb Code    44  lto-llvm-037b97.o(.text.NSCON_USBHID_DataIn)
    [Anonymous Symbol]                       0x08001e08   Section        0  lto-llvm-037b97.o(.text.NSCON_USBHID_DataIn)
    NSCON_USBHID_DataOut                     0x08001e31   Thumb Code   140  lto-llvm-037b97.o(.text.NSCON_USBHID_DataOut)
    [Anonymous Symbol]                       0x08001e30   Section        0  lto-llvm-037b97.o(.text.NSCON_USBHID_DataOut)
    __arm_cp.24_2                            0x08001eac   Number         4  lto-llvm-037b97.o(.text.NSCON_USBHID_DataOut)
    NSCON_USBHID_DeInit                      0x08001eb1   Thumb Code    44  lto-llvm-037b97.o(.text.NSCON_USBHID_DeInit)
    [Anonymous Symbol]                       0x08001eb0   Section        0  lto-llvm-037b97.o(.text.NSCON_USBHID_DeInit)
    NSCON_USBHID_GetFSCfgDesc                0x08001edd   Thumb Code    12  lto-llvm-037b97.o(.text.NSCON_USBHID_GetFSCfgDesc)
    [Anonymous Symbol]                       0x08001edc   Section        0  lto-llvm-037b97.o(.text.NSCON_USBHID_GetFSCfgDesc)
    __arm_cp.25_0                            0x08001ee4   Number         4  lto-llvm-037b97.o(.text.NSCON_USBHID_GetFSCfgDesc)
    NSCON_USBHID_Init                        0x08001ee9   Thumb Code   100  lto-llvm-037b97.o(.text.NSCON_USBHID_Init)
    [Anonymous Symbol]                       0x08001ee8   Section        0  lto-llvm-037b97.o(.text.NSCON_USBHID_Init)
    __arm_cp.20_0                            0x08001f40   Number         4  lto-llvm-037b97.o(.text.NSCON_USBHID_Init)
    __arm_cp.20_1                            0x08001f44   Number         4  lto-llvm-037b97.o(.text.NSCON_USBHID_Init)
    __arm_cp.20_2                            0x08001f48   Number         4  lto-llvm-037b97.o(.text.NSCON_USBHID_Init)
    NSCON_USBHID_Setup                       0x08001f4d   Thumb Code   200  lto-llvm-037b97.o(.text.NSCON_USBHID_Setup)
    [Anonymous Symbol]                       0x08001f4c   Section        0  lto-llvm-037b97.o(.text.NSCON_USBHID_Setup)
    __arm_cp.22_0                            0x0800200c   Number         4  lto-llvm-037b97.o(.text.NSCON_USBHID_Setup)
    __arm_cp.22_1                            0x08002010   Number         4  lto-llvm-037b97.o(.text.NSCON_USBHID_Setup)
    [Anonymous Symbol]                       0x08002014   Section        0  lto-llvm-037b97.o(.text.OTG_FS_IRQHandler)
    __arm_cp.19_24                           0x080023d0   Number         4  lto-llvm-037b97.o(.text.OTG_FS_IRQHandler)
    __arm_cp.19_0                            0x08002854   Number         4  lto-llvm-037b97.o(.text.OTG_FS_IRQHandler)
    __arm_cp.19_2                            0x08002858   Number         4  lto-llvm-037b97.o(.text.OTG_FS_IRQHandler)
    __arm_cp.19_3                            0x0800285c   Number         4  lto-llvm-037b97.o(.text.OTG_FS_IRQHandler)
    __arm_cp.19_4                            0x08002860   Number         4  lto-llvm-037b97.o(.text.OTG_FS_IRQHandler)
    __arm_cp.19_5                            0x08002864   Number         4  lto-llvm-037b97.o(.text.OTG_FS_IRQHandler)
    __arm_cp.19_6                            0x08002868   Number         4  lto-llvm-037b97.o(.text.OTG_FS_IRQHandler)
    __arm_cp.19_7                            0x0800286c   Number         4  lto-llvm-037b97.o(.text.OTG_FS_IRQHandler)
    __arm_cp.19_8                            0x08002870   Number         4  lto-llvm-037b97.o(.text.OTG_FS_IRQHandler)
    __arm_cp.19_9                            0x08002874   Number         4  lto-llvm-037b97.o(.text.OTG_FS_IRQHandler)
    __arm_cp.19_10                           0x08002878   Number         4  lto-llvm-037b97.o(.text.OTG_FS_IRQHandler)
    __arm_cp.19_11                           0x0800287c   Number         4  lto-llvm-037b97.o(.text.OTG_FS_IRQHandler)
    __arm_cp.19_12                           0x08002880   Number         4  lto-llvm-037b97.o(.text.OTG_FS_IRQHandler)
    __arm_cp.19_13                           0x08002884   Number         4  lto-llvm-037b97.o(.text.OTG_FS_IRQHandler)
    __arm_cp.19_14                           0x08002888   Number         4  lto-llvm-037b97.o(.text.OTG_FS_IRQHandler)
    __arm_cp.19_15                           0x0800288c   Number         4  lto-llvm-037b97.o(.text.OTG_FS_IRQHandler)
    __arm_cp.19_16                           0x08002890   Number         4  lto-llvm-037b97.o(.text.OTG_FS_IRQHandler)
    __arm_cp.19_17                           0x08002894   Number         4  lto-llvm-037b97.o(.text.OTG_FS_IRQHandler)
    __arm_cp.19_18                           0x08002898   Number         4  lto-llvm-037b97.o(.text.OTG_FS_IRQHandler)
    __arm_cp.19_19                           0x0800289c   Number         4  lto-llvm-037b97.o(.text.OTG_FS_IRQHandler)
    __arm_cp.19_20                           0x080028a0   Number         4  lto-llvm-037b97.o(.text.OTG_FS_IRQHandler)
    __arm_cp.19_21                           0x080028a4   Number         4  lto-llvm-037b97.o(.text.OTG_FS_IRQHandler)
    __arm_cp.19_22                           0x080028a8   Number         4  lto-llvm-037b97.o(.text.OTG_FS_IRQHandler)
    __arm_cp.19_23                           0x080028ac   Number         4  lto-llvm-037b97.o(.text.OTG_FS_IRQHandler)
    [Anonymous Symbol]                       0x080028b0   Section        0  lto-llvm-037b97.o(.text.PendSV_Handler)
    [Anonymous Symbol]                       0x080028b4   Section        0  lto-llvm-037b97.o(.text.SPI1_IRQHandler)
    __arm_cp.16_0                            0x080028bc   Number         4  lto-llvm-037b97.o(.text.SPI1_IRQHandler)
    SPI_DMAAbortOnError                      0x080028c1   Thumb Code    10  lto-llvm-037b97.o(.text.SPI_DMAAbortOnError)
    [Anonymous Symbol]                       0x080028c0   Section        0  lto-llvm-037b97.o(.text.SPI_DMAAbortOnError)
    SPI_DMAError                             0x080028cb   Thumb Code    28  lto-llvm-037b97.o(.text.SPI_DMAError)
    [Anonymous Symbol]                       0x080028ca   Section        0  lto-llvm-037b97.o(.text.SPI_DMAError)
    SPI_DMAHalfReceiveCplt                   0x080028e7   Thumb Code     2  lto-llvm-037b97.o(.text.SPI_DMAHalfReceiveCplt)
    [Anonymous Symbol]                       0x080028e6   Section        0  lto-llvm-037b97.o(.text.SPI_DMAHalfReceiveCplt)
    SPI_DMAHalfTransmitReceiveCplt           0x080028e9   Thumb Code     2  lto-llvm-037b97.o(.text.SPI_DMAHalfTransmitReceiveCplt)
    [Anonymous Symbol]                       0x080028e8   Section        0  lto-llvm-037b97.o(.text.SPI_DMAHalfTransmitReceiveCplt)
    SPI_DMAReceiveCplt                       0x080028ed   Thumb Code   564  lto-llvm-037b97.o(.text.SPI_DMAReceiveCplt)
    [Anonymous Symbol]                       0x080028ec   Section        0  lto-llvm-037b97.o(.text.SPI_DMAReceiveCplt)
    __arm_cp.64_1                            0x08002b18   Number         4  lto-llvm-037b97.o(.text.SPI_DMAReceiveCplt)
    SPI_DMATransmitReceiveCplt               0x08002b1d   Thumb Code   136  lto-llvm-037b97.o(.text.SPI_DMATransmitReceiveCplt)
    [Anonymous Symbol]                       0x08002b1c   Section        0  lto-llvm-037b97.o(.text.SPI_DMATransmitReceiveCplt)
    __arm_cp.66_1                            0x08002b98   Number         4  lto-llvm-037b97.o(.text.SPI_DMATransmitReceiveCplt)
    __arm_cp.66_2                            0x08002b9c   Number         4  lto-llvm-037b97.o(.text.SPI_DMATransmitReceiveCplt)
    SPI_WaitFlagStateUntilTimeout            0x08002ba1   Thumb Code   132  lto-llvm-037b97.o(.text.SPI_WaitFlagStateUntilTimeout)
    [Anonymous Symbol]                       0x08002ba0   Section        0  lto-llvm-037b97.o(.text.SPI_WaitFlagStateUntilTimeout)
    [Anonymous Symbol]                       0x08002c20   Section        0  lto-llvm-037b97.o(.text.SVC_Handler)
    [Anonymous Symbol]                       0x08002c24   Section        0  lto-llvm-037b97.o(.text.SysTick_Handler)
    [Anonymous Symbol]                       0x08002c30   Section        0  lto-llvm-037b97.o(.text.SystemInit)
    __arm_cp.72_0                            0x08002c48   Number         4  lto-llvm-037b97.o(.text.SystemInit)
    [Anonymous Symbol]                       0x08002c4c   Section        0  lto-llvm-037b97.o(.text.TIM1_TRG_COM_TIM11_IRQHandler)
    __arm_cp.14_0                            0x08002c54   Number         4  lto-llvm-037b97.o(.text.TIM1_TRG_COM_TIM11_IRQHandler)
    [Anonymous Symbol]                       0x08002c58   Section        0  lto-llvm-037b97.o(.text.TIM1_UP_TIM10_IRQHandler)
    __arm_cp.13_0                            0x08002c60   Number         4  lto-llvm-037b97.o(.text.TIM1_UP_TIM10_IRQHandler)
    USBD_CtlContinueSendData                 0x08002c65   Thumb Code    10  lto-llvm-037b97.o(.text.USBD_CtlContinueSendData)
    [Anonymous Symbol]                       0x08002c64   Section        0  lto-llvm-037b97.o(.text.USBD_CtlContinueSendData)
    USBD_CtlError                            0x08002c6f   Thumb Code    22  lto-llvm-037b97.o(.text.USBD_CtlError)
    [Anonymous Symbol]                       0x08002c6e   Section        0  lto-llvm-037b97.o(.text.USBD_CtlError)
    USBD_CtlSendData                         0x08002c85   Thumb Code    20  lto-llvm-037b97.o(.text.USBD_CtlSendData)
    [Anonymous Symbol]                       0x08002c84   Section        0  lto-llvm-037b97.o(.text.USBD_CtlSendData)
    USBD_CtlSendStatus                       0x08002c99   Thumb Code    16  lto-llvm-037b97.o(.text.USBD_CtlSendStatus)
    [Anonymous Symbol]                       0x08002c98   Section        0  lto-llvm-037b97.o(.text.USBD_CtlSendStatus)
    USBD_GetString                           0x08002ca9   Thumb Code    92  lto-llvm-037b97.o(.text.USBD_GetString)
    [Anonymous Symbol]                       0x08002ca8   Section        0  lto-llvm-037b97.o(.text.USBD_GetString)
    __arm_cp.75_0                            0x08002d00   Number         4  lto-llvm-037b97.o(.text.USBD_GetString)
    USBD_LL_CloseEP                          0x08002d05   Thumb Code   192  lto-llvm-037b97.o(.text.USBD_LL_CloseEP)
    [Anonymous Symbol]                       0x08002d04   Section        0  lto-llvm-037b97.o(.text.USBD_LL_CloseEP)
    __arm_cp.37_0                            0x08002dbc   Number         4  lto-llvm-037b97.o(.text.USBD_LL_CloseEP)
    __arm_cp.37_1                            0x08002dc0   Number         4  lto-llvm-037b97.o(.text.USBD_LL_CloseEP)
    USBD_LL_OpenEP                           0x08002dc5   Thumb Code   196  lto-llvm-037b97.o(.text.USBD_LL_OpenEP)
    [Anonymous Symbol]                       0x08002dc4   Section        0  lto-llvm-037b97.o(.text.USBD_LL_OpenEP)
    __arm_cp.36_0                            0x08002e84   Number         4  lto-llvm-037b97.o(.text.USBD_LL_OpenEP)
    USBD_LL_PrepareReceive                   0x08002e89   Thumb Code    80  lto-llvm-037b97.o(.text.USBD_LL_PrepareReceive)
    [Anonymous Symbol]                       0x08002e88   Section        0  lto-llvm-037b97.o(.text.USBD_LL_PrepareReceive)
    USBD_LL_StallEP                          0x08002ed9   Thumb Code   150  lto-llvm-037b97.o(.text.USBD_LL_StallEP)
    [Anonymous Symbol]                       0x08002ed8   Section        0  lto-llvm-037b97.o(.text.USBD_LL_StallEP)
    USBD_LL_Transmit                         0x08002f6f   Thumb Code    72  lto-llvm-037b97.o(.text.USBD_LL_Transmit)
    [Anonymous Symbol]                       0x08002f6e   Section        0  lto-llvm-037b97.o(.text.USBD_LL_Transmit)
    USBD_SetClassConfig                      0x08002fb7   Thumb Code    26  lto-llvm-037b97.o(.text.USBD_SetClassConfig)
    [Anonymous Symbol]                       0x08002fb6   Section        0  lto-llvm-037b97.o(.text.USBD_SetClassConfig)
    USB_CoreReset                            0x08002fd1   Thumb Code    60  lto-llvm-037b97.o(.text.USB_CoreReset)
    [Anonymous Symbol]                       0x08002fd0   Section        0  lto-llvm-037b97.o(.text.USB_CoreReset)
    USB_EP0StartXfer                         0x08003009   Thumb Code   240  lto-llvm-037b97.o(.text.USB_EP0StartXfer)
    [Anonymous Symbol]                       0x08003008   Section        0  lto-llvm-037b97.o(.text.USB_EP0StartXfer)
    __arm_cp.46_0                            0x080030f0   Number         4  lto-llvm-037b97.o(.text.USB_EP0StartXfer)
    __arm_cp.46_1                            0x080030f4   Number         4  lto-llvm-037b97.o(.text.USB_EP0StartXfer)
    USB_EP0_OutStart                         0x080030f9   Thumb Code    88  lto-llvm-037b97.o(.text.USB_EP0_OutStart)
    [Anonymous Symbol]                       0x080030f8   Section        0  lto-llvm-037b97.o(.text.USB_EP0_OutStart)
    __arm_cp.48_0                            0x0800314c   Number         4  lto-llvm-037b97.o(.text.USB_EP0_OutStart)
    USB_EPStartXfer                          0x08003151   Thumb Code   372  lto-llvm-037b97.o(.text.USB_EPStartXfer)
    [Anonymous Symbol]                       0x08003150   Section        0  lto-llvm-037b97.o(.text.USB_EPStartXfer)
    __arm_cp.44_0                            0x080032c0   Number         4  lto-llvm-037b97.o(.text.USB_EPStartXfer)
    USB_FlushTxFifo                          0x080032c5   Thumb Code    40  lto-llvm-037b97.o(.text.USB_FlushTxFifo)
    [Anonymous Symbol]                       0x080032c4   Section        0  lto-llvm-037b97.o(.text.USB_FlushTxFifo)
    __arm_cp.43_0                            0x080032e8   Number         4  lto-llvm-037b97.o(.text.USB_FlushTxFifo)
    USB_ReadPacket                           0x080032ed   Thumb Code    26  lto-llvm-037b97.o(.text.USB_ReadPacket)
    [Anonymous Symbol]                       0x080032ec   Section        0  lto-llvm-037b97.o(.text.USB_ReadPacket)
    USB_WritePacket                          0x08003307   Thumb Code    42  lto-llvm-037b97.o(.text.USB_WritePacket)
    [Anonymous Symbol]                       0x08003306   Section        0  lto-llvm-037b97.o(.text.USB_WritePacket)
    [Anonymous Symbol]                       0x08003330   Section        0  lto-llvm-037b97.o(.text.UsageFault_Handler)
    [Anonymous Symbol]                       0x08003334   Section        0  lto-llvm-037b97.o(.text.main)
    __arm_cp.0_44                            0x080034ec   Number         4  lto-llvm-037b97.o(.text.main)
    __arm_cp.0_45                            0x080034f0   Number         4  lto-llvm-037b97.o(.text.main)
    __arm_cp.0_46                            0x080034f4   Number         4  lto-llvm-037b97.o(.text.main)
    __arm_cp.0_48                            0x080034fc   Number         4  lto-llvm-037b97.o(.text.main)
    __arm_cp.0_49                            0x08003500   Number         4  lto-llvm-037b97.o(.text.main)
    __arm_cp.0_51                            0x08003508   Number         4  lto-llvm-037b97.o(.text.main)
    __arm_cp.0_52                            0x08003854   Number         4  lto-llvm-037b97.o(.text.main)
    __arm_cp.0_55                            0x08003860   Number         4  lto-llvm-037b97.o(.text.main)
    __arm_cp.0_58                            0x0800386c   Number         4  lto-llvm-037b97.o(.text.main)
    __arm_cp.0_59                            0x08003870   Number         4  lto-llvm-037b97.o(.text.main)
    __arm_cp.0_61                            0x08003878   Number         4  lto-llvm-037b97.o(.text.main)
    __arm_cp.0_62                            0x0800387c   Number         4  lto-llvm-037b97.o(.text.main)
    __arm_cp.0_63                            0x08003880   Number         4  lto-llvm-037b97.o(.text.main)
    __arm_cp.0_64                            0x08003884   Number         4  lto-llvm-037b97.o(.text.main)
    __arm_cp.0_65                            0x08003888   Number         4  lto-llvm-037b97.o(.text.main)
    __arm_cp.0_66                            0x08003ca8   Number         4  lto-llvm-037b97.o(.text.main)
    __arm_cp.0_67                            0x08003cac   Number         4  lto-llvm-037b97.o(.text.main)
    __arm_cp.0_5                             0x08003ea4   Number         4  lto-llvm-037b97.o(.text.main)
    AHBPrescTable                            0x08003ea8   Number         0  lto-llvm-037b97.o(.text.main)
    __arm_cp.0_10                            0x08003eb8   Number         4  lto-llvm-037b97.o(.text.main)
    __arm_cp.0_11                            0x08003ebc   Number         4  lto-llvm-037b97.o(.text.main)
    __arm_cp.0_12                            0x08003ec0   Number         4  lto-llvm-037b97.o(.text.main)
    __arm_cp.0_13                            0x08003ec4   Number         4  lto-llvm-037b97.o(.text.main)
    __arm_cp.0_15                            0x08003ec8   Number         4  lto-llvm-037b97.o(.text.main)
    __arm_cp.0_16                            0x08003ecc   Number         4  lto-llvm-037b97.o(.text.main)
    __arm_cp.0_17                            0x08003ed0   Number         4  lto-llvm-037b97.o(.text.main)
    __arm_cp.0_20                            0x08003ed4   Number         4  lto-llvm-037b97.o(.text.main)
    __arm_cp.0_22                            0x08003ed8   Number         4  lto-llvm-037b97.o(.text.main)
    APBPrescTable                            0x08003edc   Number         0  lto-llvm-037b97.o(.text.main)
    __arm_cp.0_29                            0x08003ee4   Number         4  lto-llvm-037b97.o(.text.main)
    __arm_cp.0_30                            0x08003ee8   Number         4  lto-llvm-037b97.o(.text.main)
    __arm_cp.0_31                            0x08003eec   Number         4  lto-llvm-037b97.o(.text.main)
    __arm_cp.0_32                            0x08003ef0   Number         4  lto-llvm-037b97.o(.text.main)
    __arm_cp.0_33                            0x08003ef4   Number         4  lto-llvm-037b97.o(.text.main)
    __arm_cp.0_34                            0x08003ef8   Number         4  lto-llvm-037b97.o(.text.main)
    __arm_cp.0_35                            0x08003efc   Number         4  lto-llvm-037b97.o(.text.main)
    __arm_cp.0_36                            0x08003f00   Number         4  lto-llvm-037b97.o(.text.main)
    __arm_cp.0_37                            0x08003f04   Number         4  lto-llvm-037b97.o(.text.main)
    __arm_cp.0_38                            0x08003f08   Number         4  lto-llvm-037b97.o(.text.main)
    __arm_cp.0_39                            0x08003f0c   Number         4  lto-llvm-037b97.o(.text.main)
    __arm_cp.0_40                            0x08003f10   Number         4  lto-llvm-037b97.o(.text.main)
    __arm_cp.0_41                            0x08003f14   Number         4  lto-llvm-037b97.o(.text.main)
    __arm_cp.0_42                            0x08003f18   Number         4  lto-llvm-037b97.o(.text.main)
    __arm_cp.0_43                            0x08003f1c   Number         4  lto-llvm-037b97.o(.text.main)
    i.__scatterload_copy                     0x08003f20   Section       14  handlers.o(i.__scatterload_copy)
    i.__scatterload_null                     0x08003f2e   Section        2  handlers.o(i.__scatterload_null)
    i.__scatterload_zeroinit                 0x08003f30   Section       14  handlers.o(i.__scatterload_zeroinit)
    i.free                                   0x08003f40   Section        0  malloc.o(i.free)
    i.malloc                                 0x08003f90   Section        0  malloc.o(i.malloc)
    NSCON_CfgDesc                            0x08003ffc   Data          41  lto-llvm-037b97.o(.rodata.NSCON_CfgDesc)
    [Anonymous Symbol]                       0x08003ffc   Section        0  lto-llvm-037b97.o(.rodata.NSCON_CfgDesc)
    NSCON_DeviceDesc                         0x08004028   Data          18  lto-llvm-037b97.o(.rodata.NSCON_DeviceDesc)
    [Anonymous Symbol]                       0x08004028   Section        0  lto-llvm-037b97.o(.rodata.NSCON_DeviceDesc)
    NSCON_FS_Desc                            0x0800403c   Data          28  lto-llvm-037b97.o(.rodata.NSCON_FS_Desc)
    [Anonymous Symbol]                       0x0800403c   Section        0  lto-llvm-037b97.o(.rodata.NSCON_FS_Desc)
    NSCON_HID_Desc                           0x08004058   Data           9  lto-llvm-037b97.o(.rodata.NSCON_HID_Desc)
    [Anonymous Symbol]                       0x08004058   Section        0  lto-llvm-037b97.o(.rodata.NSCON_HID_Desc)
    NSCON_LangIDDesc                         0x08004064   Data           4  lto-llvm-037b97.o(.rodata.NSCON_LangIDDesc)
    [Anonymous Symbol]                       0x08004064   Section        0  lto-llvm-037b97.o(.rodata.NSCON_LangIDDesc)
    NSCON_ReportDesc                         0x08004068   Data         203  lto-llvm-037b97.o(.rodata.NSCON_ReportDesc)
    [Anonymous Symbol]                       0x08004068   Section        0  lto-llvm-037b97.o(.rodata.NSCON_ReportDesc)
    NSCON_StringSerial                       0x08004134   Data          26  lto-llvm-037b97.o(.rodata.NSCON_StringSerial)
    [Anonymous Symbol]                       0x08004134   Section        0  lto-llvm-037b97.o(.rodata.NSCON_StringSerial)
    NSCON_class                              0x08004150   Data          56  lto-llvm-037b97.o(.rodata.NSCON_class)
    [Anonymous Symbol]                       0x08004150   Section        0  lto-llvm-037b97.o(.rodata.NSCON_class)
    NSCON_initcmd                            0x08004188   Data        1408  lto-llvm-037b97.o(.rodata.NSCON_initcmd)
    [Anonymous Symbol]                       0x08004188   Section        0  lto-llvm-037b97.o(.rodata.NSCON_initcmd)
    .data                                    0x20000000   Section        4  mvars.o(.data)
    .data                                    0x20000004   Section        4  mvars.o(.data)
    uwTickPrio                               0x20000008   Data           4  lto-llvm-037b97.o(.data..L_MergedGlobals)
    [Anonymous Symbol]                       0x20000008   Section        0  lto-llvm-037b97.o(.data..L_MergedGlobals)
    SystemCoreClock                          0x2000000c   Data           4  lto-llvm-037b97.o(.data..L_MergedGlobals)
    NSCON_Report                             0x20000010   Data          64  lto-llvm-037b97.o(.data.NSCON_Report)
    [Anonymous Symbol]                       0x20000010   Section        0  lto-llvm-037b97.o(.data.NSCON_Report)
    init_cmdptr                              0x20000050   Data           1  lto-llvm-037b97.o(.bss..L_MergedGlobals.274)
    [Anonymous Symbol]                       0x20000050   Section        0  lto-llvm-037b97.o(.bss..L_MergedGlobals.274)
    init_state                               0x20000051   Data           1  lto-llvm-037b97.o(.bss..L_MergedGlobals.274)
    dataout_last_length                      0x20000054   Data           4  lto-llvm-037b97.o(.bss..L_MergedGlobals.274)
    uwTick                                   0x20000058   Data           4  lto-llvm-037b97.o(.bss..L_MergedGlobals.274)
    steamreport                              0x2000005c   Data          38  lto-llvm-037b97.o(.bss..L_MergedGlobals.274)
    htim10                                   0x20000084   Data          64  lto-llvm-037b97.o(.bss..L_MergedGlobals.274)
    NSCON_StrDesc                            0x200000c4   Data          64  lto-llvm-037b97.o(.bss.NSCON_StrDesc)
    [Anonymous Symbol]                       0x200000c4   Section        0  lto-llvm-037b97.o(.bss.NSCON_StrDesc)
    NSCON_USB_Handle                         0x20000104   Data         668  lto-llvm-037b97.o(.bss.NSCON_USB_Handle)
    [Anonymous Symbol]                       0x20000104   Section        0  lto-llvm-037b97.o(.bss.NSCON_USB_Handle)
    USBD_SetConfig.cfgidx                    0x200003a0   Data           1  lto-llvm-037b97.o(.bss.USBD_SetConfig.cfgidx)
    [Anonymous Symbol]                       0x200003a0   Section        0  lto-llvm-037b97.o(.bss.USBD_SetConfig.cfgidx)
    dataout_buffer                           0x200003a1   Data          64  lto-llvm-037b97.o(.bss.dataout_buffer)
    [Anonymous Symbol]                       0x200003a1   Section        0  lto-llvm-037b97.o(.bss.dataout_buffer)
    hdma_i2c1_rx                             0x200003e4   Data          96  lto-llvm-037b97.o(.bss.hdma_i2c1_rx)
    [Anonymous Symbol]                       0x200003e4   Section        0  lto-llvm-037b97.o(.bss.hdma_i2c1_rx)
    hdma_i2c1_tx                             0x20000444   Data          96  lto-llvm-037b97.o(.bss.hdma_i2c1_tx)
    [Anonymous Symbol]                       0x20000444   Section        0  lto-llvm-037b97.o(.bss.hdma_i2c1_tx)
    hdma_spi1_rx                             0x200004a4   Data          96  lto-llvm-037b97.o(.bss.hdma_spi1_rx)
    [Anonymous Symbol]                       0x200004a4   Section        0  lto-llvm-037b97.o(.bss.hdma_spi1_rx)
    hdma_spi1_tx                             0x20000504   Data          96  lto-llvm-037b97.o(.bss.hdma_spi1_tx)
    [Anonymous Symbol]                       0x20000504   Section        0  lto-llvm-037b97.o(.bss.hdma_spi1_tx)
    hi2c1                                    0x20000564   Data          84  lto-llvm-037b97.o(.bss.hi2c1)
    [Anonymous Symbol]                       0x20000564   Section        0  lto-llvm-037b97.o(.bss.hi2c1)
    hpcd_USB_OTG_FS                          0x200005b8   Data        1032  lto-llvm-037b97.o(.bss.hpcd_USB_OTG_FS)
    [Anonymous Symbol]                       0x200005b8   Section        0  lto-llvm-037b97.o(.bss.hpcd_USB_OTG_FS)
    hspi1                                    0x200009c0   Data          88  lto-llvm-037b97.o(.bss.hspi1)
    [Anonymous Symbol]                       0x200009c0   Section        0  lto-llvm-037b97.o(.bss.hspi1)
    htim11                                   0x20000a18   Data          64  lto-llvm-037b97.o(.bss.htim11)
    [Anonymous Symbol]                       0x20000a18   Section        0  lto-llvm-037b97.o(.bss.htim11)
    HEAP                                     0x20000a58   Section      512  startup_stm32f411xe.o(HEAP)
    STACK                                    0x20000c58   Section     1024  startup_stm32f411xe.o(STACK)

    Global Symbols

    Symbol Name                              Value     Ov Type        Size  Object(Section)

    BuildAttributes$$THM_ISAv4$E$P$D$K$B$S$7EM$VFPi3$EXTD16$VFPS$VFMA$PE$A:L22UL41UL21$X:L11$S22US41US21$IEEE1$IW$~IW$USESV6$~STKCKD$USESV7$~SHL$OSPACE$IEEEF$EBA8$MICROLIB$REQ8$PRES8$EABIv2 0x00000000   Number         0  anon$$obj.o ABSOLUTE
    __cpp_initialize__aeabi_                  - Undefined Weak Reference
    __cxa_finalize                            - Undefined Weak Reference
    __decompress                              - Undefined Weak Reference
    _clock_init                               - Undefined Weak Reference
    _microlib_exit                            - Undefined Weak Reference
    __Vectors_Size                           0x00000198   Number         0  startup_stm32f411xe.o ABSOLUTE
    __Vectors                                0x08000000   Data           4  startup_stm32f411xe.o(RESET)
    __Vectors_End                            0x08000198   Data           0  startup_stm32f411xe.o(RESET)
    __main                                   0x08000199   Thumb Code     0  entry.o(.ARM.Collect$$$$00000000)
    _main_stk                                0x08000199   Thumb Code     0  entry2.o(.ARM.Collect$$$$00000001)
    _main_scatterload                        0x0800019d   Thumb Code     0  entry5.o(.ARM.Collect$$$$00000004)
    __main_after_scatterload                 0x080001a1   Thumb Code     0  entry5.o(.ARM.Collect$$$$00000004)
    _main_clock                              0x080001a1   Thumb Code     0  entry7b.o(.ARM.Collect$$$$00000008)
    _main_cpp_init                           0x080001a1   Thumb Code     0  entry8b.o(.ARM.Collect$$$$0000000A)
    _main_init                               0x080001a1   Thumb Code     0  entry9a.o(.ARM.Collect$$$$0000000B)
    __rt_final_cpp                           0x080001a9   Thumb Code     0  entry10a.o(.ARM.Collect$$$$0000000D)
    __rt_final_exit                          0x080001a9   Thumb Code     0  entry11a.o(.ARM.Collect$$$$0000000F)
    Reset_Handler                            0x080001ad   Thumb Code     8  startup_stm32f411xe.o(.text)
    ADC_IRQHandler                           0x080001c7   Thumb Code     0  startup_stm32f411xe.o(.text)
    DMA1_Stream2_IRQHandler                  0x080001c7   Thumb Code     0  startup_stm32f411xe.o(.text)
    DMA1_Stream3_IRQHandler                  0x080001c7   Thumb Code     0  startup_stm32f411xe.o(.text)
    DMA1_Stream4_IRQHandler                  0x080001c7   Thumb Code     0  startup_stm32f411xe.o(.text)
    DMA1_Stream5_IRQHandler                  0x080001c7   Thumb Code     0  startup_stm32f411xe.o(.text)
    DMA1_Stream6_IRQHandler                  0x080001c7   Thumb Code     0  startup_stm32f411xe.o(.text)
    DMA1_Stream7_IRQHandler                  0x080001c7   Thumb Code     0  startup_stm32f411xe.o(.text)
    DMA2_Stream1_IRQHandler                  0x080001c7   Thumb Code     0  startup_stm32f411xe.o(.text)
    DMA2_Stream3_IRQHandler                  0x080001c7   Thumb Code     0  startup_stm32f411xe.o(.text)
    DMA2_Stream4_IRQHandler                  0x080001c7   Thumb Code     0  startup_stm32f411xe.o(.text)
    DMA2_Stream5_IRQHandler                  0x080001c7   Thumb Code     0  startup_stm32f411xe.o(.text)
    DMA2_Stream6_IRQHandler                  0x080001c7   Thumb Code     0  startup_stm32f411xe.o(.text)
    DMA2_Stream7_IRQHandler                  0x080001c7   Thumb Code     0  startup_stm32f411xe.o(.text)
    EXTI15_10_IRQHandler                     0x080001c7   Thumb Code     0  startup_stm32f411xe.o(.text)
    EXTI1_IRQHandler                         0x080001c7   Thumb Code     0  startup_stm32f411xe.o(.text)
    EXTI2_IRQHandler                         0x080001c7   Thumb Code     0  startup_stm32f411xe.o(.text)
    EXTI3_IRQHandler                         0x080001c7   Thumb Code     0  startup_stm32f411xe.o(.text)
    EXTI4_IRQHandler                         0x080001c7   Thumb Code     0  startup_stm32f411xe.o(.text)
    EXTI9_5_IRQHandler                       0x080001c7   Thumb Code     0  startup_stm32f411xe.o(.text)
    FLASH_IRQHandler                         0x080001c7   Thumb Code     0  startup_stm32f411xe.o(.text)
    FPU_IRQHandler                           0x080001c7   Thumb Code     0  startup_stm32f411xe.o(.text)
    I2C1_ER_IRQHandler                       0x080001c7   Thumb Code     0  startup_stm32f411xe.o(.text)
    I2C2_ER_IRQHandler                       0x080001c7   Thumb Code     0  startup_stm32f411xe.o(.text)
    I2C2_EV_IRQHandler                       0x080001c7   Thumb Code     0  startup_stm32f411xe.o(.text)
    I2C3_ER_IRQHandler                       0x080001c7   Thumb Code     0  startup_stm32f411xe.o(.text)
    I2C3_EV_IRQHandler                       0x080001c7   Thumb Code     0  startup_stm32f411xe.o(.text)
    OTG_FS_WKUP_IRQHandler                   0x080001c7   Thumb Code     0  startup_stm32f411xe.o(.text)
    PVD_IRQHandler                           0x080001c7   Thumb Code     0  startup_stm32f411xe.o(.text)
    RCC_IRQHandler                           0x080001c7   Thumb Code     0  startup_stm32f411xe.o(.text)
    RTC_Alarm_IRQHandler                     0x080001c7   Thumb Code     0  startup_stm32f411xe.o(.text)
    RTC_WKUP_IRQHandler                      0x080001c7   Thumb Code     0  startup_stm32f411xe.o(.text)
    SDIO_IRQHandler                          0x080001c7   Thumb Code     0  startup_stm32f411xe.o(.text)
    SPI2_IRQHandler                          0x080001c7   Thumb Code     0  startup_stm32f411xe.o(.text)
    SPI3_IRQHandler                          0x080001c7   Thumb Code     0  startup_stm32f411xe.o(.text)
    SPI4_IRQHandler                          0x080001c7   Thumb Code     0  startup_stm32f411xe.o(.text)
    SPI5_IRQHandler                          0x080001c7   Thumb Code     0  startup_stm32f411xe.o(.text)
    TAMP_STAMP_IRQHandler                    0x080001c7   Thumb Code     0  startup_stm32f411xe.o(.text)
    TIM1_BRK_TIM9_IRQHandler                 0x080001c7   Thumb Code     0  startup_stm32f411xe.o(.text)
    TIM1_CC_IRQHandler                       0x080001c7   Thumb Code     0  startup_stm32f411xe.o(.text)
    TIM2_IRQHandler                          0x080001c7   Thumb Code     0  startup_stm32f411xe.o(.text)
    TIM3_IRQHandler                          0x080001c7   Thumb Code     0  startup_stm32f411xe.o(.text)
    TIM4_IRQHandler                          0x080001c7   Thumb Code     0  startup_stm32f411xe.o(.text)
    TIM5_IRQHandler                          0x080001c7   Thumb Code     0  startup_stm32f411xe.o(.text)
    USART1_IRQHandler                        0x080001c7   Thumb Code     0  startup_stm32f411xe.o(.text)
    USART2_IRQHandler                        0x080001c7   Thumb Code     0  startup_stm32f411xe.o(.text)
    USART6_IRQHandler                        0x080001c7   Thumb Code     0  startup_stm32f411xe.o(.text)
    WWDG_IRQHandler                          0x080001c7   Thumb Code     0  startup_stm32f411xe.o(.text)
    __scatterload                            0x080001d1   Thumb Code    28  init.o(.text)
    __scatterload_rt2                        0x080001d1   Thumb Code     0  init.o(.text)
    __aeabi_uldivmod                         0x080001f5   Thumb Code    98  uldiv.o(.text)
    __aeabi_memset                           0x08000257   Thumb Code    14  memseta.o(.text)
    __aeabi_memset4                          0x08000257   Thumb Code     0  memseta.o(.text)
    __aeabi_memset8                          0x08000257   Thumb Code     0  memseta.o(.text)
    __aeabi_memclr                           0x08000265   Thumb Code     4  memseta.o(.text)
    __aeabi_memclr4                          0x08000265   Thumb Code     0  memseta.o(.text)
    __aeabi_memclr8                          0x08000265   Thumb Code     0  memseta.o(.text)
    _memset$wrapper                          0x08000269   Thumb Code    18  memseta.o(.text)
    __aeabi_llsl                             0x0800027b   Thumb Code    30  llshl.o(.text)
    _ll_shift_l                              0x0800027b   Thumb Code     0  llshl.o(.text)
    __aeabi_llsr                             0x08000299   Thumb Code    32  llushr.o(.text)
    _ll_ushift_r                             0x08000299   Thumb Code     0  llushr.o(.text)
    BusFault_Handler                         0x080002b9   Thumb Code     2  lto-llvm-037b97.o(.text.BusFault_Handler)
    DMA1_Stream0_IRQHandler                  0x080002bd   Thumb Code    12  lto-llvm-037b97.o(.text.DMA1_Stream0_IRQHandler)
    DMA1_Stream1_IRQHandler                  0x080002c9   Thumb Code    12  lto-llvm-037b97.o(.text.DMA1_Stream1_IRQHandler)
    DMA2_Stream0_IRQHandler                  0x080002d5   Thumb Code    12  lto-llvm-037b97.o(.text.DMA2_Stream0_IRQHandler)
    DMA2_Stream2_IRQHandler                  0x080002e1   Thumb Code    12  lto-llvm-037b97.o(.text.DMA2_Stream2_IRQHandler)
    DebugMon_Handler                         0x080002ed   Thumb Code     2  lto-llvm-037b97.o(.text.DebugMon_Handler)
    EXTI0_IRQHandler                         0x080002f1   Thumb Code    20  lto-llvm-037b97.o(.text.EXTI0_IRQHandler)
    HardFault_Handler                        0x08001c21   Thumb Code     2  lto-llvm-037b97.o(.text.HardFault_Handler)
    I2C1_EV_IRQHandler                       0x08001c25   Thumb Code    12  lto-llvm-037b97.o(.text.I2C1_EV_IRQHandler)
    MemManage_Handler                        0x08001d2d   Thumb Code     2  lto-llvm-037b97.o(.text.MemManage_Handler)
    NMI_Handler                              0x08001d31   Thumb Code    20  lto-llvm-037b97.o(.text.NMI_Handler)
    OTG_FS_IRQHandler                        0x08002015   Thumb Code  2204  lto-llvm-037b97.o(.text.OTG_FS_IRQHandler)
    PendSV_Handler                           0x080028b1   Thumb Code     2  lto-llvm-037b97.o(.text.PendSV_Handler)
    SPI1_IRQHandler                          0x080028b5   Thumb Code    12  lto-llvm-037b97.o(.text.SPI1_IRQHandler)
    SVC_Handler                              0x08002c21   Thumb Code     2  lto-llvm-037b97.o(.text.SVC_Handler)
    SysTick_Handler                          0x08002c25   Thumb Code    16  lto-llvm-037b97.o(.text.SysTick_Handler)
    SystemInit                               0x08002c31   Thumb Code    28  lto-llvm-037b97.o(.text.SystemInit)
    TIM1_TRG_COM_TIM11_IRQHandler            0x08002c4d   Thumb Code    12  lto-llvm-037b97.o(.text.TIM1_TRG_COM_TIM11_IRQHandler)
    TIM1_UP_TIM10_IRQHandler                 0x08002c59   Thumb Code    12  lto-llvm-037b97.o(.text.TIM1_UP_TIM10_IRQHandler)
    UsageFault_Handler                       0x08003331   Thumb Code     2  lto-llvm-037b97.o(.text.UsageFault_Handler)
    main                                     0x08003335   Thumb Code  3052  lto-llvm-037b97.o(.text.main)
    __scatterload_copy                       0x08003f21   Thumb Code    14  handlers.o(i.__scatterload_copy)
    __scatterload_null                       0x08003f2f   Thumb Code     2  handlers.o(i.__scatterload_null)
    __scatterload_zeroinit                   0x08003f31   Thumb Code    14  handlers.o(i.__scatterload_zeroinit)
    free                                     0x08003f41   Thumb Code    76  malloc.o(i.free)
    malloc                                   0x08003f91   Thumb Code    92  malloc.o(i.malloc)
    Region$$Table$$Base                      0x08004708   Number         0  anon$$obj.o(Region$$Table)
    Region$$Table$$Limit                     0x08004728   Number         0  anon$$obj.o(Region$$Table)
    __microlib_freelist                      0x20000000   Data           4  mvars.o(.data)
    __microlib_freelist_initialised          0x20000004   Data           4  mvars.o(.data)
    __heap_base                              0x20000a58   Data           0  startup_stm32f411xe.o(HEAP)
    __heap_limit                             0x20000c58   Data           0  startup_stm32f411xe.o(HEAP)
    __initial_sp                             0x20001058   Data           0  startup_stm32f411xe.o(STACK)



==============================================================================

Memory Map of the image

  Image Entry point : 0x08000199

  Load Region LR_IROM1 (Base: 0x08000000, Size: 0x00004778, Max: 0x00080000, ABSOLUTE)

    Execution Region ER_IROM1 (Exec base: 0x08000000, Load base: 0x08000000, Size: 0x00004728, Max: 0x00080000, ABSOLUTE)

    Exec Addr    Load Addr    Size         Type   Attr      Idx    E Section Name        Object

    0x08000000   0x08000000   0x00000198   Data   RO            3    RESET               startup_stm32f411xe.o
    0x08000198   0x08000198   0x00000000   Code   RO           48  * .ARM.Collect$$$$00000000  mc_w.l(entry.o)
    0x08000198   0x08000198   0x00000004   Code   RO           79    .ARM.Collect$$$$00000001  mc_w.l(entry2.o)
    0x0800019c   0x0800019c   0x00000004   Code   RO           82    .ARM.Collect$$$$00000004  mc_w.l(entry5.o)
    0x080001a0   0x080001a0   0x00000000   Code   RO           84    .ARM.Collect$$$$00000008  mc_w.l(entry7b.o)
    0x080001a0   0x080001a0   0x00000000   Code   RO           86    .ARM.Collect$$$$0000000A  mc_w.l(entry8b.o)
    0x080001a0   0x080001a0   0x00000008   Code   RO           87    .ARM.Collect$$$$0000000B  mc_w.l(entry9a.o)
    0x080001a8   0x080001a8   0x00000000   Code   RO           89    .ARM.Collect$$$$0000000D  mc_w.l(entry10a.o)
    0x080001a8   0x080001a8   0x00000000   Code   RO           91    .ARM.Collect$$$$0000000F  mc_w.l(entry11a.o)
    0x080001a8   0x080001a8   0x00000004   Code   RO           80    .ARM.Collect$$$$00002712  mc_w.l(entry2.o)
    0x080001ac   0x080001ac   0x00000024   Code   RO            4    .text               startup_stm32f411xe.o
    0x080001d0   0x080001d0   0x00000024   Code   RO           99    .text               mc_w.l(init.o)
    0x080001f4   0x080001f4   0x00000062   Code   RO          293    .text               mc_w.l(uldiv.o)
    0x08000256   0x08000256   0x00000024   Code   RO          295    .text               mc_w.l(memseta.o)
    0x0800027a   0x0800027a   0x0000001e   Code   RO          297    .text               mc_w.l(llshl.o)
    0x08000298   0x08000298   0x00000020   Code   RO          299    .text               mc_w.l(llushr.o)
    0x080002b8   0x080002b8   0x00000002   Code   RO          110    .text.BusFault_Handler  lto-llvm-037b97.o
    0x080002ba   0x080002ba   0x00000002   PAD
    0x080002bc   0x080002bc   0x0000000c   Code   RO          124    .text.DMA1_Stream0_IRQHandler  lto-llvm-037b97.o
    0x080002c8   0x080002c8   0x0000000c   Code   RO          126    .text.DMA1_Stream1_IRQHandler  lto-llvm-037b97.o
    0x080002d4   0x080002d4   0x0000000c   Code   RO          136    .text.DMA2_Stream0_IRQHandler  lto-llvm-037b97.o
    0x080002e0   0x080002e0   0x0000000c   Code   RO          138    .text.DMA2_Stream2_IRQHandler  lto-llvm-037b97.o
    0x080002ec   0x080002ec   0x00000002   Code   RO          116    .text.DebugMon_Handler  lto-llvm-037b97.o
    0x080002ee   0x080002ee   0x00000002   PAD
    0x080002f0   0x080002f0   0x00000014   Code   RO          122    .text.EXTI0_IRQHandler  lto-llvm-037b97.o
    0x08000304   0x08000304   0x00000024   Code   RO          206    .text.HAL_DMA_Abort_IT  lto-llvm-037b97.o
    0x08000328   0x08000328   0x00000170   Code   RO          208    .text.HAL_DMA_IRQHandler  lto-llvm-037b97.o
    0x08000498   0x08000498   0x00000144   Code   RO          202    .text.HAL_DMA_Init  lto-llvm-037b97.o
    0x080005dc   0x080005dc   0x0000009e   Code   RO          204    .text.HAL_DMA_Start_IT  lto-llvm-037b97.o
    0x0800067a   0x0800067a   0x00000002   PAD
    0x0800067c   0x0800067c   0x00000014   Code   RO          214    .text.HAL_Delay     lto-llvm-037b97.o
    0x08000690   0x08000690   0x00000198   Code   RO          200    .text.HAL_GPIO_Init  lto-llvm-037b97.o
    0x08000828   0x08000828   0x00000880   Code   RO          218    .text.HAL_I2C_EV_IRQHandler  lto-llvm-037b97.o
    0x080010a8   0x080010a8   0x0000004c   Code   RO          212    .text.HAL_InitTick  lto-llvm-037b97.o
    0x080010f4   0x080010f4   0x00000050   Code   RO          210    .text.HAL_NVIC_SetPriority  lto-llvm-037b97.o
    0x08001144   0x08001144   0x0000004c   Code   RO          184    .text.HAL_PCDEx_SetTxFiFo  lto-llvm-037b97.o
    0x08001190   0x08001190   0x00000098   Code   RO          172    .text.HAL_PCD_DataOutStageCallback  lto-llvm-037b97.o
    0x08001228   0x08001228   0x0000053c   Code   RO          170    .text.HAL_PCD_SetupStageCallback  lto-llvm-037b97.o
    0x08001764   0x08001764   0x000000fc   Code   RO          236    .text.HAL_SPI_IRQHandler  lto-llvm-037b97.o
    0x08001860   0x08001860   0x0000018c   Code   RO          226    .text.HAL_SPI_Receive_DMA  lto-llvm-037b97.o
    0x080019ec   0x080019ec   0x00000108   Code   RO          240    .text.HAL_TIM_Base_Init  lto-llvm-037b97.o
    0x08001af4   0x08001af4   0x0000001c   Code   RO          242    .text.HAL_TIM_Base_Start_IT  lto-llvm-037b97.o
    0x08001b10   0x08001b10   0x00000110   Code   RO          244    .text.HAL_TIM_IRQHandler  lto-llvm-037b97.o
    0x08001c20   0x08001c20   0x00000002   Code   RO          106    .text.HardFault_Handler  lto-llvm-037b97.o
    0x08001c22   0x08001c22   0x00000002   PAD
    0x08001c24   0x08001c24   0x0000000c   Code   RO          132    .text.I2C1_EV_IRQHandler  lto-llvm-037b97.o
    0x08001c30   0x08001c30   0x0000008a   Code   RO          216    .text.I2C_DMAAbort  lto-llvm-037b97.o
    0x08001cba   0x08001cba   0x00000072   Code   RO          220    .text.I2C_MemoryTransmit_TXE_BTF  lto-llvm-037b97.o
    0x08001d2c   0x08001d2c   0x00000002   Code   RO          108    .text.MemManage_Handler  lto-llvm-037b97.o
    0x08001d2e   0x08001d2e   0x00000002   PAD
    0x08001d30   0x08001d30   0x00000014   Code   RO          104    .text.NMI_Handler   lto-llvm-037b97.o
    0x08001d44   0x08001d44   0x00000018   Code   RO          166    .text.NSCON_ConfigStrDescriptor  lto-llvm-037b97.o
    0x08001d5c   0x08001d5c   0x0000000c   Code   RO          156    .text.NSCON_DeviceDescriptor  lto-llvm-037b97.o
    0x08001d68   0x08001d68   0x0000001c   Code   RO          168    .text.NSCON_InterfaceStrDescriptor  lto-llvm-037b97.o
    0x08001d84   0x08001d84   0x0000000c   Code   RO          158    .text.NSCON_LangIDStrDescriptor  lto-llvm-037b97.o
    0x08001d90   0x08001d90   0x00000020   Code   RO          160    .text.NSCON_ManufacturerStrDescriptor  lto-llvm-037b97.o
    0x08001db0   0x08001db0   0x00000020   Code   RO          162    .text.NSCON_ProductStrDescriptor  lto-llvm-037b97.o
    0x08001dd0   0x08001dd0   0x0000002c   Code   RO          154    .text.NSCON_SendReport  lto-llvm-037b97.o
    0x08001dfc   0x08001dfc   0x0000000c   Code   RO          164    .text.NSCON_SerialStrDescriptor  lto-llvm-037b97.o
    0x08001e08   0x08001e08   0x00000028   Code   RO          148    .text.NSCON_USBHID_DataIn  lto-llvm-037b97.o
    0x08001e30   0x08001e30   0x00000080   Code   RO          150    .text.NSCON_USBHID_DataOut  lto-llvm-037b97.o
    0x08001eb0   0x08001eb0   0x0000002c   Code   RO          144    .text.NSCON_USBHID_DeInit  lto-llvm-037b97.o
    0x08001edc   0x08001edc   0x0000000c   Code   RO          152    .text.NSCON_USBHID_GetFSCfgDesc  lto-llvm-037b97.o
    0x08001ee8   0x08001ee8   0x00000064   Code   RO          142    .text.NSCON_USBHID_Init  lto-llvm-037b97.o
    0x08001f4c   0x08001f4c   0x000000c8   Code   RO          146    .text.NSCON_USBHID_Setup  lto-llvm-037b97.o
    0x08002014   0x08002014   0x0000089c   Code   RO          140    .text.OTG_FS_IRQHandler  lto-llvm-037b97.o
    0x080028b0   0x080028b0   0x00000002   Code   RO          118    .text.PendSV_Handler  lto-llvm-037b97.o
    0x080028b2   0x080028b2   0x00000002   PAD
    0x080028b4   0x080028b4   0x0000000c   Code   RO          134    .text.SPI1_IRQHandler  lto-llvm-037b97.o
    0x080028c0   0x080028c0   0x0000000a   Code   RO          238    .text.SPI_DMAAbortOnError  lto-llvm-037b97.o
    0x080028ca   0x080028ca   0x0000001c   Code   RO          224    .text.SPI_DMAError  lto-llvm-037b97.o
    0x080028e6   0x080028e6   0x00000002   Code   RO          228    .text.SPI_DMAHalfReceiveCplt  lto-llvm-037b97.o
    0x080028e8   0x080028e8   0x00000002   Code   RO          232    .text.SPI_DMAHalfTransmitReceiveCplt  lto-llvm-037b97.o
    0x080028ea   0x080028ea   0x00000002   PAD
    0x080028ec   0x080028ec   0x00000230   Code   RO          230    .text.SPI_DMAReceiveCplt  lto-llvm-037b97.o
    0x08002b1c   0x08002b1c   0x00000084   Code   RO          234    .text.SPI_DMATransmitReceiveCplt  lto-llvm-037b97.o
    0x08002ba0   0x08002ba0   0x00000080   Code   RO          222    .text.SPI_WaitFlagStateUntilTimeout  lto-llvm-037b97.o
    0x08002c20   0x08002c20   0x00000002   Code   RO          114    .text.SVC_Handler   lto-llvm-037b97.o
    0x08002c22   0x08002c22   0x00000002   PAD
    0x08002c24   0x08002c24   0x0000000c   Code   RO          120    .text.SysTick_Handler  lto-llvm-037b97.o
    0x08002c30   0x08002c30   0x0000001c   Code   RO          246    .text.SystemInit    lto-llvm-037b97.o
    0x08002c4c   0x08002c4c   0x0000000c   Code   RO          130    .text.TIM1_TRG_COM_TIM11_IRQHandler  lto-llvm-037b97.o
    0x08002c58   0x08002c58   0x0000000c   Code   RO          128    .text.TIM1_UP_TIM10_IRQHandler  lto-llvm-037b97.o
    0x08002c64   0x08002c64   0x0000000a   Code   RO          256    .text.USBD_CtlContinueSendData  lto-llvm-037b97.o
    0x08002c6e   0x08002c6e   0x00000016   Code   RO          250    .text.USBD_CtlError  lto-llvm-037b97.o
    0x08002c84   0x08002c84   0x00000014   Code   RO          254    .text.USBD_CtlSendData  lto-llvm-037b97.o
    0x08002c98   0x08002c98   0x00000010   Code   RO          258    .text.USBD_CtlSendStatus  lto-llvm-037b97.o
    0x08002ca8   0x08002ca8   0x0000005c   Code   RO          252    .text.USBD_GetString  lto-llvm-037b97.o
    0x08002d04   0x08002d04   0x000000c0   Code   RO          176    .text.USBD_LL_CloseEP  lto-llvm-037b97.o
    0x08002dc4   0x08002dc4   0x000000c4   Code   RO          174    .text.USBD_LL_OpenEP  lto-llvm-037b97.o
    0x08002e88   0x08002e88   0x00000050   Code   RO          182    .text.USBD_LL_PrepareReceive  lto-llvm-037b97.o
    0x08002ed8   0x08002ed8   0x00000096   Code   RO          178    .text.USBD_LL_StallEP  lto-llvm-037b97.o
    0x08002f6e   0x08002f6e   0x00000048   Code   RO          180    .text.USBD_LL_Transmit  lto-llvm-037b97.o
    0x08002fb6   0x08002fb6   0x0000001a   Code   RO          248    .text.USBD_SetClassConfig  lto-llvm-037b97.o
    0x08002fd0   0x08002fd0   0x00000038   Code   RO          186    .text.USB_CoreReset  lto-llvm-037b97.o
    0x08003008   0x08003008   0x000000f0   Code   RO          194    .text.USB_EP0StartXfer  lto-llvm-037b97.o
    0x080030f8   0x080030f8   0x00000058   Code   RO          198    .text.USB_EP0_OutStart  lto-llvm-037b97.o
    0x08003150   0x08003150   0x00000174   Code   RO          190    .text.USB_EPStartXfer  lto-llvm-037b97.o
    0x080032c4   0x080032c4   0x00000028   Code   RO          188    .text.USB_FlushTxFifo  lto-llvm-037b97.o
    0x080032ec   0x080032ec   0x0000001a   Code   RO          196    .text.USB_ReadPacket  lto-llvm-037b97.o
    0x08003306   0x08003306   0x0000002a   Code   RO          192    .text.USB_WritePacket  lto-llvm-037b97.o
    0x08003330   0x08003330   0x00000002   Code   RO          112    .text.UsageFault_Handler  lto-llvm-037b97.o
    0x08003332   0x08003332   0x00000002   PAD
    0x08003334   0x08003334   0x00000bec   Code   RO          102    .text.main          lto-llvm-037b97.o
    0x08003f20   0x08003f20   0x0000000e   Code   RO          303    i.__scatterload_copy  mc_w.l(handlers.o)
    0x08003f2e   0x08003f2e   0x00000002   Code   RO          304    i.__scatterload_null  mc_w.l(handlers.o)
    0x08003f30   0x08003f30   0x0000000e   Code   RO          305    i.__scatterload_zeroinit  mc_w.l(handlers.o)
    0x08003f3e   0x08003f3e   0x00000002   PAD
    0x08003f40   0x08003f40   0x00000050   Code   RO           51    i.free              mc_w.l(malloc.o)
    0x08003f90   0x08003f90   0x0000006c   Code   RO           52    i.malloc            mc_w.l(malloc.o)
    0x08003ffc   0x08003ffc   0x00000029   Data   RO          274    .rodata.NSCON_CfgDesc  lto-llvm-037b97.o
    0x08004025   0x08004025   0x00000003   PAD
    0x08004028   0x08004028   0x00000012   Data   RO          280    .rodata.NSCON_DeviceDesc  lto-llvm-037b97.o
    0x0800403a   0x0800403a   0x00000002   PAD
    0x0800403c   0x0800403c   0x0000001c   Data   RO          272    .rodata.NSCON_FS_Desc  lto-llvm-037b97.o
    0x08004058   0x08004058   0x00000009   Data   RO          276    .rodata.NSCON_HID_Desc  lto-llvm-037b97.o
    0x08004061   0x08004061   0x00000003   PAD
    0x08004064   0x08004064   0x00000004   Data   RO          279    .rodata.NSCON_LangIDDesc  lto-llvm-037b97.o
    0x08004068   0x08004068   0x000000cb   Data   RO          277    .rodata.NSCON_ReportDesc  lto-llvm-037b97.o
    0x08004133   0x08004133   0x00000001   PAD
    0x08004134   0x08004134   0x0000001a   Data   RO          278    .rodata.NSCON_StringSerial  lto-llvm-037b97.o
    0x0800414e   0x0800414e   0x00000002   PAD
    0x08004150   0x08004150   0x00000038   Data   RO          273    .rodata.NSCON_class  lto-llvm-037b97.o
    0x08004188   0x08004188   0x00000580   Data   RO          275    .rodata.NSCON_initcmd  lto-llvm-037b97.o
    0x08004708   0x08004708   0x00000020   Data   RO          302    Region$$Table       anon$$obj.o


    Execution Region RW_IRAM1 (Exec base: 0x20000000, Load base: 0x08004728, Size: 0x00001058, Max: 0x00020000, ABSOLUTE)

    Exec Addr    Load Addr    Size         Type   Attr      Idx    E Section Name        Object

    0x20000000   0x08004728   0x00000004   Data   RW           97    .data               mc_w.l(mvars.o)
    0x20000004   0x0800472c   0x00000004   Data   RW           98    .data               mc_w.l(mvars.o)
    0x20000008   0x08004730   0x00000008   Data   RW          283    .data..L_MergedGlobals  lto-llvm-037b97.o
    0x20000010   0x08004738   0x00000040   Data   RW          268    .data.NSCON_Report  lto-llvm-037b97.o
    0x20000050        -       0x00000074   Zero   RW          284    .bss..L_MergedGlobals.274  lto-llvm-037b97.o
    0x200000c4        -       0x00000040   Zero   RW          271    .bss.NSCON_StrDesc  lto-llvm-037b97.o
    0x20000104        -       0x0000029c   Zero   RW          269    .bss.NSCON_USB_Handle  lto-llvm-037b97.o
    0x200003a0        -       0x00000001   Zero   RW          282    .bss.USBD_SetConfig.cfgidx  lto-llvm-037b97.o
    0x200003a1        -       0x00000040   Zero   RW          270    .bss.dataout_buffer  lto-llvm-037b97.o
    0x200003e1   0x08004778   0x00000003   PAD
    0x200003e4        -       0x00000060   Zero   RW          262    .bss.hdma_i2c1_rx   lto-llvm-037b97.o
    0x20000444        -       0x00000060   Zero   RW          263    .bss.hdma_i2c1_tx   lto-llvm-037b97.o
    0x200004a4        -       0x00000060   Zero   RW          265    .bss.hdma_spi1_rx   lto-llvm-037b97.o
    0x20000504        -       0x00000060   Zero   RW          266    .bss.hdma_spi1_tx   lto-llvm-037b97.o
    0x20000564        -       0x00000054   Zero   RW          261    .bss.hi2c1          lto-llvm-037b97.o
    0x200005b8        -       0x00000408   Zero   RW          281    .bss.hpcd_USB_OTG_FS  lto-llvm-037b97.o
    0x200009c0        -       0x00000058   Zero   RW          264    .bss.hspi1          lto-llvm-037b97.o
    0x20000a18        -       0x00000040   Zero   RW          267    .bss.htim11         lto-llvm-037b97.o
    0x20000a58        -       0x00000200   Zero   RW            2    HEAP                startup_stm32f411xe.o
    0x20000c58        -       0x00000400   Zero   RW            1    STACK               startup_stm32f411xe.o


==============================================================================

Image component sizes


      Code (inc. data)   RO Data    RW Data    ZI Data      Debug   Object Name

     15446        736       1793         72       2565     112836   lto-llvm-037b97.o
        36          8        408          0       1536        792   startup_stm32f411xe.o

    ----------------------------------------------------------------------
     15500        744       2244         72       4104     113628   Object Totals
         0          0         32          0          0          0   (incl. Generated)
        18          0         11          0          3          0   (incl. Padding)

    ----------------------------------------------------------------------

      Code (inc. data)   RO Data    RW Data    ZI Data      Debug   Library Member Name

         0          0          0          0          0          0   entry.o
         0          0          0          0          0          0   entry10a.o
         0          0          0          0          0          0   entry11a.o
         8          4          0          0          0          0   entry2.o
         4          0          0          0          0          0   entry5.o
         0          0          0          0          0          0   entry7b.o
         0          0          0          0          0          0   entry8b.o
         8          4          0          0          0          0   entry9a.o
        30          0          0          0          0          0   handlers.o
        36          8          0          0          0         68   init.o
        30          0          0          0          0         68   llshl.o
        32          0          0          0          0         68   llushr.o
       188         20          0          0          0        160   malloc.o
        36          0          0          0          0        108   memseta.o
         0          0          0          8          0          0   mvars.o
        98          0          0          0          0         92   uldiv.o

    ----------------------------------------------------------------------
       472         36          0          8          0        564   Library Totals
         2          0          0          0          0          0   (incl. Padding)

    ----------------------------------------------------------------------

      Code (inc. data)   RO Data    RW Data    ZI Data      Debug   Library Name

       470         36          0          8          0        564   mc_w.l

    ----------------------------------------------------------------------
       472         36          0          8          0        564   Library Totals

    ----------------------------------------------------------------------

==============================================================================


      Code (inc. data)   RO Data    RW Data    ZI Data      Debug   

     15972        780       2244         80       4104     114188   Grand Totals
     15972        780       2244         80       4104     114188   ELF Image Totals
     15972        780       2244         80          0          0   ROM Totals

==============================================================================

    Total RO  Size (Code + RO Data)                18216 (  17.79kB)
    Total RW  Size (RW Data + ZI Data)              4184 (   4.09kB)
    Total ROM Size (Code + RO Data + RW Data)      18296 (  17.87kB)

==============================================================================

