Component: ARM Compiler 6.12 Tool: armlink [5d624300]

==============================================================================

Section Cross References

    startup_stm32f411xe.o(RESET) refers to startup_stm32f411xe.o(STACK) for __initial_sp
    startup_stm32f411xe.o(RESET) refers to startup_stm32f411xe.o(.text) for Reset_Handler
    startup_stm32f411xe.o(RESET) refers to stm32f4xx_it.o(.text.NMI_Handler) for NMI_Handler
    startup_stm32f411xe.o(RESET) refers to stm32f4xx_it.o(.text.HardFault_Handler) for HardFault_Handler
    startup_stm32f411xe.o(RESET) refers to stm32f4xx_it.o(.text.MemManage_Handler) for MemManage_Handler
    startup_stm32f411xe.o(RESET) refers to stm32f4xx_it.o(.text.BusFault_Handler) for BusFault_Handler
    startup_stm32f411xe.o(RESET) refers to stm32f4xx_it.o(.text.UsageFault_Handler) for UsageFault_Handler
    startup_stm32f411xe.o(RESET) refers to stm32f4xx_it.o(.text.SVC_Handler) for SVC_Handler
    startup_stm32f411xe.o(RESET) refers to stm32f4xx_it.o(.text.DebugMon_Handler) for DebugMon_Handler
    startup_stm32f411xe.o(RESET) refers to stm32f4xx_it.o(.text.PendSV_Handler) for PendSV_Handler
    startup_stm32f411xe.o(RESET) refers to stm32f4xx_it.o(.text.SysTick_Handler) for SysTick_Handler
    startup_stm32f411xe.o(RESET) refers to stm32f4xx_it.o(.text.DMA1_Stream0_IRQHandler) for DMA1_Stream0_IRQHandler
    startup_stm32f411xe.o(RESET) refers to stm32f4xx_it.o(.text.DMA1_Stream1_IRQHandler) for DMA1_Stream1_IRQHandler
    startup_stm32f411xe.o(RESET) refers to stm32f4xx_it.o(.text.TIM1_UP_TIM10_IRQHandler) for TIM1_UP_TIM10_IRQHandler
    startup_stm32f411xe.o(RESET) refers to stm32f4xx_it.o(.text.TIM1_TRG_COM_TIM11_IRQHandler) for TIM1_TRG_COM_TIM11_IRQHandler
    startup_stm32f411xe.o(RESET) refers to stm32f4xx_it.o(.text.I2C1_EV_IRQHandler) for I2C1_EV_IRQHandler
    startup_stm32f411xe.o(RESET) refers to stm32f4xx_it.o(.text.I2C1_ER_IRQHandler) for I2C1_ER_IRQHandler
    startup_stm32f411xe.o(RESET) refers to stm32f4xx_it.o(.text.OTG_FS_IRQHandler) for OTG_FS_IRQHandler
    startup_stm32f411xe.o(.text) refers to system_stm32f4xx.o(.text.SystemInit) for SystemInit
    startup_stm32f411xe.o(.text) refers to entry.o(.ARM.Collect$$$$00000000) for __main
    main.o(.text.main) refers to stm32f4xx_hal.o(.text.HAL_Init) for HAL_Init
    main.o(.text.main) refers to main.o(.text.SystemClock_Config) for SystemClock_Config
    main.o(.text.main) refers to gpio.o(.text.MX_GPIO_Init) for MX_GPIO_Init
    main.o(.text.main) refers to tim.o(.text.MX_TIM10_Init) for MX_TIM10_Init
    main.o(.text.main) refers to tim.o(.text.MX_TIM11_Init) for MX_TIM11_Init
    main.o(.text.main) refers to dma.o(.text.MX_DMA_Init) for MX_DMA_Init
    main.o(.text.main) refers to i2c.o(.text.MX_I2C1_Init) for MX_I2C1_Init
    main.o(.text.main) refers to usb_device.o(.text.MX_USB_DEVICE_Init) for MX_USB_DEVICE_Init
    main.o(.text.main) refers to stm32f4xx_hal_gpio.o(.text.HAL_GPIO_WritePin) for HAL_GPIO_WritePin
    main.o(.text.main) refers to main.o(.bss.USBHandshakeFlag) for USBHandshakeFlag
    main.o(.text.main) refers to usb_device.o(.bss.hUsbDeviceFS) for hUsbDeviceFS
    main.o(.text.main) refers to main.o(.rodata.initcmd1) for initcmd1
    main.o(.text.main) refers to usbd_hid.o(.text.USBD_HID_SendReport) for USBD_HID_SendReport
    main.o(.text.main) refers to main.o(.bss.TXFlag) for TXFlag
    main.o(.text.main) refers to main.o(.bss.RXFlag) for RXFlag
    main.o(.text.main) refers to main.o(.rodata.initcmd2) for initcmd2
    main.o(.text.main) refers to main.o(.bss.initcmd21_ptr) for initcmd21_ptr
    main.o(.text.main) refers to main.o(.rodata.initcmd21) for initcmd21
    main.o(.text.main) refers to tim.o(.bss.htim10) for htim10
    main.o(.text.main) refers to stm32f4xx_hal_tim.o(.text.HAL_TIM_Base_Start_IT) for HAL_TIM_Base_Start_IT
    main.o(.text.main) refers to tim.o(.bss.htim11) for htim11
    main.o(.ARM.exidx.text.main) refers to main.o(.text.main) for [Anonymous Symbol]
    main.o(.text.SystemClock_Config) refers to memseta.o(.text) for __aeabi_memclr4
    main.o(.text.SystemClock_Config) refers to stm32f4xx_hal_rcc.o(.text.HAL_RCC_OscConfig) for HAL_RCC_OscConfig
    main.o(.text.SystemClock_Config) refers to main.o(.text.Error_Handler) for Error_Handler
    main.o(.text.SystemClock_Config) refers to stm32f4xx_hal_rcc.o(.text.HAL_RCC_ClockConfig) for HAL_RCC_ClockConfig
    main.o(.text.SystemClock_Config) refers to stm32f4xx_hal_rcc.o(.text.HAL_RCC_EnableCSS) for HAL_RCC_EnableCSS
    main.o(.ARM.exidx.text.SystemClock_Config) refers to main.o(.text.SystemClock_Config) for [Anonymous Symbol]
    main.o(.ARM.exidx.text.Error_Handler) refers to main.o(.text.Error_Handler) for [Anonymous Symbol]
    main.o(.text.USBhandshakeDone) refers to main.o(.bss.USBHandshakeFlag) for USBHandshakeFlag
    main.o(.ARM.exidx.text.USBhandshakeDone) refers to main.o(.text.USBhandshakeDone) for [Anonymous Symbol]
    main.o(.text.TX_DONE) refers to main.o(.bss.TXFlag) for TXFlag
[...]
    [Anonymous Symbol]                       0x08008618   Section        0  stm32f4xx_ll_usb.o(.text.USB_EP0_OutStart)
    [Anonymous Symbol]                       0x080086cc   Section        0  stm32f4xx_ll_usb.o(.text.USB_EPClearStall)
    [Anonymous Symbol]                       0x08008774   Section        0  stm32f4xx_ll_usb.o(.text.USB_EPSetStall)
    [Anonymous Symbol]                       0x0800882c   Section        0  stm32f4xx_ll_usb.o(.text.USB_EPStartXfer)
    [Anonymous Symbol]                       0x08008bb4   Section        0  stm32f4xx_ll_usb.o(.text.USB_EnableGlobalInt)
    [Anonymous Symbol]                       0x08008bcc   Section        0  stm32f4xx_ll_usb.o(.text.USB_FlushRxFifo)
    [Anonymous Symbol]                       0x08008c1c   Section        0  stm32f4xx_ll_usb.o(.text.USB_FlushTxFifo)
    [Anonymous Symbol]                       0x08008c78   Section        0  stm32f4xx_ll_usb.o(.text.USB_GetDevSpeed)
    [Anonymous Symbol]                       0x08008ccc   Section        0  stm32f4xx_ll_usb.o(.text.USB_GetMode)
    [Anonymous Symbol]                       0x08008ce0   Section        0  stm32f4xx_ll_usb.o(.text.USB_ReadDevAllInEpInterrupt)
    [Anonymous Symbol]                       0x08008d08   Section        0  stm32f4xx_ll_usb.o(.text.USB_ReadDevAllOutEpInterrupt)
    [Anonymous Symbol]                       0x08008d30   Section        0  stm32f4xx_ll_usb.o(.text.USB_ReadDevInEPInterrupt)
    [Anonymous Symbol]                       0x08008d88   Section        0  stm32f4xx_ll_usb.o(.text.USB_ReadDevOutEPInterrupt)
    [Anonymous Symbol]                       0x08008dc0   Section        0  stm32f4xx_ll_usb.o(.text.USB_ReadInterrupts)
    [Anonymous Symbol]                       0x08008de0   Section        0  stm32f4xx_ll_usb.o(.text.USB_ReadPacket)
    [Anonymous Symbol]                       0x08008e40   Section        0  stm32f4xx_ll_usb.o(.text.USB_SetCurrentMode)
    [Anonymous Symbol]                       0x08008ea8   Section        0  stm32f4xx_ll_usb.o(.text.USB_SetDevAddress)
    [Anonymous Symbol]                       0x08008ee8   Section        0  stm32f4xx_ll_usb.o(.text.USB_SetDevSpeed)
    [Anonymous Symbol]                       0x08008f14   Section        0  stm32f4xx_ll_usb.o(.text.USB_SetTurnaroundTime)
    [Anonymous Symbol]                       0x080090e4   Section        0  stm32f4xx_ll_usb.o(.text.USB_WritePacket)
    [Anonymous Symbol]                       0x08009168   Section        0  main.o(.text.USBhandshakeDone)
    [Anonymous Symbol]                       0x08009178   Section        0  stm32f4xx_it.o(.text.UsageFault_Handler)
    __NVIC_EnableIRQ                         0x0800917d   Thumb Code    54  stm32f4xx_hal_cortex.o(.text.__NVIC_EnableIRQ)
    [Anonymous Symbol]                       0x0800917c   Section        0  stm32f4xx_hal_cortex.o(.text.__NVIC_EnableIRQ)
    __NVIC_GetPriorityGrouping               0x080091b5   Thumb Code    16  stm32f4xx_hal_cortex.o(.text.__NVIC_GetPriorityGrouping)
    [Anonymous Symbol]                       0x080091b4   Section        0  stm32f4xx_hal_cortex.o(.text.__NVIC_GetPriorityGrouping)
    __NVIC_SetPriority                       0x080091c5   Thumb Code    74  stm32f4xx_hal_cortex.o(.text.__NVIC_SetPriority)
    [Anonymous Symbol]                       0x080091c4   Section        0  stm32f4xx_hal_cortex.o(.text.__NVIC_SetPriority)
    __NVIC_SetPriorityGrouping               0x08009211   Thumb Code    64  stm32f4xx_hal_cortex.o(.text.__NVIC_SetPriorityGrouping)
    [Anonymous Symbol]                       0x08009210   Section        0  stm32f4xx_hal_cortex.o(.text.__NVIC_SetPriorityGrouping)
    [Anonymous Symbol]                       0x08009250   Section        0  main.o(.text.main)
    i.__0printf                              0x080093e4   Section        0  printfa.o(i.__0printf)
    i.__scatterload_copy                     0x08009404   Section       14  handlers.o(i.__scatterload_copy)
    i.__scatterload_null                     0x08009412   Section        2  handlers.o(i.__scatterload_null)
    i.__scatterload_zeroinit                 0x08009414   Section       14  handlers.o(i.__scatterload_zeroinit)
    _fp_digits                               0x08009425   Thumb Code   366  printfa.o(i._fp_digits)
    i._fp_digits                             0x08009424   Section        0  printfa.o(i._fp_digits)
    _printf_core                             0x080095a9   Thumb Code  1744  printfa.o(i._printf_core)
    i._printf_core                           0x080095a8   Section        0  printfa.o(i._printf_core)
    _printf_post_padding                     0x08009c85   Thumb Code    36  printfa.o(i._printf_post_padding)
    i._printf_post_padding                   0x08009c84   Section        0  printfa.o(i._printf_post_padding)
    _printf_pre_padding                      0x08009ca9   Thumb Code    46  printfa.o(i._printf_pre_padding)
    i._printf_pre_padding                    0x08009ca8   Section        0  printfa.o(i._printf_pre_padding)
    i.fputc                                  0x08009cd6   Section        0  fputc.o(i.fputc)
    i.free                                   0x08009ce8   Section        0  malloc.o(i.free)
    i.malloc                                 0x08009d38   Section        0  malloc.o(i.malloc)
    DMA_CalcBaseAndBitshift.flagBitshiftOffset 0x08009dbc   Data           8  stm32f4xx_hal_dma.o(.rodata.DMA_CalcBaseAndBitshift.flagBitshiftOffset)
    [Anonymous Symbol]                       0x08009dbc   Section        0  stm32f4xx_hal_dma.o(.rodata.DMA_CalcBaseAndBitshift.flagBitshiftOffset)
    initcmd1                                 0x08009dc4   Data          64  main.o(.rodata.initcmd1)
    [Anonymous Symbol]                       0x08009dc4   Section        0  main.o(.rodata.initcmd1)
    initcmd2                                 0x08009e04   Data          64  main.o(.rodata.initcmd2)
    [Anonymous Symbol]                       0x08009e04   Section        0  main.o(.rodata.initcmd2)
    initcmd21                                0x08009e44   Data        1280  main.o(.rodata.initcmd21)
    [Anonymous Symbol]                       0x08009e44   Section        0  main.o(.rodata.initcmd21)
    .L.str.1                                 0x0800a344   Data          19  usbd_desc.o(.rodata.str1.1)
    [Anonymous Symbol]                       0x0800a344   Section        0  usbd_desc.o(.rodata.str1.1)
    .L.str.3                                 0x0800a357   Data          14  usbd_desc.o(.rodata.str1.1)
    .L.str.2                                 0x0800a365   Data          11  usbd_desc.o(.rodata.str1.1)
    .L.str                                   0x0800a370   Data          15  usbd_desc.o(.rodata.str1.1)
    .L.str.2                                 0x0800a37f   Data           2  usbd_core.o(.rodata.str1.1)
    [Anonymous Symbol]                       0x0800a37f   Section        0  usbd_core.o(.rodata.str1.1)
    .L.str                                   0x0800a381   Data           8  usbd_core.o(.rodata.str1.1)
    .L.str.1                                 0x0800a389   Data          22  usbd_core.o(.rodata.str1.1)
    .L.str.3                                 0x0800a39f   Data          21  usbd_core.o(.rodata.str1.1)
    .data                                    0x20000000   Section        4  stdout.o(.data)
    .data                                    0x20000004   Section        4  mvars.o(.data)
    .data                                    0x20000008   Section        4  mvars.o(.data)
    HID_MOUSE_ReportDesc                     0x20000028   Data         203  usbd_hid.o(.data.HID_MOUSE_ReportDesc)
    [Anonymous Symbol]                       0x20000028   Section        0  usbd_hid.o(.data.HID_MOUSE_ReportDesc)
    USBD_HID_CfgFSDesc                       0x20000144   Data          41  usbd_hid.o(.data.USBD_HID_CfgFSDesc)
    [Anonymous Symbol]                       0x20000144   Section        0  usbd_hid.o(.data.USBD_HID_CfgFSDesc)
    USBD_HID_CfgHSDesc                       0x20000170   Data          41  usbd_hid.o(.data.USBD_HID_CfgHSDesc)
    [Anonymous Symbol]                       0x20000170   Section        0  usbd_hid.o(.data.USBD_HID_CfgHSDesc)
    USBD_HID_Desc                            0x2000019c   Data           9  usbd_hid.o(.data.USBD_HID_Desc)
    [Anonymous Symbol]                       0x2000019c   Section        0  usbd_hid.o(.data.USBD_HID_Desc)
    USBD_HID_DeviceQualifierDesc             0x200001a8   Data          10  usbd_hid.o(.data.USBD_HID_DeviceQualifierDesc)
    [Anonymous Symbol]                       0x200001a8   Section        0  usbd_hid.o(.data.USBD_HID_DeviceQualifierDesc)
    USBD_HID_OtherSpeedCfgDesc               0x200001b4   Data          41  usbd_hid.o(.data.USBD_HID_OtherSpeedCfgDesc)
    [Anonymous Symbol]                       0x200001b4   Section        0  usbd_hid.o(.data.USBD_HID_OtherSpeedCfgDesc)
    USBD_SetConfig.cfgidx                    0x2000024d   Data           1  usbd_ctlreq.o(.bss.USBD_SetConfig.cfgidx)
    [Anonymous Symbol]                       0x2000024d   Section        0  usbd_ctlreq.o(.bss.USBD_SetConfig.cfgidx)
    HEAP                                     0x20000cd8   Section      512  startup_stm32f411xe.o(HEAP)
    STACK                                    0x20000ed8   Section     1024  startup_stm32f411xe.o(STACK)

    Global Symbols

    Symbol Name                              Value     Ov Type        Size  Object(Section)

    BuildAttributes$$THM_ISAv4$E$P$D$K$B$S$7EM$VFPi3$EXTD16$VFPS$VFMA$PE$A:L22UL41UL21$X:L11$S22US41US21$IEEE1$IW$~IW$USESV6$~STKCKD$USESV7$~SHL$OSPACE$ROPI$EBA8$MICROLIB$REQ8$PRES8$EABIv2 0x00000000   Number         0  anon$$obj.o ABSOLUTE
    __cpp_initialize__aeabi_                  - Undefined Weak Reference
    __cxa_finalize                            - Undefined Weak Reference
    _clock_init                               - Undefined Weak Reference
    _microlib_exit                            - Undefined Weak Reference
    __Vectors_Size                           0x00000198   Number         0  startup_stm32f411xe.o ABSOLUTE
    __Vectors                                0x08000000   Data           4  startup_stm32f411xe.o(RESET)
    __Vectors_End                            0x08000198   Data           0  startup_stm32f411xe.o(RESET)
    __main                                   0x08000199   Thumb Code     0  entry.o(.ARM.Collect$$$$00000000)
    _main_stk                                0x08000199   Thumb Code     0  entry2.o(.ARM.Collect$$$$00000001)
    _main_scatterload                        0x0800019d   Thumb Code     0  entry5.o(.ARM.Collect$$$$00000004)
    __main_after_scatterload                 0x080001a1   Thumb Code     0  entry5.o(.ARM.Collect$$$$00000004)
    _main_clock                              0x080001a1   Thumb Code     0  entry7b.o(.ARM.Collect$$$$00000008)
    _main_cpp_init                           0x080001a1   Thumb Code     0  entry8b.o(.ARM.Collect$$$$0000000A)
    _main_init                               0x080001a1   Thumb Code     0  entry9a.o(.ARM.Collect$$$$0000000B)
    __rt_final_cpp                           0x080001a9   Thumb Code     0  entry10a.o(.ARM.Collect$$$$0000000D)
    __rt_final_exit                          0x080001a9   Thumb Code     0  entry11a.o(.ARM.Collect$$$$0000000F)
    Reset_Handler                            0x080001ad   Thumb Code     8  startup_stm32f411xe.o(.text)
    ADC_IRQHandler                           0x080001c7   Thumb Code     0  startup_stm32f411xe.o(.text)
    DMA1_Stream2_IRQHandler                  0x080001c7   Thumb Code     0  startup_stm32f411xe.o(.text)
    DMA1_Stream3_IRQHandler                  0x080001c7   Thumb Code     0  startup_stm32f411xe.o(.text)
    DMA1_Stream4_IRQHandler                  0x080001c7   Thumb Code     0  startup_stm32f411xe.o(.text)
    DMA1_Stream5_IRQHandler                  0x080001c7   Thumb Code     0  startup_stm32f411xe.o(.text)
    DMA1_Stream6_IRQHandler                  0x080001c7   Thumb Code     0  startup_stm32f411xe.o(.text)
    DMA1_Stream7_IRQHandler                  0x080001c7   Thumb Code     0  startup_stm32f411xe.o(.text)
    DMA2_Stream0_IRQHandler                  0x080001c7   Thumb Code     0  startup_stm32f411xe.o(.text)
    DMA2_Stream1_IRQHandler                  0x080001c7   Thumb Code     0  startup_stm32f411xe.o(.text)
    DMA2_Stream2_IRQHandler                  0x080001c7   Thumb Code     0  startup_stm32f411xe.o(.text)
    DMA2_Stream3_IRQHandler                  0x080001c7   Thumb Code     0  startup_stm32f411xe.o(.text)
    DMA2_Stream4_IRQHandler                  0x080001c7   Thumb Code     0  startup_stm32f411xe.o(.text)
    DMA2_Stream5_IRQHandler                  0x080001c7   Thumb Code     0  startup_stm32f411xe.o(.text)
    DMA2_Stream6_IRQHandler                  0x080001c7   Thumb Code     0  startup_stm32f411xe.o(.text)
    DMA2_Stream7_IRQHandler                  0x080001c7   Thumb Code     0  startup_stm32f411xe.o(.text)
    EXTI0_IRQHandler                         0x080001c7   Thumb Code     0  startup_stm32f411xe.o(.text)
    EXTI15_10_IRQHandler                     0x080001c7   Thumb Code     0  startup_stm32f411xe.o(.text)
    EXTI1_IRQHandler                         0x080001c7   Thumb Code     0  startup_stm32f411xe.o(.text)
    EXTI2_IRQHandler                         0x080001c7   Thumb Code     0  startup_stm32f411xe.o(.text)
    EXTI3_IRQHandler                         0x080001c7   Thumb Code     0  startup_stm32f411xe.o(.text)
    EXTI4_IRQHandler                         0x080001c7   Thumb Code     0  startup_stm32f411xe.o(.text)
    EXTI9_5_IRQHandler                       0x080001c7   Thumb Code     0  startup_stm32f411xe.o(.text)
    FLASH_IRQHandler                         0x080001c7   Thumb Code     0  startup_stm32f411xe.o(.text)
    FPU_IRQHandler                           0x080001c7   Thumb Code     0  startup_stm32f411xe.o(.text)
    I2C2_ER_IRQHandler                       0x080001c7   Thumb Code     0  startup_stm32f411xe.o(.text)
    I2C2_EV_IRQHandler                       0x080001c7   Thumb Code     0  startup_stm32f411xe.o(.text)
    I2C3_ER_IRQHandler                       0x080001c7   Thumb Code     0  startup_stm32f411xe.o(.text)
    I2C3_EV_IRQHandler                       0x080001c7   Thumb Code     0  startup_stm32f411xe.o(.text)
    OTG_FS_WKUP_IRQHandler                   0x080001c7   Thumb Code     0  startup_stm32f411xe.o(.text)
    PVD_IRQHandler                           0x080001c7   Thumb Code     0  startup_stm32f411xe.o(.text)
    RCC_IRQHandler                           0x080001c7   Thumb Code     0  startup_stm32f411xe.o(.text)
    RTC_Alarm_IRQHandler                     0x080001c7   Thumb Code     0  startup_stm32f411xe.o(.text)
    RTC_WKUP_IRQHandler                      0x080001c7   Thumb Code     0  startup_stm32f411xe.o(.text)
    SDIO_IRQHandler                          0x080001c7   Thumb Code     0  startup_stm32f411xe.o(.text)
    SPI1_IRQHandler                          0x080001c7   Thumb Code     0  startup_stm32f411xe.o(.text)
    SPI2_IRQHandler                          0x080001c7   Thumb Code     0  startup_stm32f411xe.o(.text)
    SPI3_IRQHandler                          0x080001c7   Thumb Code     0  startup_stm32f411xe.o(.text)
    SPI4_IRQHandler                          0x080001c7   Thumb Code     0  startup_stm32f411xe.o(.text)
    SPI5_IRQHandler                          0x080001c7   Thumb Code     0  startup_stm32f411xe.o(.text)
    TAMP_STAMP_IRQHandler                    0x080001c7   Thumb Code     0  startup_stm32f411xe.o(.text)
    TIM1_BRK_TIM9_IRQHandler                 0x080001c7   Thumb Code     0  startup_stm32f411xe.o(.text)
    TIM1_CC_IRQHandler                       0x080001c7   Thumb Code     0  startup_stm32f411xe.o(.text)
    TIM2_IRQHandler                          0x080001c7   Thumb Code     0  startup_stm32f411xe.o(.text)
    TIM3_IRQHandler                          0x080001c7   Thumb Code     0  startup_stm32f411xe.o(.text)
    TIM4_IRQHandler                          0x080001c7   Thumb Code     0  startup_stm32f411xe.o(.text)
    TIM5_IRQHandler                          0x080001c7   Thumb Code     0  startup_stm32f411xe.o(.text)
    USART1_IRQHandler                        0x080001c7   Thumb Code     0  startup_stm32f411xe.o(.text)
    USART2_IRQHandler                        0x080001c7   Thumb Code     0  startup_stm32f411xe.o(.text)
    USART6_IRQHandler                        0x080001c7   Thumb Code     0  startup_stm32f411xe.o(.text)
    WWDG_IRQHandler                          0x080001c7   Thumb Code     0  startup_stm32f411xe.o(.text)
    __aeabi_uldivmod                         0x080001d1   Thumb Code    98  uldiv.o(.text)
    __aeabi_memset                           0x08000233   Thumb Code    14  memseta.o(.text)
    __aeabi_memset4                          0x08000233   Thumb Code     0  memseta.o(.text)
    __aeabi_memset8                          0x08000233   Thumb Code     0  memseta.o(.text)
    __aeabi_memclr                           0x08000241   Thumb Code     4  memseta.o(.text)
    __aeabi_memclr4                          0x08000241   Thumb Code     0  memseta.o(.text)
    __aeabi_memclr8                          0x08000241   Thumb Code     0  memseta.o(.text)
    _memset$wrapper                          0x08000245   Thumb Code    18  memseta.o(.text)
    __aeabi_uidiv                            0x08000257   Thumb Code     0  uidiv.o(.text)
    __aeabi_uidivmod                         0x08000257   Thumb Code    44  uidiv.o(.text)
    __aeabi_llsl                             0x08000283   Thumb Code    30  llshl.o(.text)
    _ll_shift_l                              0x08000283   Thumb Code     0  llshl.o(.text)
    __aeabi_llsr                             0x080002a1   Thumb Code    32  llushr.o(.text)
    _ll_ushift_r                             0x080002a1   Thumb Code     0  llushr.o(.text)
    __I$use$fp                               0x080002c1   Thumb Code     0  iusefp.o(.text)
    __aeabi_dadd                             0x080002c1   Thumb Code   322  dadd.o(.text)
    __aeabi_dsub                             0x08000403   Thumb Code     6  dadd.o(.text)
    __aeabi_drsub                            0x08000409   Thumb Code     6  dadd.o(.text)
    __aeabi_dmul                             0x0800040f   Thumb Code   228  dmul.o(.text)
    __aeabi_ddiv                             0x080004f3   Thumb Code   222  ddiv.o(.text)
    __aeabi_d2ulz                            0x080005d1   Thumb Code    48  dfixul.o(.text)
    __aeabi_cdrcmple                         0x08000601   Thumb Code    48  cdrcmple.o(.text)
    __scatterload                            0x08000631   Thumb Code    28  init.o(.text)
    __scatterload_rt2                        0x08000631   Thumb Code     0  init.o(.text)
    __aeabi_lasr                             0x08000655   Thumb Code    36  llsshr.o(.text)
    __semihosting_library_function           0x08000655   Thumb Code     0  semi.o(.text)
    _ll_sshift_r                             0x08000655   Thumb Code     0  llsshr.o(.text)
    __I$use$semihosting$fputc                0x08000679   Thumb Code     0  iusesemip.o(.text)
    _double_round                            0x08000679   Thumb Code    30  depilogue.o(.text)
    _double_epilogue                         0x08000697   Thumb Code   156  depilogue.o(.text)
    __decompress                             0x08000733   Thumb Code     0  __dczerorl2.o(.text)
    __decompress1                            0x08000733   Thumb Code    86  __dczerorl2.o(.text)
    BusFault_Handler                         0x08000789   Thumb Code     4  stm32f4xx_it.o(.text.BusFault_Handler)
    DMA1_Stream0_IRQHandler                  0x0800078d   Thumb Code    16  stm32f4xx_it.o(.text.DMA1_Stream0_IRQHandler)
    DMA1_Stream1_IRQHandler                  0x0800079d   Thumb Code    16  stm32f4xx_it.o(.text.DMA1_Stream1_IRQHandler)
    DebugMon_Handler                         0x08000901   Thumb Code     2  stm32f4xx_it.o(.text.DebugMon_Handler)
    Error_Handler                            0x08000905   Thumb Code     2  main.o(.text.Error_Handler)
    HAL_DMA_Abort_IT                         0x0800094d   Thumb Code    72  stm32f4xx_hal_dma.o(.text.HAL_DMA_Abort_IT)
    HAL_DMA_GetState                         0x08000995   Thumb Code    18  stm32f4xx_hal_dma.o(.text.HAL_DMA_GetState)
    HAL_DMA_IRQHandler                       0x080009a9   Thumb Code   854  stm32f4xx_hal_dma.o(.text.HAL_DMA_IRQHandler)
    HAL_DMA_Init                             0x08000d01   Thumb Code   386  stm32f4xx_hal_dma.o(.text.HAL_DMA_Init)
    HAL_Delay                                0x08000e85   Thumb Code    78  stm32f4xx_hal.o(.text.HAL_Delay)
    HAL_GPIO_Init                            0x08000ed5   Thumb Code   890  stm32f4xx_hal_gpio.o(.text.HAL_GPIO_Init)
    HAL_GPIO_TogglePin                       0x08001251   Thumb Code    58  stm32f4xx_hal_gpio.o(.text.HAL_GPIO_TogglePin)
    HAL_GPIO_WritePin                        0x0800128d   Thumb Code    66  stm32f4xx_hal_gpio.o(.text.HAL_GPIO_WritePin)
    HAL_GetTick                              0x080012d1   Thumb Code    12  stm32f4xx_hal.o(.text.HAL_GetTick)
    HAL_I2C_AbortCpltCallback                0x080012dd   Thumb Code    12  stm32f4xx_hal_i2c.o(.text.HAL_I2C_AbortCpltCallback)
    HAL_I2C_AddrCallback                     0x080012e9   Thumb Code    34  stm32f4xx_hal_i2c.o(.text.HAL_I2C_AddrCallback)
    HAL_I2C_ER_IRQHandler                    0x0800130d   Thumb Code   394  stm32f4xx_hal_i2c.o(.text.HAL_I2C_ER_IRQHandler)
    HAL_I2C_EV_IRQHandler                    0x08001499   Thumb Code   952  stm32f4xx_hal_i2c.o(.text.HAL_I2C_EV_IRQHandler)
    HAL_I2C_ErrorCallback                    0x08001851   Thumb Code    12  stm32f4xx_hal_i2c.o(.text.HAL_I2C_ErrorCallback)
    HAL_I2C_Init                             0x0800185d   Thumb Code   706  stm32f4xx_hal_i2c.o(.text.HAL_I2C_Init)
    HAL_I2C_ListenCpltCallback               0x08001b21   Thumb Code    12  stm32f4xx_hal_i2c.o(.text.HAL_I2C_ListenCpltCallback)
    HAL_I2C_MasterRxCpltCallback             0x08001b2d   Thumb Code    12  stm32f4xx_hal_i2c.o(.text.HAL_I2C_MasterRxCpltCallback)
    HAL_I2C_MasterTxCpltCallback             0x08001b39   Thumb Code    12  stm32f4xx_hal_i2c.o(.text.HAL_I2C_MasterTxCpltCallback)
    HAL_I2C_MemRxCpltCallback                0x08001b45   Thumb Code    12  stm32f4xx_hal_i2c.o(.text.HAL_I2C_MemRxCpltCallback)
    HAL_I2C_MemTxCpltCallback                0x08001b51   Thumb Code    12  stm32f4xx_hal_i2c.o(.text.HAL_I2C_MemTxCpltCallback)
    HAL_I2C_MspInit                          0x08001b5d   Thumb Code   356  i2c.o(.text.HAL_I2C_MspInit)
    HAL_I2C_SlaveRxCpltCallback              0x08001cc1   Thumb Code    12  stm32f4xx_hal_i2c.o(.text.HAL_I2C_SlaveRxCpltCallback)
    HAL_I2C_SlaveTxCpltCallback              0x08001ccd   Thumb Code    12  stm32f4xx_hal_i2c.o(.text.HAL_I2C_SlaveTxCpltCallback)
    HAL_IncTick                              0x08001cd9   Thumb Code    26  stm32f4xx_hal.o(.text.HAL_IncTick)
    HAL_Init                                 0x08001cf5   Thumb Code    62  stm32f4xx_hal.o(.text.HAL_Init)
    HAL_InitTick                             0x08001d35   Thumb Code   118  stm32f4xx_hal.o(.text.HAL_InitTick)
    HAL_MspInit                              0x08001dad   Thumb Code    78  stm32f4xx_hal_msp.o(.text.HAL_MspInit)
    HAL_NVIC_EnableIRQ                       0x08001dfd   Thumb Code    24  stm32f4xx_hal_cortex.o(.text.HAL_NVIC_EnableIRQ)
    HAL_NVIC_SetPriority                     0x08001e15   Thumb Code    76  stm32f4xx_hal_cortex.o(.text.HAL_NVIC_SetPriority)
    HAL_NVIC_SetPriorityGrouping             0x08001e61   Thumb Code    20  stm32f4xx_hal_cortex.o(.text.HAL_NVIC_SetPriorityGrouping)
    HAL_PCDEx_LPM_Callback                   0x08001e75   Thumb Code    20  stm32f4xx_hal_pcd_ex.o(.text.HAL_PCDEx_LPM_Callback)
    HAL_PCDEx_SetRxFiFo                      0x08001e89   Thumb Code    32  stm32f4xx_hal_pcd_ex.o(.text.HAL_PCDEx_SetRxFiFo)
    HAL_PCDEx_SetTxFiFo                      0x08001ea9   Thumb Code   176  stm32f4xx_hal_pcd_ex.o(.text.HAL_PCDEx_SetTxFiFo)
    HAL_PCD_ConnectCallback                  0x08001f59   Thumb Code    26  usbd_conf.o(.text.HAL_PCD_ConnectCallback)
    HAL_PCD_DataInStageCallback              0x08001f75   Thumb Code    60  usbd_conf.o(.text.HAL_PCD_DataInStageCallback)
    HAL_PCD_DataOutStageCallback             0x08001fb1   Thumb Code    62  usbd_conf.o(.text.HAL_PCD_DataOutStageCallback)
    HAL_PCD_DisconnectCallback               0x08001ff1   Thumb Code    26  usbd_conf.o(.text.HAL_PCD_DisconnectCallback)
    HAL_PCD_EP_Close                         0x0800200d   Thumb Code   178  stm32f4xx_hal_pcd.o(.text.HAL_PCD_EP_Close)
    HAL_PCD_EP_ClrStall                      0x080020c1   Thumb Code   210  stm32f4xx_hal_pcd.o(.text.HAL_PCD_EP_ClrStall)
    HAL_PCD_EP_GetRxCount                    0x08002195   Thumb Code    42  stm32f4xx_hal_pcd.o(.text.HAL_PCD_EP_GetRxCount)
    HAL_PCD_EP_Open                          0x080021c1   Thumb Code   258  stm32f4xx_hal_pcd.o(.text.HAL_PCD_EP_Open)
    HAL_PCD_EP_Receive                       0x080022c5   Thumb Code   176  stm32f4xx_hal_pcd.o(.text.HAL_PCD_EP_Receive)
    HAL_PCD_EP_SetStall                      0x08002375   Thumb Code   244  stm32f4xx_hal_pcd.o(.text.HAL_PCD_EP_SetStall)
    HAL_PCD_EP_Transmit                      0x08002469   Thumb Code   176  stm32f4xx_hal_pcd.o(.text.HAL_PCD_EP_Transmit)
    HAL_PCD_IRQHandler                       0x08002519   Thumb Code  1696  stm32f4xx_hal_pcd.o(.text.HAL_PCD_IRQHandler)
    HAL_PCD_ISOINIncompleteCallback          0x08002bb9   Thumb Code    38  usbd_conf.o(.text.HAL_PCD_ISOINIncompleteCallback)
    HAL_PCD_ISOOUTIncompleteCallback         0x08002be1   Thumb Code    38  usbd_conf.o(.text.HAL_PCD_ISOOUTIncompleteCallback)
    HAL_PCD_Init                             0x08002c09   Thumb Code   718  stm32f4xx_hal_pcd.o(.text.HAL_PCD_Init)
    HAL_PCD_MspInit                          0x08002ed9   Thumb Code   186  usbd_conf.o(.text.HAL_PCD_MspInit)
    HAL_PCD_ResetCallback                    0x08002f95   Thumb Code    66  usbd_conf.o(.text.HAL_PCD_ResetCallback)
    HAL_PCD_ResumeCallback                   0x08002fd9   Thumb Code    26  usbd_conf.o(.text.HAL_PCD_ResumeCallback)
    HAL_PCD_SOFCallback                      0x08002ff5   Thumb Code    26  usbd_conf.o(.text.HAL_PCD_SOFCallback)
    HAL_PCD_SetAddress                       0x08003011   Thumb Code   104  stm32f4xx_hal_pcd.o(.text.HAL_PCD_SetAddress)
    HAL_PCD_SetupStageCallback               0x08003079   Thumb Code    38  usbd_conf.o(.text.HAL_PCD_SetupStageCallback)
    HAL_PCD_Start                            0x080030a1   Thumb Code   136  stm32f4xx_hal_pcd.o(.text.HAL_PCD_Start)
    HAL_PCD_SuspendCallback                  0x08003129   Thumb Code    70  usbd_conf.o(.text.HAL_PCD_SuspendCallback)
    HAL_RCC_CSSCallback                      0x08003171   Thumb Code     2  stm32f4xx_hal_rcc.o(.text.HAL_RCC_CSSCallback)
    HAL_RCC_ClockConfig                      0x08003175   Thumb Code   634  stm32f4xx_hal_rcc.o(.text.HAL_RCC_ClockConfig)
    HAL_RCC_EnableCSS                        0x080033f1   Thumb Code    12  stm32f4xx_hal_rcc.o(.text.HAL_RCC_EnableCSS)
    HAL_RCC_GetHCLKFreq                      0x080033fd   Thumb Code    12  stm32f4xx_hal_rcc.o(.text.HAL_RCC_GetHCLKFreq)
    HAL_RCC_GetPCLK1Freq                     0x08003409   Thumb Code    38  stm32f4xx_hal_rcc.o(.text.HAL_RCC_GetPCLK1Freq)
    HAL_RCC_GetSysClockFreq                  0x08003431   Thumb Code   232  stm32f4xx_hal_rcc.o(.text.HAL_RCC_GetSysClockFreq)
    HAL_RCC_NMI_IRQHandler                   0x08003519   Thumb Code    42  stm32f4xx_hal_rcc.o(.text.HAL_RCC_NMI_IRQHandler)
    HAL_RCC_OscConfig                        0x08003545   Thumb Code  1766  stm32f4xx_hal_rcc.o(.text.HAL_RCC_OscConfig)
    HAL_SYSTICK_Config                       0x08003c2d   Thumb Code    20  stm32f4xx_hal_cortex.o(.text.HAL_SYSTICK_Config)
    HAL_TIMEx_BreakCallback                  0x08003c41   Thumb Code    12  stm32f4xx_hal_tim_ex.o(.text.HAL_TIMEx_BreakCallback)
    HAL_TIMEx_CommutCallback                 0x08003c4d   Thumb Code    12  stm32f4xx_hal_tim_ex.o(.text.HAL_TIMEx_CommutCallback)
    HAL_TIM_Base_Init                        0x08003c59   Thumb Code   102  stm32f4xx_hal_tim.o(.text.HAL_TIM_Base_Init)
    HAL_TIM_Base_MspInit                     0x08003cc1   Thumb Code   168  tim.o(.text.HAL_TIM_Base_MspInit)
    HAL_TIM_Base_Start_IT                    0x08003d69   Thumb Code    60  stm32f4xx_hal_tim.o(.text.HAL_TIM_Base_Start_IT)
    HAL_TIM_IC_CaptureCallback               0x08003da5   Thumb Code    12  stm32f4xx_hal_tim.o(.text.HAL_TIM_IC_CaptureCallback)
    HAL_TIM_IRQHandler                       0x08003db1   Thumb Code   646  stm32f4xx_hal_tim.o(.text.HAL_TIM_IRQHandler)
    HAL_TIM_OC_DelayElapsedCallback          0x08004039   Thumb Code    12  stm32f4xx_hal_tim.o(.text.HAL_TIM_OC_DelayElapsedCallback)
    HAL_TIM_PWM_PulseFinishedCallback        0x08004045   Thumb Code    12  stm32f4xx_hal_tim.o(.text.HAL_TIM_PWM_PulseFinishedCallback)
    HAL_TIM_PeriodElapsedCallback            0x08004051   Thumb Code   280  main.o(.text.HAL_TIM_PeriodElapsedCallback)
    HAL_TIM_TriggerCallback                  0x08004169   Thumb Code    12  stm32f4xx_hal_tim.o(.text.HAL_TIM_TriggerCallback)
    HardFault_Handler                        0x08004175   Thumb Code     4  stm32f4xx_it.o(.text.HardFault_Handler)
    I2C1_ER_IRQHandler                       0x08004179   Thumb Code    16  stm32f4xx_it.o(.text.I2C1_ER_IRQHandler)
    I2C1_EV_IRQHandler                       0x08004189   Thumb Code    16  stm32f4xx_it.o(.text.I2C1_EV_IRQHandler)
    MX_DMA_Init                              0x08005559   Thumb Code    82  dma.o(.text.MX_DMA_Init)
    MX_GPIO_Init                             0x080055ad   Thumb Code   310  gpio.o(.text.MX_GPIO_Init)
    MX_I2C1_Init                             0x080056e5   Thumb Code    68  i2c.o(.text.MX_I2C1_Init)
    MX_TIM10_Init                            0x08005729   Thumb Code    56  tim.o(.text.MX_TIM10_Init)
    MX_TIM11_Init                            0x08005761   Thumb Code    58  tim.o(.text.MX_TIM11_Init)
    MX_USB_DEVICE_Init                       0x0800579d   Thumb Code    94  usb_device.o(.text.MX_USB_DEVICE_Init)
    MemManage_Handler                        0x080057fd   Thumb Code     4  stm32f4xx_it.o(.text.MemManage_Handler)
    NMI_Handler                              0x08005801   Thumb Code     8  stm32f4xx_it.o(.text.NMI_Handler)
    OTG_FS_IRQHandler                        0x08005889   Thumb Code    16  stm32f4xx_it.o(.text.OTG_FS_IRQHandler)
    PendSV_Handler                           0x08005c9d   Thumb Code     2  stm32f4xx_it.o(.text.PendSV_Handler)
    RX_DONE                                  0x08005ca1   Thumb Code    24  main.o(.text.RX_DONE)
    SVC_Handler                              0x08005cb9   Thumb Code     2  stm32f4xx_it.o(.text.SVC_Handler)
    SysTick_Handler                          0x08005d19   Thumb Code     8  stm32f4xx_it.o(.text.SysTick_Handler)
    SystemClock_Config                       0x08005d21   Thumb Code   196  main.o(.text.SystemClock_Config)
    SystemInit                               0x08005de5   Thumb Code    32  system_stm32f4xx.o(.text.SystemInit)
    TIM1_TRG_COM_TIM11_IRQHandler            0x08005e05   Thumb Code    16  stm32f4xx_it.o(.text.TIM1_TRG_COM_TIM11_IRQHandler)
    TIM1_UP_TIM10_IRQHandler                 0x08005e15   Thumb Code    16  stm32f4xx_it.o(.text.TIM1_UP_TIM10_IRQHandler)
    TIM_Base_SetConfig                       0x08005e25   Thumb Code   322  stm32f4xx_hal_tim.o(.text.TIM_Base_SetConfig)
    TX_DONE                                  0x08005f69   Thumb Code    14  main.o(.text.TX_DONE)
    USBD_ClrClassConfig                      0x08005f79   Thumb Code    50  usbd_core.o(.text.USBD_ClrClassConfig)
    USBD_CtlContinueRx                       0x08005ff9   Thumb Code    62  usbd_ioreq.o(.text.USBD_CtlContinueRx)
    USBD_CtlContinueSendData                 0x08006039   Thumb Code    62  usbd_ioreq.o(.text.USBD_CtlContinueSendData)
    USBD_CtlError                            0x08006079   Thumb Code    44  usbd_ctlreq.o(.text.USBD_CtlError)
    USBD_CtlReceiveStatus                    0x080060a5   Thumb Code    42  usbd_ioreq.o(.text.USBD_CtlReceiveStatus)
    USBD_CtlSendData                         0x080060d1   Thumb Code    86  usbd_ioreq.o(.text.USBD_CtlSendData)
    USBD_CtlSendStatus                       0x08006129   Thumb Code    42  usbd_ioreq.o(.text.USBD_CtlSendStatus)
    USBD_FS_ConfigStrDescriptor              0x08006155   Thumb Code    88  usbd_desc.o(.text.USBD_FS_ConfigStrDescriptor)
    USBD_FS_DeviceDescriptor                 0x080061ad   Thumb Code    34  usbd_desc.o(.text.USBD_FS_DeviceDescriptor)
    USBD_FS_InterfaceStrDescriptor           0x080061d1   Thumb Code    88  usbd_desc.o(.text.USBD_FS_InterfaceStrDescriptor)
    USBD_FS_LangIDStrDescriptor              0x08006229   Thumb Code    34  usbd_desc.o(.text.USBD_FS_LangIDStrDescriptor)
    USBD_FS_ManufacturerStrDescriptor        0x0800624d   Thumb Code    62  usbd_desc.o(.text.USBD_FS_ManufacturerStrDescriptor)
    USBD_FS_ProductStrDescriptor             0x0800628d   Thumb Code    88  usbd_desc.o(.text.USBD_FS_ProductStrDescriptor)
    USBD_FS_SerialStrDescriptor              0x080062e5   Thumb Code    44  usbd_desc.o(.text.USBD_FS_SerialStrDescriptor)
    USBD_GetString                           0x0800663d   Thumb Code   158  usbd_ctlreq.o(.text.USBD_GetString)
    USBD_Get_USB_Status                      0x080066dd   Thumb Code    86  usbd_conf.o(.text.USBD_Get_USB_Status)
    USBD_HID_SendReport                      0x08006911   Thumb Code    90  usbd_hid.o(.text.USBD_HID_SendReport)
    USBD_Init                                0x08006b6d   Thumb Code   172  usbd_core.o(.text.USBD_Init)
    USBD_LL_ClearStallEP                     0x08006c19   Thumb Code    66  usbd_conf.o(.text.USBD_LL_ClearStallEP)
    USBD_LL_CloseEP                          0x08006c5d   Thumb Code    66  usbd_conf.o(.text.USBD_LL_CloseEP)
    USBD_LL_DataInStage                      0x08006ca1   Thumb Code   414  usbd_core.o(.text.USBD_LL_DataInStage)
    USBD_LL_DataOutStage                     0x08006e41   Thumb Code   294  usbd_core.o(.text.USBD_LL_DataOutStage)
    USBD_LL_DevConnected                     0x08006f69   Thumb Code    14  usbd_core.o(.text.USBD_LL_DevConnected)
    USBD_LL_DevDisconnected                  0x08006f79   Thumb Code    42  usbd_core.o(.text.USBD_LL_DevDisconnected)
    USBD_LL_GetRxDataSize                    0x08006fa5   Thumb Code    36  usbd_conf.o(.text.USBD_LL_GetRxDataSize)
    USBD_LL_Init                             0x08006fc9   Thumb Code   146  usbd_conf.o(.text.USBD_LL_Init)
    USBD_LL_IsStallEP                        0x0800705d   Thumb Code   100  usbd_conf.o(.text.USBD_LL_IsStallEP)
    USBD_LL_IsoINIncomplete                  0x080070c1   Thumb Code    22  usbd_core.o(.text.USBD_LL_IsoINIncomplete)
    USBD_LL_IsoOUTIncomplete                 0x080070d9   Thumb Code    22  usbd_core.o(.text.USBD_LL_IsoOUTIncomplete)
    USBD_LL_OpenEP                           0x080070f1   Thumb Code    94  usbd_conf.o(.text.USBD_LL_OpenEP)
    USBD_LL_PrepareReceive                   0x08007151   Thumb Code    90  usbd_conf.o(.text.USBD_LL_PrepareReceive)
    USBD_LL_Reset                            0x080071ad   Thumb Code   148  usbd_core.o(.text.USBD_LL_Reset)
    USBD_LL_Resume                           0x08007241   Thumb Code    24  usbd_core.o(.text.USBD_LL_Resume)
    USBD_LL_SOF                              0x08007259   Thumb Code    58  usbd_core.o(.text.USBD_LL_SOF)
    USBD_LL_SetSpeed                         0x08007295   Thumb Code    30  usbd_core.o(.text.USBD_LL_SetSpeed)
    USBD_LL_SetUSBAddress                    0x080072b5   Thumb Code    66  usbd_conf.o(.text.USBD_LL_SetUSBAddress)
    USBD_LL_SetupStage                       0x080072f9   Thumb Code   148  usbd_core.o(.text.USBD_LL_SetupStage)
    USBD_LL_StallEP                          0x0800738d   Thumb Code    66  usbd_conf.o(.text.USBD_LL_StallEP)
    USBD_LL_Start                            0x080073d1   Thumb Code    54  usbd_conf.o(.text.USBD_LL_Start)
    USBD_LL_Suspend                          0x08007409   Thumb Code    32  usbd_core.o(.text.USBD_LL_Suspend)
    USBD_LL_Transmit                         0x08007429   Thumb Code    90  usbd_conf.o(.text.USBD_LL_Transmit)
    USBD_ParseSetupRequest                   0x08007485   Thumb Code    76  usbd_ctlreq.o(.text.USBD_ParseSetupRequest)
    USBD_RegisterClass                       0x080074d1   Thumb Code   110  usbd_core.o(.text.USBD_RegisterClass)
    USBD_RunTestMode                         0x08007541   Thumb Code    14  usbd_core.o(.text.USBD_RunTestMode)
    USBD_SetClassConfig                      0x080075f1   Thumb Code    80  usbd_core.o(.text.USBD_SetClassConfig)
    USBD_Start                               0x080077d9   Thumb Code    26  usbd_core.o(.text.USBD_Start)
    USBD_StdDevReq                           0x080077f5   Thumb Code   206  usbd_ctlreq.o(.text.USBD_StdDevReq)
    USBD_StdEPReq                            0x080078c5   Thumb Code   902  usbd_ctlreq.o(.text.USBD_StdEPReq)
    USBD_StdItfReq                           0x08007c4d   Thumb Code   174  usbd_ctlreq.o(.text.USBD_StdItfReq)
    USB_ActivateEndpoint                     0x08007cfd   Thumb Code   232  stm32f4xx_ll_usb.o(.text.USB_ActivateEndpoint)
    USB_ActivateSetup                        0x08007de5   Thumb Code    80  stm32f4xx_ll_usb.o(.text.USB_ActivateSetup)
    USB_CoreInit                             0x08007e35   Thumb Code   268  stm32f4xx_ll_usb.o(.text.USB_CoreInit)
    USB_DeactivateEndpoint                   0x08007fc5   Thumb Code   216  stm32f4xx_ll_usb.o(.text.USB_DeactivateEndpoint)
    USB_DevConnect                           0x0800809d   Thumb Code    40  stm32f4xx_ll_usb.o(.text.USB_DevConnect)
    USB_DevDisconnect                        0x080080c5   Thumb Code    40  stm32f4xx_ll_usb.o(.text.USB_DevDisconnect)
    USB_DevInit                              0x080080ed   Thumb Code   774  stm32f4xx_ll_usb.o(.text.USB_DevInit)
    USB_DisableGlobalInt                     0x080083f5   Thumb Code    24  stm32f4xx_ll_usb.o(.text.USB_DisableGlobalInt)
    USB_EP0StartXfer                         0x0800840d   Thumb Code   524  stm32f4xx_ll_usb.o(.text.USB_EP0StartXfer)
    USB_EP0_OutStart                         0x08008619   Thumb Code   178  stm32f4xx_ll_usb.o(.text.USB_EP0_OutStart)
    USB_EPClearStall                         0x080086cd   Thumb Code   168  stm32f4xx_ll_usb.o(.text.USB_EPClearStall)
    USB_EPSetStall                           0x08008775   Thumb Code   184  stm32f4xx_ll_usb.o(.text.USB_EPSetStall)
    USB_EPStartXfer                          0x0800882d   Thumb Code   902  stm32f4xx_ll_usb.o(.text.USB_EPStartXfer)
    USB_EnableGlobalInt                      0x08008bb5   Thumb Code    24  stm32f4xx_ll_usb.o(.text.USB_EnableGlobalInt)
    USB_FlushRxFifo                          0x08008bcd   Thumb Code    80  stm32f4xx_ll_usb.o(.text.USB_FlushRxFifo)
    USB_FlushTxFifo                          0x08008c1d   Thumb Code    90  stm32f4xx_ll_usb.o(.text.USB_FlushTxFifo)
    USB_GetDevSpeed                          0x08008c79   Thumb Code    82  stm32f4xx_ll_usb.o(.text.USB_GetDevSpeed)
    USB_GetMode                              0x08008ccd   Thumb Code    20  stm32f4xx_ll_usb.o(.text.USB_GetMode)
    USB_ReadDevAllInEpInterrupt              0x08008ce1   Thumb Code    40  stm32f4xx_ll_usb.o(.text.USB_ReadDevAllInEpInterrupt)
    USB_ReadDevAllOutEpInterrupt             0x08008d09   Thumb Code    40  stm32f4xx_ll_usb.o(.text.USB_ReadDevAllOutEpInterrupt)
    USB_ReadDevInEPInterrupt                 0x08008d31   Thumb Code    86  stm32f4xx_ll_usb.o(.text.USB_ReadDevInEPInterrupt)
    USB_ReadDevOutEPInterrupt                0x08008d89   Thumb Code    54  stm32f4xx_ll_usb.o(.text.USB_ReadDevOutEPInterrupt)
    USB_ReadInterrupts                       0x08008dc1   Thumb Code    30  stm32f4xx_ll_usb.o(.text.USB_ReadInterrupts)
    USB_ReadPacket                           0x08008de1   Thumb Code    96  stm32f4xx_ll_usb.o(.text.USB_ReadPacket)
    USB_SetCurrentMode                       0x08008e41   Thumb Code   104  stm32f4xx_ll_usb.o(.text.USB_SetCurrentMode)
    USB_SetDevAddress                        0x08008ea9   Thumb Code    62  stm32f4xx_ll_usb.o(.text.USB_SetDevAddress)
    USB_SetDevSpeed                          0x08008ee9   Thumb Code    44  stm32f4xx_ll_usb.o(.text.USB_SetDevSpeed)
    USB_SetTurnaroundTime                    0x08008f15   Thumb Code   462  stm32f4xx_ll_usb.o(.text.USB_SetTurnaroundTime)
    USB_WritePacket                          0x080090e5   Thumb Code   130  stm32f4xx_ll_usb.o(.text.USB_WritePacket)
    USBhandshakeDone                         0x08009169   Thumb Code    14  main.o(.text.USBhandshakeDone)
    UsageFault_Handler                       0x08009179   Thumb Code     4  stm32f4xx_it.o(.text.UsageFault_Handler)
    main                                     0x08009251   Thumb Code   404  main.o(.text.main)
    __0printf                                0x080093e5   Thumb Code    22  printfa.o(i.__0printf)
    __1printf                                0x080093e5   Thumb Code     0  printfa.o(i.__0printf)
    __2printf                                0x080093e5   Thumb Code     0  printfa.o(i.__0printf)
    __c89printf                              0x080093e5   Thumb Code     0  printfa.o(i.__0printf)
    printf                                   0x080093e5   Thumb Code     0  printfa.o(i.__0printf)
    __scatterload_copy                       0x08009405   Thumb Code    14  handlers.o(i.__scatterload_copy)
    __scatterload_null                       0x08009413   Thumb Code     2  handlers.o(i.__scatterload_null)
    __scatterload_zeroinit                   0x08009415   Thumb Code    14  handlers.o(i.__scatterload_zeroinit)
    fputc                                    0x08009cd7   Thumb Code    18  fputc.o(i.fputc)
    free                                     0x08009ce9   Thumb Code    76  malloc.o(i.free)
    malloc                                   0x08009d39   Thumb Code    92  malloc.o(i.malloc)
    AHBPrescTable                            0x08009da4   Data          16  system_stm32f4xx.o(.rodata.AHBPrescTable)
    APBPrescTable                            0x08009db4   Data           8  system_stm32f4xx.o(.rodata.APBPrescTable)
    Region$$Table$$Base                      0x0800a3b4   Number         0  anon$$obj.o(Region$$Table)
    Region$$Table$$Limit                     0x0800a3d4   Number         0  anon$$obj.o(Region$$Table)
    __stdout                                 0x20000000   Data           4  stdout.o(.data)
    __microlib_freelist                      0x20000004   Data           4  mvars.o(.data)
    __microlib_freelist_initialised          0x20000008   Data           4  mvars.o(.data)
    FS_Desc                                  0x2000000c   Data          28  usbd_desc.o(.data.FS_Desc)
    SystemCoreClock                          0x200000f4   Data           4  system_stm32f4xx.o(.data.SystemCoreClock)
    USBD_FS_DeviceDesc                       0x200000f8   Data          18  usbd_desc.o(.data.USBD_FS_DeviceDesc)
    USBD_HID                                 0x2000010c   Data          56  usbd_hid.o(.data.USBD_HID)
    USBD_LangIDDesc                          0x200001e0   Data           4  usbd_desc.o(.data.USBD_LangIDDesc)
    USBD_StringSerial                        0x200001e4   Data          26  usbd_desc.o(.data.USBD_StringSerial)
    hidreport                                0x200001fe   Data          64  main.o(.data.hidreport)
    uwTickFreq                               0x2000023e   Data           1  stm32f4xx_hal.o(.data.uwTickFreq)
    uwTickPrio                               0x20000240   Data           4  stm32f4xx_hal.o(.data.uwTickPrio)
    RXFlag                                   0x20000248   Data           4  main.o(.bss.RXFlag)
    TXFlag                                   0x2000024c   Data           1  main.o(.bss.TXFlag)
    USBD_StrDesc                             0x20000250   Data         512  usbd_desc.o(.bss.USBD_StrDesc)
    USBHandshakeFlag                         0x20000450   Data           1  main.o(.bss.USBHandshakeFlag)
    hUsbDeviceFS                             0x20000454   Data         668  usb_device.o(.bss.hUsbDeviceFS)
    hdma_i2c1_rx                             0x200006f0   Data          96  i2c.o(.bss.hdma_i2c1_rx)
    hdma_i2c1_tx                             0x20000750   Data          96  i2c.o(.bss.hdma_i2c1_tx)
    hi2c1                                    0x200007b0   Data          84  i2c.o(.bss.hi2c1)
    hpcd_USB_OTG_FS                          0x20000804   Data        1032  usbd_conf.o(.bss.hpcd_USB_OTG_FS)
    htim10                                   0x20000c0c   Data          64  tim.o(.bss.htim10)
    htim11                                   0x20000c4c   Data          64  tim.o(.bss.htim11)
    initcmd21_ptr                            0x20000c8c   Data           1  main.o(.bss.initcmd21_ptr)
    tickcounter                              0x20000c8d   Data           1  main.o(.bss.tickcounter)
    usb_rx_buffer                            0x20000c8e   Data          64  usbd_hid.o(.bss.usb_rx_buffer)
    uwTick                                   0x20000cd0   Data           4  stm32f4xx_hal.o(.bss.uwTick)
    __heap_base                              0x20000cd8   Data           0  startup_stm32f411xe.o(HEAP)
    __heap_limit                             0x20000ed8   Data           0  startup_stm32f411xe.o(HEAP)
    __initial_sp                             0x200012d8   Data           0  startup_stm32f411xe.o(STACK)



==============================================================================

Memory Map of the image

  Image Entry point : 0x08000199

  Load Region LR_IROM1 (Base: 0x08000000, Size: 0x0000a620, Max: 0x00080000, ABSOLUTE, COMPRESSED[0x0000a520])

    Execution Region ER_IROM1 (Exec base: 0x08000000, Load base: 0x08000000, Size: 0x0000a3d4, Max: 0x00080000, ABSOLUTE)

    Exec Addr    Load Addr    Size         Type   Attr      Idx    E Section Name        Object

    0x08000000   0x08000000   0x00000198   Data   RO            3    RESET               startup_stm32f411xe.o
    0x08000198   0x08000198   0x00000000   Code   RO         1590  * .ARM.Collect$$$$00000000  mc_w.l(entry.o)
    0x08000198   0x08000198   0x00000004   Code   RO         1653    .ARM.Collect$$$$00000001  mc_w.l(entry2.o)
    0x0800019c   0x0800019c   0x00000004   Code   RO         1656    .ARM.Collect$$$$00000004  mc_w.l(entry5.o)
    0x080001a0   0x080001a0   0x00000000   Code   RO         1658    .ARM.Collect$$$$00000008  mc_w.l(entry7b.o)
    0x080001a0   0x080001a0   0x00000000   Code   RO         1660    .ARM.Collect$$$$0000000A  mc_w.l(entry8b.o)
    0x080001a0   0x080001a0   0x00000008   Code   RO         1661    .ARM.Collect$$$$0000000B  mc_w.l(entry9a.o)
    0x080001a8   0x080001a8   0x00000000   Code   RO         1663    .ARM.Collect$$$$0000000D  mc_w.l(entry10a.o)
    0x080001a8   0x080001a8   0x00000000   Code   RO         1665    .ARM.Collect$$$$0000000F  mc_w.l(entry11a.o)
    0x080001a8   0x080001a8   0x00000004   Code   RO         1654    .ARM.Collect$$$$00002712  mc_w.l(entry2.o)
    0x080001ac   0x080001ac   0x00000024   Code   RO            4    .text               startup_stm32f411xe.o
    0x080001d0   0x080001d0   0x00000062   Code   RO         1593    .text               mc_w.l(uldiv.o)
    0x08000232   0x08000232   0x00000024   Code   RO         1595    .text               mc_w.l(memseta.o)
    0x08000256   0x08000256   0x0000002c   Code   RO         1672    .text               mc_w.l(uidiv.o)
    0x08000282   0x08000282   0x0000001e   Code   RO         1674    .text               mc_w.l(llshl.o)
    0x080002a0   0x080002a0   0x00000020   Code   RO         1676    .text               mc_w.l(llushr.o)
    0x080002c0   0x080002c0   0x00000000   Code   RO         1684    .text               mc_w.l(iusefp.o)
    0x080002c0   0x080002c0   0x0000014e   Code   RO         1685    .text               mf_w.l(dadd.o)
    0x0800040e   0x0800040e   0x000000e4   Code   RO         1687    .text               mf_w.l(dmul.o)
    0x080004f2   0x080004f2   0x000000de   Code   RO         1689    .text               mf_w.l(ddiv.o)
    0x080005d0   0x080005d0   0x00000030   Code   RO         1691    .text               mf_w.l(dfixul.o)
    0x08000600   0x08000600   0x00000030   Code   RO         1693    .text               mf_w.l(cdrcmple.o)
    0x08000630   0x08000630   0x00000024   Code   RO         1695    .text               mc_w.l(init.o)
    0x08000654   0x08000654   0x00000000   Code   RO         1697    .text               mc_w.l(semi.o)
    0x08000654   0x08000654   0x00000024   Code   RO         1698    .text               mc_w.l(llsshr.o)
    0x08000678   0x08000678   0x00000000   Code   RO         1700    .text               mc_w.l(iusesemip.o)
    0x08000678   0x08000678   0x000000ba   Code   RO         1701    .text               mf_w.l(depilogue.o)
    0x08000732   0x08000732   0x00000056   Code   RO         1711    .text               mc_w.l(__dczerorl2.o)
    0x08000788   0x08000788   0x00000004   Code   RO          101    .text.BusFault_Handler  stm32f4xx_it.o
    0x0800078c   0x0800078c   0x00000010   Code   RO          113    .text.DMA1_Stream0_IRQHandler  stm32f4xx_it.o
    0x0800079c   0x0800079c   0x00000010   Code   RO          115    .text.DMA1_Stream1_IRQHandler  stm32f4xx_it.o
    0x080007ac   0x080007ac   0x0000005c   Code   RO          658    .text.DMA_CalcBaseAndBitshift  stm32f4xx_hal_dma.o
    0x08000808   0x08000808   0x000000f6   Code   RO          656    .text.DMA_CheckFifoParam  stm32f4xx_hal_dma.o
    0x080008fe   0x080008fe   0x00000002   PAD
    0x08000900   0x08000900   0x00000002   Code   RO          107    .text.DebugMon_Handler  stm32f4xx_it.o
    0x08000902   0x08000902   0x00000002   PAD
    0x08000904   0x08000904   0x00000002   Code   RO           15    .text.Error_Handler  main.o
    0x08000906   0x08000906   0x00000002   PAD
    0x08000908   0x08000908   0x00000042   Code   RO          168    .text.Get_SerialNum  usbd_desc.o
    0x0800094a   0x0800094a   0x00000002   PAD
    0x0800094c   0x0800094c   0x00000048   Code   RO          670    .text.HAL_DMA_Abort_IT  stm32f4xx_hal_dma.o
    0x08000994   0x08000994   0x00000012   Code   RO          680    .text.HAL_DMA_GetState  stm32f4xx_hal_dma.o
    0x080009a6   0x080009a6   0x00000002   PAD
    0x080009a8   0x080009a8   0x00000356   Code   RO          674    .text.HAL_DMA_IRQHandler  stm32f4xx_hal_dma.o
    0x08000cfe   0x08000cfe   0x00000002   PAD
    0x08000d00   0x08000d00   0x00000182   Code   RO          654    .text.HAL_DMA_Init  stm32f4xx_hal_dma.o
    0x08000e82   0x08000e82   0x00000002   PAD
    0x08000e84   0x08000e84   0x0000004e   Code   RO          855    .text.HAL_Delay     stm32f4xx_hal.o
    0x08000ed2   0x08000ed2   0x00000002   PAD
    0x08000ed4   0x08000ed4   0x0000037a   Code   RO          614    .text.HAL_GPIO_Init  stm32f4xx_hal_gpio.o
    0x0800124e   0x0800124e   0x00000002   PAD
    0x08001250   0x08001250   0x0000003a   Code   RO          622    .text.HAL_GPIO_TogglePin  stm32f4xx_hal_gpio.o
    0x0800128a   0x0800128a   0x00000002   PAD
    0x0800128c   0x0800128c   0x00000042   Code   RO          620    .text.HAL_GPIO_WritePin  stm32f4xx_hal_gpio.o
    0x080012ce   0x080012ce   0x00000002   PAD
    0x080012d0   0x080012d0   0x0000000c   Code   RO          847    .text.HAL_GetTick   stm32f4xx_hal.o
    0x080012dc   0x080012dc   0x0000000c   Code   RO         1072    .text.HAL_I2C_AbortCpltCallback  stm32f4xx_hal_i2c.o
    0x080012e8   0x080012e8   0x00000022   Code   RO         1062    .text.HAL_I2C_AddrCallback  stm32f4xx_hal_i2c.o
    0x0800130a   0x0800130a   0x00000002   PAD
    0x0800130c   0x0800130c   0x0000018a   Code   RO         1050    .text.HAL_I2C_ER_IRQHandler  stm32f4xx_hal_i2c.o
    0x08001496   0x08001496   0x00000002   PAD
    0x08001498   0x08001498   0x000003b8   Code   RO         1020    .text.HAL_I2C_EV_IRQHandler  stm32f4xx_hal_i2c.o
    0x08001850   0x08001850   0x0000000c   Code   RO         1070    .text.HAL_I2C_ErrorCallback  stm32f4xx_hal_i2c.o
    0x0800185c   0x0800185c   0x000002c2   Code   RO          926    .text.HAL_I2C_Init  stm32f4xx_hal_i2c.o
    0x08001b1e   0x08001b1e   0x00000002   PAD
    0x08001b20   0x08001b20   0x0000000c   Code   RO         1064    .text.HAL_I2C_ListenCpltCallback  stm32f4xx_hal_i2c.o
    0x08001b2c   0x08001b2c   0x0000000c   Code   RO         1056    .text.HAL_I2C_MasterRxCpltCallback  stm32f4xx_hal_i2c.o
    0x08001b38   0x08001b38   0x0000000c   Code   RO         1054    .text.HAL_I2C_MasterTxCpltCallback  stm32f4xx_hal_i2c.o
    0x08001b44   0x08001b44   0x0000000c   Code   RO         1068    .text.HAL_I2C_MemRxCpltCallback  stm32f4xx_hal_i2c.o
    0x08001b50   0x08001b50   0x0000000c   Code   RO         1066    .text.HAL_I2C_MemTxCpltCallback  stm32f4xx_hal_i2c.o
    0x08001b5c   0x08001b5c   0x00000164   Code   RO           62    .text.HAL_I2C_MspInit  i2c.o
    0x08001cc0   0x08001cc0   0x0000000c   Code   RO         1060    .text.HAL_I2C_SlaveRxCpltCallback  stm32f4xx_hal_i2c.o
    0x08001ccc   0x08001ccc   0x0000000c   Code   RO         1058    .text.HAL_I2C_SlaveTxCpltCallback  stm32f4xx_hal_i2c.o
    0x08001cd8   0x08001cd8   0x0000001a   Code   RO          845    .text.HAL_IncTick   stm32f4xx_hal.o
    0x08001cf2   0x08001cf2   0x00000002   PAD
    0x08001cf4   0x08001cf4   0x0000003e   Code   RO          835    .text.HAL_Init      stm32f4xx_hal.o
    0x08001d32   0x08001d32   0x00000002   PAD
    0x08001d34   0x08001d34   0x00000076   Code   RO          837    .text.HAL_InitTick  stm32f4xx_hal.o
    0x08001daa   0x08001daa   0x00000002   PAD
    0x08001dac   0x08001dac   0x0000004e   Code   RO          135    .text.HAL_MspInit   stm32f4xx_hal_msp.o
    0x08001dfa   0x08001dfa   0x00000002   PAD
    0x08001dfc   0x08001dfc   0x00000018   Code   RO          775    .text.HAL_NVIC_EnableIRQ  stm32f4xx_hal_cortex.o
    0x08001e14   0x08001e14   0x0000004c   Code   RO          767    .text.HAL_NVIC_SetPriority  stm32f4xx_hal_cortex.o
    0x08001e60   0x08001e60   0x00000014   Code   RO          763    .text.HAL_NVIC_SetPriorityGrouping  stm32f4xx_hal_cortex.o
    0x08001e74   0x08001e74   0x00000014   Code   RO          335    .text.HAL_PCDEx_LPM_Callback  stm32f4xx_hal_pcd_ex.o
    0x08001e88   0x08001e88   0x00000020   Code   RO          333    .text.HAL_PCDEx_SetRxFiFo  stm32f4xx_hal_pcd_ex.o
    0x08001ea8   0x08001ea8   0x000000b0   Code   RO          331    .text.HAL_PCDEx_SetTxFiFo  stm32f4xx_hal_pcd_ex.o
    0x08001f58   0x08001f58   0x0000001a   Code   RO          208    .text.HAL_PCD_ConnectCallback  usbd_conf.o
    0x08001f72   0x08001f72   0x00000002   PAD
    0x08001f74   0x08001f74   0x0000003c   Code   RO          194    .text.HAL_PCD_DataInStageCallback  usbd_conf.o
    0x08001fb0   0x08001fb0   0x0000003e   Code   RO          192    .text.HAL_PCD_DataOutStageCallback  usbd_conf.o
    0x08001fee   0x08001fee   0x00000002   PAD
    0x08001ff0   0x08001ff0   0x0000001a   Code   RO          210    .text.HAL_PCD_DisconnectCallback  usbd_conf.o
    0x0800200a   0x0800200a   0x00000002   PAD
    0x0800200c   0x0800200c   0x000000b2   Code   RO          303    .text.HAL_PCD_EP_Close  stm32f4xx_hal_pcd.o
    0x080020be   0x080020be   0x00000002   PAD
    0x080020c0   0x080020c0   0x000000d2   Code   RO          313    .text.HAL_PCD_EP_ClrStall  stm32f4xx_hal_pcd.o
    0x08002192   0x08002192   0x00000002   PAD
    0x08002194   0x08002194   0x0000002a   Code   RO          307    .text.HAL_PCD_EP_GetRxCount  stm32f4xx_hal_pcd.o
    0x080021be   0x080021be   0x00000002   PAD
    0x080021c0   0x080021c0   0x00000102   Code   RO          301    .text.HAL_PCD_EP_Open  stm32f4xx_hal_pcd.o
    0x080022c2   0x080022c2   0x00000002   PAD
    0x080022c4   0x080022c4   0x000000b0   Code   RO          305    .text.HAL_PCD_EP_Receive  stm32f4xx_hal_pcd.o
    0x08002374   0x08002374   0x000000f4   Code   RO          311    .text.HAL_PCD_EP_SetStall  stm32f4xx_hal_pcd.o
    0x08002468   0x08002468   0x000000b0   Code   RO          309    .text.HAL_PCD_EP_Transmit  stm32f4xx_hal_pcd.o
    0x08002518   0x08002518   0x000006a0   Code   RO          265    .text.HAL_PCD_IRQHandler  stm32f4xx_hal_pcd.o
    0x08002bb8   0x08002bb8   0x00000026   Code   RO          206    .text.HAL_PCD_ISOINIncompleteCallback  usbd_conf.o
    0x08002bde   0x08002bde   0x00000002   PAD
    0x08002be0   0x08002be0   0x00000026   Code   RO          204    .text.HAL_PCD_ISOOUTIncompleteCallback  usbd_conf.o
    0x08002c06   0x08002c06   0x00000002   PAD
    0x08002c08   0x08002c08   0x000002ce   Code   RO          253    .text.HAL_PCD_Init  stm32f4xx_hal_pcd.o
    0x08002ed6   0x08002ed6   0x00000002   PAD
    0x08002ed8   0x08002ed8   0x000000ba   Code   RO          186    .text.HAL_PCD_MspInit  usbd_conf.o
    0x08002f92   0x08002f92   0x00000002   PAD
    0x08002f94   0x08002f94   0x00000042   Code   RO          198    .text.HAL_PCD_ResetCallback  usbd_conf.o
    0x08002fd6   0x08002fd6   0x00000002   PAD
    0x08002fd8   0x08002fd8   0x0000001a   Code   RO          202    .text.HAL_PCD_ResumeCallback  usbd_conf.o
    0x08002ff2   0x08002ff2   0x00000002   PAD
    0x08002ff4   0x08002ff4   0x0000001a   Code   RO          196    .text.HAL_PCD_SOFCallback  usbd_conf.o
    0x0800300e   0x0800300e   0x00000002   PAD
    0x08003010   0x08003010   0x00000068   Code   RO          299    .text.HAL_PCD_SetAddress  stm32f4xx_hal_pcd.o
    0x08003078   0x08003078   0x00000026   Code   RO          190    .text.HAL_PCD_SetupStageCallback  usbd_conf.o
    0x0800309e   0x0800309e   0x00000002   PAD
    0x080030a0   0x080030a0   0x00000088   Code   RO          263    .text.HAL_PCD_Start  stm32f4xx_hal_pcd.o
    0x08003128   0x08003128   0x00000046   Code   RO          200    .text.HAL_PCD_SuspendCallback  usbd_conf.o
    0x0800316e   0x0800316e   0x00000002   PAD
    0x08003170   0x08003170   0x00000002   Code   RO          478    .text.HAL_RCC_CSSCallback  stm32f4xx_hal_rcc.o
    0x08003172   0x08003172   0x00000002   PAD
    0x08003174   0x08003174   0x0000027a   Code   RO          456    .text.HAL_RCC_ClockConfig  stm32f4xx_hal_rcc.o
    0x080033ee   0x080033ee   0x00000002   PAD
    0x080033f0   0x080033f0   0x0000000c   Code   RO          462    .text.HAL_RCC_EnableCSS  stm32f4xx_hal_rcc.o
    0x080033fc   0x080033fc   0x0000000c   Code   RO          466    .text.HAL_RCC_GetHCLKFreq  stm32f4xx_hal_rcc.o
    0x08003408   0x08003408   0x00000026   Code   RO          468    .text.HAL_RCC_GetPCLK1Freq  stm32f4xx_hal_rcc.o
    0x0800342e   0x0800342e   0x00000002   PAD
    0x08003430   0x08003430   0x000000e8   Code   RO          458    .text.HAL_RCC_GetSysClockFreq  stm32f4xx_hal_rcc.o
    0x08003518   0x08003518   0x0000002a   Code   RO          476    .text.HAL_RCC_NMI_IRQHandler  stm32f4xx_hal_rcc.o
    0x08003542   0x08003542   0x00000002   PAD
    0x08003544   0x08003544   0x000006e6   Code   RO          454    .text.HAL_RCC_OscConfig  stm32f4xx_hal_rcc.o
    0x08003c2a   0x08003c2a   0x00000002   PAD
    0x08003c2c   0x08003c2c   0x00000014   Code   RO          787    .text.HAL_SYSTICK_Config  stm32f4xx_hal_cortex.o
    0x08003c40   0x08003c40   0x0000000c   Code   RO         1416    .text.HAL_TIMEx_BreakCallback  stm32f4xx_hal_tim_ex.o
    0x08003c4c   0x08003c4c   0x0000000c   Code   RO         1412    .text.HAL_TIMEx_CommutCallback  stm32f4xx_hal_tim_ex.o
    0x08003c58   0x08003c58   0x00000066   Code   RO         1106    .text.HAL_TIM_Base_Init  stm32f4xx_hal_tim.o
    0x08003cbe   0x08003cbe   0x00000002   PAD
    0x08003cc0   0x08003cc0   0x000000a8   Code   RO           81    .text.HAL_TIM_Base_MspInit  tim.o
    0x08003d68   0x08003d68   0x0000003c   Code   RO         1120    .text.HAL_TIM_Base_Start_IT  stm32f4xx_hal_tim.o
    0x08003da4   0x08003da4   0x0000000c   Code   RO         1242    .text.HAL_TIM_IC_CaptureCallback  stm32f4xx_hal_tim.o
    0x08003db0   0x08003db0   0x00000286   Code   RO         1240    .text.HAL_TIM_IRQHandler  stm32f4xx_hal_tim.o
    0x08004036   0x08004036   0x00000002   PAD
    0x08004038   0x08004038   0x0000000c   Code   RO         1244    .text.HAL_TIM_OC_DelayElapsedCallback  stm32f4xx_hal_tim.o
    0x08004044   0x08004044   0x0000000c   Code   RO         1246    .text.HAL_TIM_PWM_PulseFinishedCallback  stm32f4xx_hal_tim.o
    0x08004050   0x08004050   0x00000118   Code   RO           23    .text.HAL_TIM_PeriodElapsedCallback  main.o
    0x08004168   0x08004168   0x0000000c   Code   RO         1250    .text.HAL_TIM_TriggerCallback  stm32f4xx_hal_tim.o
    0x08004174   0x08004174   0x00000004   Code   RO           97    .text.HardFault_Handler  stm32f4xx_it.o
    0x08004178   0x08004178   0x00000010   Code   RO          123    .text.I2C1_ER_IRQHandler  stm32f4xx_it.o
    0x08004188   0x08004188   0x00000010   Code   RO          121    .text.I2C1_EV_IRQHandler  stm32f4xx_it.o
    0x08004198   0x08004198   0x00000038   Code   RO         1022    .text.I2C_ConvertOtherXferOptions  stm32f4xx_hal_i2c.o
    0x080041d0   0x080041d0   0x00000104   Code   RO         1006    .text.I2C_DMAAbort  stm32f4xx_hal_i2c.o
    0x080042d4   0x080042d4   0x0000026c   Code   RO         1018    .text.I2C_ITError   stm32f4xx_hal_i2c.o
    0x08004540   0x08004540   0x000001a2   Code   RO         1036    .text.I2C_MasterReceive_BTF  stm32f4xx_hal_i2c.o
    0x080046e2   0x080046e2   0x00000002   PAD
    0x080046e4   0x080046e4   0x000000f2   Code   RO         1034    .text.I2C_MasterReceive_RXNE  stm32f4xx_hal_i2c.o
    0x080047d6   0x080047d6   0x00000002   PAD
    0x080047d8   0x080047d8   0x000000fa   Code   RO         1032    .text.I2C_MasterTransmit_BTF  stm32f4xx_hal_i2c.o
    0x080048d2   0x080048d2   0x00000002   PAD
    0x080048d4   0x080048d4   0x00000144   Code   RO         1030    .text.I2C_MasterTransmit_TXE  stm32f4xx_hal_i2c.o
    0x08004a18   0x08004a18   0x00000054   Code   RO         1026    .text.I2C_Master_ADD10  stm32f4xx_hal_i2c.o
    0x08004a6c   0x08004a6c   0x0000035c   Code   RO         1028    .text.I2C_Master_ADDR  stm32f4xx_hal_i2c.o
    0x08004dc8   0x08004dc8   0x00000100   Code   RO         1024    .text.I2C_Master_SB  stm32f4xx_hal_i2c.o
    0x08004ec8   0x08004ec8   0x000000c8   Code   RO         1080    .text.I2C_MemoryTransmit_TXE_BTF  stm32f4xx_hal_i2c.o
    0x08004f90   0x08004f90   0x00000034   Code   RO         1048    .text.I2C_SlaveReceive_BTF  stm32f4xx_hal_i2c.o
    0x08004fc4   0x08004fc4   0x00000076   Code   RO         1046    .text.I2C_SlaveReceive_RXNE  stm32f4xx_hal_i2c.o
    0x0800503a   0x0800503a   0x00000002   PAD
    0x0800503c   0x0800503c   0x00000032   Code   RO         1044    .text.I2C_SlaveTransmit_BTF  stm32f4xx_hal_i2c.o
    0x0800506e   0x0800506e   0x00000002   PAD
    0x08005070   0x08005070   0x00000074   Code   RO         1042    .text.I2C_SlaveTransmit_TXE  stm32f4xx_hal_i2c.o
    0x080050e4   0x080050e4   0x000000a6   Code   RO         1038    .text.I2C_Slave_ADDR  stm32f4xx_hal_i2c.o
    0x0800518a   0x0800518a   0x00000002   PAD
    0x0800518c   0x0800518c   0x000000e2   Code   RO         1052    .text.I2C_Slave_AF  stm32f4xx_hal_i2c.o
    0x0800526e   0x0800526e   0x00000002   PAD
    0x08005270   0x08005270   0x0000025e   Code   RO         1040    .text.I2C_Slave_STOPF  stm32f4xx_hal_i2c.o
    0x080054ce   0x080054ce   0x00000002   PAD
    0x080054d0   0x080054d0   0x00000088   Code   RO          170    .text.IntToUnicode  usbd_desc.o
    0x08005558   0x08005558   0x00000052   Code   RO           51    .text.MX_DMA_Init   dma.o
    0x080055aa   0x080055aa   0x00000002   PAD
    0x080055ac   0x080055ac   0x00000136   Code   RO           42    .text.MX_GPIO_Init  gpio.o
    0x080056e2   0x080056e2   0x00000002   PAD
    0x080056e4   0x080056e4   0x00000044   Code   RO           60    .text.MX_I2C1_Init  i2c.o
    0x08005728   0x08005728   0x00000038   Code   RO           77    .text.MX_TIM10_Init  tim.o
    0x08005760   0x08005760   0x0000003a   Code   RO           79    .text.MX_TIM11_Init  tim.o
    0x0800579a   0x0800579a   0x00000002   PAD
    0x0800579c   0x0800579c   0x0000005e   Code   RO          144    .text.MX_USB_DEVICE_Init  usb_device.o
    0x080057fa   0x080057fa   0x00000002   PAD
    0x080057fc   0x080057fc   0x00000004   Code   RO           99    .text.MemManage_Handler  stm32f4xx_it.o
    0x08005800   0x08005800   0x00000008   Code   RO           95    .text.NMI_Handler   stm32f4xx_it.o
    0x08005808   0x08005808   0x00000080   Code   RO          773    .text.NVIC_EncodePriority  stm32f4xx_hal_cortex.o
    0x08005888   0x08005888   0x00000010   Code   RO          125    .text.OTG_FS_IRQHandler  stm32f4xx_it.o
    0x08005898   0x08005898   0x000000d2   Code   RO          269    .text.PCD_EP_OutSetupPacket_int  stm32f4xx_hal_pcd.o
    0x0800596a   0x0800596a   0x00000002   PAD
    0x0800596c   0x0800596c   0x000001ea   Code   RO          267    .text.PCD_EP_OutXfrComplete_int  stm32f4xx_hal_pcd.o
    0x08005b56   0x08005b56   0x00000002   PAD
    0x08005b58   0x08005b58   0x00000142   Code   RO          273    .text.PCD_WriteEmptyTxFifo  stm32f4xx_hal_pcd.o
    0x08005c9a   0x08005c9a   0x00000002   PAD
    0x08005c9c   0x08005c9c   0x00000002   Code   RO          109    .text.PendSV_Handler  stm32f4xx_it.o
    0x08005c9e   0x08005c9e   0x00000002   PAD
    0x08005ca0   0x08005ca0   0x00000018   Code   RO           21    .text.RX_DONE       main.o
    0x08005cb8   0x08005cb8   0x00000002   Code   RO          105    .text.SVC_Handler   stm32f4xx_it.o
    0x08005cba   0x08005cba   0x00000002   PAD
    0x08005cbc   0x08005cbc   0x0000005a   Code   RO          789    .text.SysTick_Config  stm32f4xx_hal_cortex.o
    0x08005d16   0x08005d16   0x00000002   PAD
    0x08005d18   0x08005d18   0x00000008   Code   RO          111    .text.SysTick_Handler  stm32f4xx_it.o
    0x08005d20   0x08005d20   0x000000c4   Code   RO           13    .text.SystemClock_Config  main.o
    0x08005de4   0x08005de4   0x00000020   Code   RO         1428    .text.SystemInit    system_stm32f4xx.o
    0x08005e04   0x08005e04   0x00000010   Code   RO          119    .text.TIM1_TRG_COM_TIM11_IRQHandler  stm32f4xx_it.o
    0x08005e14   0x08005e14   0x00000010   Code   RO          117    .text.TIM1_UP_TIM10_IRQHandler  stm32f4xx_it.o
    0x08005e24   0x08005e24   0x00000142   Code   RO         1110    .text.TIM_Base_SetConfig  stm32f4xx_hal_tim.o
    0x08005f66   0x08005f66   0x00000002   PAD
    0x08005f68   0x08005f68   0x0000000e   Code   RO           19    .text.TX_DONE       main.o
    0x08005f76   0x08005f76   0x00000002   PAD
    0x08005f78   0x08005f78   0x00000032   Code   RO         1457    .text.USBD_ClrClassConfig  usbd_core.o
    0x08005faa   0x08005faa   0x00000002   PAD
    0x08005fac   0x08005fac   0x0000004a   Code   RO         1506    .text.USBD_ClrFeature  usbd_ctlreq.o
    0x08005ff6   0x08005ff6   0x00000002   PAD
    0x08005ff8   0x08005ff8   0x0000003e   Code   RO         1535    .text.USBD_CtlContinueRx  usbd_ioreq.o
    0x08006036   0x08006036   0x00000002   PAD
    0x08006038   0x08006038   0x0000003e   Code   RO         1531    .text.USBD_CtlContinueSendData  usbd_ioreq.o
    0x08006076   0x08006076   0x00000002   PAD
    0x08006078   0x08006078   0x0000002c   Code   RO         1508    .text.USBD_CtlError  usbd_ctlreq.o
    0x080060a4   0x080060a4   0x0000002a   Code   RO         1539    .text.USBD_CtlReceiveStatus  usbd_ioreq.o
    0x080060ce   0x080060ce   0x00000002   PAD
    0x080060d0   0x080060d0   0x00000056   Code   RO         1529    .text.USBD_CtlSendData  usbd_ioreq.o
    0x08006126   0x08006126   0x00000002   PAD
    0x08006128   0x08006128   0x0000002a   Code   RO         1537    .text.USBD_CtlSendStatus  usbd_ioreq.o
    0x08006152   0x08006152   0x00000002   PAD
    0x08006154   0x08006154   0x00000058   Code   RO          164    .text.USBD_FS_ConfigStrDescriptor  usbd_desc.o
    0x080061ac   0x080061ac   0x00000022   Code   RO          154    .text.USBD_FS_DeviceDescriptor  usbd_desc.o
    0x080061ce   0x080061ce   0x00000002   PAD
    0x080061d0   0x080061d0   0x00000058   Code   RO          166    .text.USBD_FS_InterfaceStrDescriptor  usbd_desc.o
    0x08006228   0x08006228   0x00000022   Code   RO          156    .text.USBD_FS_LangIDStrDescriptor  usbd_desc.o
    0x0800624a   0x0800624a   0x00000002   PAD
    0x0800624c   0x0800624c   0x0000003e   Code   RO          158    .text.USBD_FS_ManufacturerStrDescriptor  usbd_desc.o
    0x0800628a   0x0800628a   0x00000002   PAD
    0x0800628c   0x0800628c   0x00000058   Code   RO          160    .text.USBD_FS_ProductStrDescriptor  usbd_desc.o
    0x080062e4   0x080062e4   0x0000002c   Code   RO          162    .text.USBD_FS_SerialStrDescriptor  usbd_desc.o
    0x08006310   0x08006310   0x00000070   Code   RO         1500    .text.USBD_GetConfig  usbd_ctlreq.o
    0x08006380   0x08006380   0x00000218   Code   RO         1494    .text.USBD_GetDescriptor  usbd_ctlreq.o
    0x08006598   0x08006598   0x00000034   Code   RO         1518    .text.USBD_GetLen   usbd_ctlreq.o
    0x080065cc   0x080065cc   0x0000006e   Code   RO         1502    .text.USBD_GetStatus  usbd_ctlreq.o
    0x0800663a   0x0800663a   0x00000002   PAD
    0x0800663c   0x0800663c   0x0000009e   Code   RO         1516    .text.USBD_GetString  usbd_ctlreq.o
    0x080066da   0x080066da   0x00000002   PAD
    0x080066dc   0x080066dc   0x00000056   Code   RO          216    .text.USBD_Get_USB_Status  usbd_conf.o
    0x08006732   0x08006732   0x00000002   PAD
    0x08006734   0x08006734   0x00000028   Code   RO         1557    .text.USBD_HID_DataIn  usbd_hid.o
    0x0800675c   0x0800675c   0x0000003c   Code   RO         1559    .text.USBD_HID_DataOut  usbd_hid.o
    0x08006798   0x08006798   0x0000005c   Code   RO         1553    .text.USBD_HID_DeInit  usbd_hid.o
    0x080067f4   0x080067f4   0x0000001a   Code   RO         1567    .text.USBD_HID_GetDeviceQualifierDesc  usbd_hid.o
    0x0800680e   0x0800680e   0x00000002   PAD
    0x08006810   0x08006810   0x0000001a   Code   RO         1563    .text.USBD_HID_GetFSCfgDesc  usbd_hid.o
    0x0800682a   0x0800682a   0x00000002   PAD
    0x0800682c   0x0800682c   0x0000001a   Code   RO         1561    .text.USBD_HID_GetHSCfgDesc  usbd_hid.o
    0x08006846   0x08006846   0x00000002   PAD
    0x08006848   0x08006848   0x0000001a   Code   RO         1565    .text.USBD_HID_GetOtherSpeedCfgDesc  usbd_hid.o
    0x08006862   0x08006862   0x00000002   PAD
    0x08006864   0x08006864   0x000000aa   Code   RO         1551    .text.USBD_HID_Init  usbd_hid.o
    0x0800690e   0x0800690e   0x00000002   PAD
    0x08006910   0x08006910   0x0000005a   Code   RO         1569    .text.USBD_HID_SendReport  usbd_hid.o
    0x0800696a   0x0800696a   0x00000002   PAD
    0x0800696c   0x0800696c   0x000001fe   Code   RO         1555    .text.USBD_HID_Setup  usbd_hid.o
    0x08006b6a   0x08006b6a   0x00000002   PAD
    0x08006b6c   0x08006b6c   0x000000ac   Code   RO         1443    .text.USBD_Init     usbd_core.o
    0x08006c18   0x08006c18   0x00000042   Code   RO          230    .text.USBD_LL_ClearStallEP  usbd_conf.o
    0x08006c5a   0x08006c5a   0x00000002   PAD
    0x08006c5c   0x08006c5c   0x00000042   Code   RO          224    .text.USBD_LL_CloseEP  usbd_conf.o
    0x08006c9e   0x08006c9e   0x00000002   PAD
    0x08006ca0   0x08006ca0   0x0000019e   Code   RO         1463    .text.USBD_LL_DataInStage  usbd_core.o
    0x08006e3e   0x08006e3e   0x00000002   PAD
    0x08006e40   0x08006e40   0x00000126   Code   RO         1461    .text.USBD_LL_DataOutStage  usbd_core.o
    0x08006f66   0x08006f66   0x00000002   PAD
    0x08006f68   0x08006f68   0x0000000e   Code   RO         1479    .text.USBD_LL_DevConnected  usbd_core.o
    0x08006f76   0x08006f76   0x00000002   PAD
    0x08006f78   0x08006f78   0x0000002a   Code   RO         1481    .text.USBD_LL_DevDisconnected  usbd_core.o
    0x08006fa2   0x08006fa2   0x00000002   PAD
    0x08006fa4   0x08006fa4   0x00000024   Code   RO          240    .text.USBD_LL_GetRxDataSize  usbd_conf.o
    0x08006fc8   0x08006fc8   0x00000092   Code   RO          212    .text.USBD_LL_Init  usbd_conf.o
    0x0800705a   0x0800705a   0x00000002   PAD
    0x0800705c   0x0800705c   0x00000064   Code   RO          232    .text.USBD_LL_IsStallEP  usbd_conf.o
    0x080070c0   0x080070c0   0x00000016   Code   RO         1475    .text.USBD_LL_IsoINIncomplete  usbd_core.o
    0x080070d6   0x080070d6   0x00000002   PAD
    0x080070d8   0x080070d8   0x00000016   Code   RO         1477    .text.USBD_LL_IsoOUTIncomplete  usbd_core.o
    0x080070ee   0x080070ee   0x00000002   PAD
    0x080070f0   0x080070f0   0x0000005e   Code   RO          222    .text.USBD_LL_OpenEP  usbd_conf.o
    0x0800714e   0x0800714e   0x00000002   PAD
    0x08007150   0x08007150   0x0000005a   Code   RO          238    .text.USBD_LL_PrepareReceive  usbd_conf.o
    0x080071aa   0x080071aa   0x00000002   PAD
    0x080071ac   0x080071ac   0x00000094   Code   RO         1465    .text.USBD_LL_Reset  usbd_core.o
    0x08007240   0x08007240   0x00000018   Code   RO         1471    .text.USBD_LL_Resume  usbd_core.o
    0x08007258   0x08007258   0x0000003a   Code   RO         1473    .text.USBD_LL_SOF   usbd_core.o
    0x08007292   0x08007292   0x00000002   PAD
    0x08007294   0x08007294   0x0000001e   Code   RO         1467    .text.USBD_LL_SetSpeed  usbd_core.o
    0x080072b2   0x080072b2   0x00000002   PAD
    0x080072b4   0x080072b4   0x00000042   Code   RO          234    .text.USBD_LL_SetUSBAddress  usbd_conf.o
    0x080072f6   0x080072f6   0x00000002   PAD
    0x080072f8   0x080072f8   0x00000094   Code   RO         1459    .text.USBD_LL_SetupStage  usbd_core.o
    0x0800738c   0x0800738c   0x00000042   Code   RO          228    .text.USBD_LL_StallEP  usbd_conf.o
    0x080073ce   0x080073ce   0x00000002   PAD
    0x080073d0   0x080073d0   0x00000036   Code   RO          218    .text.USBD_LL_Start  usbd_conf.o
    0x08007406   0x08007406   0x00000002   PAD
    0x08007408   0x08007408   0x00000020   Code   RO         1469    .text.USBD_LL_Suspend  usbd_core.o
    0x08007428   0x08007428   0x0000005a   Code   RO          236    .text.USBD_LL_Transmit  usbd_conf.o
    0x08007482   0x08007482   0x00000002   PAD
    0x08007484   0x08007484   0x0000004c   Code   RO         1514    .text.USBD_ParseSetupRequest  usbd_ctlreq.o
    0x080074d0   0x080074d0   0x0000006e   Code   RO         1447    .text.USBD_RegisterClass  usbd_core.o
    0x0800753e   0x0800753e   0x00000002   PAD
    0x08007540   0x08007540   0x0000000e   Code   RO         1453    .text.USBD_RunTestMode  usbd_core.o
    0x0800754e   0x0800754e   0x00000002   PAD
    0x08007550   0x08007550   0x000000a0   Code   RO         1496    .text.USBD_SetAddress  usbd_ctlreq.o
    0x080075f0   0x080075f0   0x00000050   Code   RO         1455    .text.USBD_SetClassConfig  usbd_core.o
    0x08007640   0x08007640   0x00000168   Code   RO         1498    .text.USBD_SetConfig  usbd_ctlreq.o
    0x080077a8   0x080077a8   0x00000030   Code   RO         1504    .text.USBD_SetFeature  usbd_ctlreq.o
    0x080077d8   0x080077d8   0x0000001a   Code   RO         1449    .text.USBD_Start    usbd_core.o
    0x080077f2   0x080077f2   0x00000002   PAD
    0x080077f4   0x080077f4   0x000000ce   Code   RO         1492    .text.USBD_StdDevReq  usbd_ctlreq.o
    0x080078c2   0x080078c2   0x00000002   PAD
    0x080078c4   0x080078c4   0x00000386   Code   RO         1512    .text.USBD_StdEPReq  usbd_ctlreq.o
    0x08007c4a   0x08007c4a   0x00000002   PAD
    0x08007c4c   0x08007c4c   0x000000ae   Code   RO         1510    .text.USBD_StdItfReq  usbd_ctlreq.o
    0x08007cfa   0x08007cfa   0x00000002   PAD
    0x08007cfc   0x08007cfc   0x000000e8   Code   RO          369    .text.USB_ActivateEndpoint  stm32f4xx_ll_usb.o
    0x08007de4   0x08007de4   0x00000050   Code   RO          411    .text.USB_ActivateSetup  stm32f4xx_ll_usb.o
    0x08007e34   0x08007e34   0x0000010c   Code   RO          347    .text.USB_CoreInit  stm32f4xx_ll_usb.o
    0x08007f40   0x08007f40   0x00000082   Code   RO          349    .text.USB_CoreReset  stm32f4xx_ll_usb.o
    0x08007fc2   0x08007fc2   0x00000002   PAD
    0x08007fc4   0x08007fc4   0x000000d8   Code   RO          373    .text.USB_DeactivateEndpoint  stm32f4xx_ll_usb.o
    0x0800809c   0x0800809c   0x00000028   Code   RO          393    .text.USB_DevConnect  stm32f4xx_ll_usb.o
    0x080080c4   0x080080c4   0x00000028   Code   RO          395    .text.USB_DevDisconnect  stm32f4xx_ll_usb.o
    0x080080ec   0x080080ec   0x00000306   Code   RO          359    .text.USB_DevInit   stm32f4xx_ll_usb.o
    0x080083f2   0x080083f2   0x00000002   PAD
    0x080083f4   0x080083f4   0x00000018   Code   RO          355    .text.USB_DisableGlobalInt  stm32f4xx_ll_usb.o
    0x0800840c   0x0800840c   0x0000020c   Code   RO          381    .text.USB_EP0StartXfer  stm32f4xx_ll_usb.o
    0x08008618   0x08008618   0x000000b2   Code   RO          413    .text.USB_EP0_OutStart  stm32f4xx_ll_usb.o
    0x080086ca   0x080086ca   0x00000002   PAD
    0x080086cc   0x080086cc   0x000000a8   Code   RO          387    .text.USB_EPClearStall  stm32f4xx_ll_usb.o
    0x08008774   0x08008774   0x000000b8   Code   RO          385    .text.USB_EPSetStall  stm32f4xx_ll_usb.o
    0x0800882c   0x0800882c   0x00000386   Code   RO          377    .text.USB_EPStartXfer  stm32f4xx_ll_usb.o
    0x08008bb2   0x08008bb2   0x00000002   PAD
    0x08008bb4   0x08008bb4   0x00000018   Code   RO          353    .text.USB_EnableGlobalInt  stm32f4xx_ll_usb.o
    0x08008bcc   0x08008bcc   0x00000050   Code   RO          365    .text.USB_FlushRxFifo  stm32f4xx_ll_usb.o
    0x08008c1c   0x08008c1c   0x0000005a   Code   RO          363    .text.USB_FlushTxFifo  stm32f4xx_ll_usb.o
    0x08008c76   0x08008c76   0x00000002   PAD
    0x08008c78   0x08008c78   0x00000052   Code   RO          367    .text.USB_GetDevSpeed  stm32f4xx_ll_usb.o
    0x08008cca   0x08008cca   0x00000002   PAD
    0x08008ccc   0x08008ccc   0x00000014   Code   RO          409    .text.USB_GetMode   stm32f4xx_ll_usb.o
    0x08008ce0   0x08008ce0   0x00000028   Code   RO          401    .text.USB_ReadDevAllInEpInterrupt  stm32f4xx_ll_usb.o
    0x08008d08   0x08008d08   0x00000028   Code   RO          399    .text.USB_ReadDevAllOutEpInterrupt  stm32f4xx_ll_usb.o
    0x08008d30   0x08008d30   0x00000056   Code   RO          405    .text.USB_ReadDevInEPInterrupt  stm32f4xx_ll_usb.o
    0x08008d86   0x08008d86   0x00000002   PAD
    0x08008d88   0x08008d88   0x00000036   Code   RO          403    .text.USB_ReadDevOutEPInterrupt  stm32f4xx_ll_usb.o
    0x08008dbe   0x08008dbe   0x00000002   PAD
    0x08008dc0   0x08008dc0   0x0000001e   Code   RO          397    .text.USB_ReadInterrupts  stm32f4xx_ll_usb.o
    0x08008dde   0x08008dde   0x00000002   PAD
    0x08008de0   0x08008de0   0x00000060   Code   RO          383    .text.USB_ReadPacket  stm32f4xx_ll_usb.o
    0x08008e40   0x08008e40   0x00000068   Code   RO          357    .text.USB_SetCurrentMode  stm32f4xx_ll_usb.o
    0x08008ea8   0x08008ea8   0x0000003e   Code   RO          391    .text.USB_SetDevAddress  stm32f4xx_ll_usb.o
    0x08008ee6   0x08008ee6   0x00000002   PAD
    0x08008ee8   0x08008ee8   0x0000002c   Code   RO          361    .text.USB_SetDevSpeed  stm32f4xx_ll_usb.o
    0x08008f14   0x08008f14   0x000001ce   Code   RO          351    .text.USB_SetTurnaroundTime  stm32f4xx_ll_usb.o
    0x080090e2   0x080090e2   0x00000002   PAD
    0x080090e4   0x080090e4   0x00000082   Code   RO          379    .text.USB_WritePacket  stm32f4xx_ll_usb.o
    0x08009166   0x08009166   0x00000002   PAD
    0x08009168   0x08009168   0x0000000e   Code   RO           17    .text.USBhandshakeDone  main.o
    0x08009176   0x08009176   0x00000002   PAD
    0x08009178   0x08009178   0x00000004   Code   RO          103    .text.UsageFault_Handler  stm32f4xx_it.o
    0x0800917c   0x0800917c   0x00000036   Code   RO          777    .text.__NVIC_EnableIRQ  stm32f4xx_hal_cortex.o
    0x080091b2   0x080091b2   0x00000002   PAD
    0x080091b4   0x080091b4   0x00000010   Code   RO          769    .text.__NVIC_GetPriorityGrouping  stm32f4xx_hal_cortex.o
    0x080091c4   0x080091c4   0x0000004a   Code   RO          771    .text.__NVIC_SetPriority  stm32f4xx_hal_cortex.o
    0x0800920e   0x0800920e   0x00000002   PAD
    0x08009210   0x08009210   0x00000040   Code   RO          765    .text.__NVIC_SetPriorityGrouping  stm32f4xx_hal_cortex.o
    0x08009250   0x08009250   0x00000194   Code   RO           11    .text.main          main.o
    0x080093e4   0x080093e4   0x00000020   Code   RO         1598    i.__0printf         mc_w.l(printfa.o)
    0x08009404   0x08009404   0x0000000e   Code   RO         1705    i.__scatterload_copy  mc_w.l(handlers.o)
    0x08009412   0x08009412   0x00000002   Code   RO         1706    i.__scatterload_null  mc_w.l(handlers.o)
    0x08009414   0x08009414   0x0000000e   Code   RO         1707    i.__scatterload_zeroinit  mc_w.l(handlers.o)
    0x08009422   0x08009422   0x00000002   PAD
    0x08009424   0x08009424   0x00000184   Code   RO         1605    i._fp_digits        mc_w.l(printfa.o)
    0x080095a8   0x080095a8   0x000006dc   Code   RO         1606    i._printf_core      mc_w.l(printfa.o)
    0x08009c84   0x08009c84   0x00000024   Code   RO         1607    i._printf_post_padding  mc_w.l(printfa.o)
    0x08009ca8   0x08009ca8   0x0000002e   Code   RO         1608    i._printf_pre_padding  mc_w.l(printfa.o)
    0x08009cd6   0x08009cd6   0x00000012   Code   RO         1667    i.fputc             mc_w.l(fputc.o)
    0x08009ce8   0x08009ce8   0x00000050   Code   RO         1625    i.free              mc_w.l(malloc.o)
    0x08009d38   0x08009d38   0x0000006c   Code   RO         1626    i.malloc            mc_w.l(malloc.o)
    0x08009da4   0x08009da4   0x00000010   Data   RO         1433    .rodata.AHBPrescTable  system_stm32f4xx.o
    0x08009db4   0x08009db4   0x00000008   Data   RO         1434    .rodata.APBPrescTable  system_stm32f4xx.o
    0x08009dbc   0x08009dbc   0x00000008   Data   RO          684    .rodata.DMA_CalcBaseAndBitshift.flagBitshiftOffset  stm32f4xx_hal_dma.o
    0x08009dc4   0x08009dc4   0x00000040   Data   RO           31    .rodata.initcmd1    main.o
    0x08009e04   0x08009e04   0x00000040   Data   RO           32    .rodata.initcmd2    main.o
    0x08009e44   0x08009e44   0x00000500   Data   RO           33    .rodata.initcmd21   main.o
    0x0800a344   0x0800a344   0x0000003b   Data   RO          176    .rodata.str1.1      usbd_desc.o
    0x0800a37f   0x0800a37f   0x00000035   Data   RO         1483    .rodata.str1.1      usbd_core.o
    0x0800a3b4   0x0800a3b4   0x00000020   Data   RO         1704    Region$$Table       anon$$obj.o


    Execution Region RW_IRAM1 (Exec base: 0x20000000, Load base: 0x0800a3d8, Size: 0x000012d8, Max: 0x00020000, ABSOLUTE, COMPRESSED[0x00000148])

    Exec Addr    Load Addr    Size         Type   Attr      Idx    E Section Name        Object

    0x20000000   COMPRESSED   0x00000004   Data   RW         1671    .data               mc_w.l(stdout.o)
    0x20000004   COMPRESSED   0x00000004   Data   RW         1682    .data               mc_w.l(mvars.o)
    0x20000008   COMPRESSED   0x00000004   Data   RW         1683    .data               mc_w.l(mvars.o)
    0x2000000c   COMPRESSED   0x0000001c   Data   RW          172    .data.FS_Desc       usbd_desc.o
    0x20000028   COMPRESSED   0x000000cb   Data   RW         1577    .data.HID_MOUSE_ReportDesc  usbd_hid.o
    0x200000f3   COMPRESSED   0x00000001   PAD
    0x200000f4   COMPRESSED   0x00000004   Data   RW         1432    .data.SystemCoreClock  system_stm32f4xx.o
    0x200000f8   COMPRESSED   0x00000012   Data   RW          173    .data.USBD_FS_DeviceDesc  usbd_desc.o
    0x2000010a   COMPRESSED   0x00000002   PAD
    0x2000010c   COMPRESSED   0x00000038   Data   RW         1575    .data.USBD_HID      usbd_hid.o
    0x20000144   COMPRESSED   0x00000029   Data   RW         1579    .data.USBD_HID_CfgFSDesc  usbd_hid.o
    0x2000016d   COMPRESSED   0x00000003   PAD
    0x20000170   COMPRESSED   0x00000029   Data   RW         1580    .data.USBD_HID_CfgHSDesc  usbd_hid.o
    0x20000199   COMPRESSED   0x00000003   PAD
    0x2000019c   COMPRESSED   0x00000009   Data   RW         1578    .data.USBD_HID_Desc  usbd_hid.o
    0x200001a5   COMPRESSED   0x00000003   PAD
    0x200001a8   COMPRESSED   0x0000000a   Data   RW         1582    .data.USBD_HID_DeviceQualifierDesc  usbd_hid.o
    0x200001b2   COMPRESSED   0x00000002   PAD
    0x200001b4   COMPRESSED   0x00000029   Data   RW         1581    .data.USBD_HID_OtherSpeedCfgDesc  usbd_hid.o
    0x200001dd   COMPRESSED   0x00000003   PAD
    0x200001e0   COMPRESSED   0x00000004   Data   RW          174    .data.USBD_LangIDDesc  usbd_desc.o
    0x200001e4   COMPRESSED   0x0000001a   Data   RW          175    .data.USBD_StringSerial  usbd_desc.o
    0x200001fe   COMPRESSED   0x00000040   Data   RW           30    .data.hidreport     main.o
    0x2000023e   COMPRESSED   0x00000001   Data   RW          890    .data.uwTickFreq    stm32f4xx_hal.o
    0x2000023f   COMPRESSED   0x00000001   PAD
    0x20000240   COMPRESSED   0x00000004   Data   RW          889    .data.uwTickPrio    stm32f4xx_hal.o
    0x20000244   COMPRESSED   0x00000004   PAD
    0x20000248        -       0x00000004   Zero   RW           27    .bss.RXFlag         main.o
    0x2000024c        -       0x00000001   Zero   RW           26    .bss.TXFlag         main.o
    0x2000024d        -       0x00000001   Zero   RW         1520    .bss.USBD_SetConfig.cfgidx  usbd_ctlreq.o
    0x2000024e   COMPRESSED   0x00000002   PAD
    0x20000250        -       0x00000200   Zero   RW          177    .bss.USBD_StrDesc   usbd_desc.o
    0x20000450        -       0x00000001   Zero   RW           25    .bss.USBHandshakeFlag  main.o
    0x20000451   COMPRESSED   0x00000003   PAD
    0x20000454        -       0x0000029c   Zero   RW          146    .bss.hUsbDeviceFS   usb_device.o
    0x200006f0        -       0x00000060   Zero   RW           67    .bss.hdma_i2c1_rx   i2c.o
    0x20000750        -       0x00000060   Zero   RW           68    .bss.hdma_i2c1_tx   i2c.o
    0x200007b0        -       0x00000054   Zero   RW           66    .bss.hi2c1          i2c.o
    0x20000804        -       0x00000408   Zero   RW          244    .bss.hpcd_USB_OTG_FS  usbd_conf.o
    0x20000c0c        -       0x00000040   Zero   RW           85    .bss.htim10         tim.o
    0x20000c4c        -       0x00000040   Zero   RW           86    .bss.htim11         tim.o
    0x20000c8c        -       0x00000001   Zero   RW           28    .bss.initcmd21_ptr  main.o
    0x20000c8d        -       0x00000001   Zero   RW           29    .bss.tickcounter    main.o
    0x20000c8e        -       0x00000040   Zero   RW         1576    .bss.usb_rx_buffer  usbd_hid.o
    0x20000cce   COMPRESSED   0x00000002   PAD
    0x20000cd0        -       0x00000004   Zero   RW          891    .bss.uwTick         stm32f4xx_hal.o
    0x20000cd4   COMPRESSED   0x00000004   PAD
    0x20000cd8        -       0x00000200   Zero   RW            2    HEAP                startup_stm32f411xe.o
    0x20000ed8        -       0x00000400   Zero   RW            1    STACK               startup_stm32f411xe.o


==============================================================================

Image component sizes


      Code (inc. data)   RO Data    RW Data    ZI Data      Debug   Object Name

        82          0          0          0          0       2835   dma.o
       310          0          0          0          0       2209   gpio.o
       424          0          0          0        276       6666   i2c.o
       934          0       1408         64          8       6423   main.o
        36          8        408          0       1536        816   startup_stm32f411xe.o
       296          0          0          5          4       6731   stm32f4xx_hal.o
       566          0          0          0          0       9004   stm32f4xx_hal_cortex.o
      1668          8          8          0          0       8453   stm32f4xx_hal_dma.o
      1014          0          0          0          0       5113   stm32f4xx_hal_gpio.o
      7098          0          0          0          0      36484   stm32f4xx_hal_i2c.o
        78          0          0          0          0       1517   stm32f4xx_hal_msp.o
      4960          0          0          0          0      13145   stm32f4xx_hal_pcd.o
       228          0          0          0          0       4093   stm32f4xx_hal_pcd_ex.o
      2738          0          0          0          0       7652   stm32f4xx_hal_rcc.o
      1178          0          0          0          0      31500   stm32f4xx_hal_tim.o
        24          0          0          0          0      12716   stm32f4xx_hal_tim_ex.o
       150          0          0          0          0       1722   stm32f4xx_it.o
      5204          0          0          0          0      18058   stm32f4xx_ll_usb.o
        32          0         24          4          0       2572   system_stm32f4xx.o
       282          0          0          0        128       6028   tim.o
        94          0          0          0        668       2818   usb_device.o
      1622          4          0          0       1032      13330   usbd_conf.o
      1700          0         53          0          0       6579   usbd_core.o
      3012         24          0          0          1       7271   usbd_ctlreq.o
       640          0         59         76        512       3042   usbd_desc.o
      1066         22          0        401         64       5996   usbd_hid.o
       294          0          0          0          0       3902   usbd_ioreq.o

    ----------------------------------------------------------------------
     35968         66       1992        568       4244     226675   Object Totals
         0          0         32          0          0          0   (incl. Generated)
       238          0          0         18         15          0   (incl. Padding)

    ----------------------------------------------------------------------

      Code (inc. data)   RO Data    RW Data    ZI Data      Debug   Library Member Name

        86          0          0          0          0          0   __dczerorl2.o
         0          0          0          0          0          0   entry.o
         0          0          0          0          0          0   entry10a.o
         0          0          0          0          0          0   entry11a.o
         8          4          0          0          0          0   entry2.o
         4          0          0          0          0          0   entry5.o
         0          0          0          0          0          0   entry7b.o
         0          0          0          0          0          0   entry8b.o
         8          4          0          0          0          0   entry9a.o
        18          0          0          0          0         80   fputc.o
        30          0          0          0          0          0   handlers.o
        36          8          0          0          0         68   init.o
         0          0          0          0          0          0   iusefp.o
         0          0          0          0          0          0   iusesemip.o
        30          0          0          0          0         68   llshl.o
        36          0          0          0          0         68   llsshr.o
        32          0          0          0          0         68   llushr.o
       188         20          0          0          0        160   malloc.o
        36          0          0          0          0        108   memseta.o
         0          0          0          8          0          0   mvars.o
      2258         90          0          0          0        452   printfa.o
         0          0          0          0          0          0   semi.o
         0          0          0          4          0          0   stdout.o
        44          0          0          0          0         80   uidiv.o
        98          0          0          0          0         92   uldiv.o
        48          0          0          0          0         68   cdrcmple.o
       334          0          0          0          0        148   dadd.o
       222          0          0          0          0        100   ddiv.o
       186          0          0          0          0        176   depilogue.o
        48          0          0          0          0         68   dfixul.o
       228          0          0          0          0         96   dmul.o

    ----------------------------------------------------------------------
      3980        126          0         12          0       1900   Library Totals
         2          0          0          0          0          0   (incl. Padding)

    ----------------------------------------------------------------------

      Code (inc. data)   RO Data    RW Data    ZI Data      Debug   Library Name

      2912        126          0         12          0       1244   mc_w.l
      1066          0          0          0          0        656   mf_w.l

    ----------------------------------------------------------------------
      3980        126          0         12          0       1900   Library Totals

    ----------------------------------------------------------------------

==============================================================================


      Code (inc. data)   RO Data    RW Data    ZI Data      Debug   

     39948        192       1992        580       4244     227471   Grand Totals
     39948        192       1992        328       4244     227471   ELF Image Totals (compressed)
     39948        192       1992        328          0          0   ROM Totals

==============================================================================

    Total RO  Size (Code + RO Data)                41940 (  40.96kB)
    Total RW  Size (RW Data + ZI Data)              4824 (   4.71kB)
    Total ROM Size (Code + RO Data + RW Data)      42268 (  41.28kB)

==============================================================================

